04-02 14:45:03.910 E/[wifi@1][0x176da61507c][09:15:04.243328] qca6490( 1636): [1636:E:OSIF] wlan_hdd_set_station_stats_request_pending: peer is null
04-02 14:45:04.114 I/[GTP-INF][goodix_ts_report_finger] ACTION_DOWN( 1049): 1, 1, id[0], x 586, y 2385, w 26
04-02 14:45:04.211 I/richtap_file_unlocked_ioctl( 4619): cmd=0x5205, arg=0x7f
04-02 14:45:04.212 I/richtap_file_unlocked_ioctl( 4617): cmd=0x5205, arg=0x7f
04-02 14:45:04.212 I/richtap_file_unlocked_ioctl( 4617): cmd=0x520a, arg=0x0
04-02 14:45:04.213 I/[haptic_hv][0279]aw8692x_wait_enter_standby( 4617): entered standby!
04-02 14:45:04.213 I/[haptic_hv][0423]aw8692x_upload_lra( 4617): write osc_cali_data to trim_lra = 0x00
04-02 14:45:04.219 I/        ( 6846): richtap_rtp_work rtp 1837 tm_len = 408
04-02 14:45:04.219 I/[haptic_hv][0344]aw8692x_play_mode( 6846): enter rtp mode
04-02 14:45:04.220 I/[haptic_hv][0293]aw8692x_bst_mode_config( 6846): haptic bst mode = bst
04-02 14:45:04.221 I/[haptic_hv][0260]aw8692x_play_go( 6846): enter, flag = 1
04-02 14:45:04.221 I/richtap_rtp_start( 6846): wait for RTP_GO, glb_state=0x01
04-02 14:45:04.224 I/richtap_rtp_start( 6846): RTP_GO! glb_state=0x08
04-02 14:45:04.224 I/        ( 6846): richtap_rtp_work start richtap play
04-02 14:45:04.306 I/        ( 1049): [GTP-INF][goodix_ts_report_finger] ACTION_UP
04-02 14:45:04.317 E/simulated_ntc( 4625): proc_shell_write write invalid para
04-02 14:45:04.429 I/[GTP-INF][goodix_ts_report_finger] ACTION_DOWN( 1049): 1, 1, id[0], x 486, y 1565, w 44
04-02 14:45:04.486 I/        ( 1049): [GTP-INF][goodix_ts_report_finger] ACTION_UP
04-02 14:45:04.920 I/goodix_fp(  902): [info] goodix_panel_state_chg_callback go to the goodix_fb_state_chg_callback type = 4
04-02 14:45:04.920 I/goodix_fp(  902): goodix_panel_state_chg_callback defalut
04-02 14:45:04.921 I/[drm:dsi_display_set_mode [msm_drm]] [msm-dsi-info](  902): mdp_transfer_time=5883, hactive=1080, vactive=2412, fps=90, clk_rate=897000000
04-02 14:45:05.196 I/[GTP-INF][goodix_ts_report_finger] ACTION_DOWN( 1049): 1, 1, id[0], x 626, y 2094, w 30
04-02 14:45:05.216 I/richtap_file_unlocked_ioctl( 4619): cmd=0x5205, arg=0x7f
04-02 14:45:05.217 I/richtap_file_unlocked_ioctl( 4617): cmd=0x5205, arg=0x7f
04-02 14:45:05.218 I/richtap_file_unlocked_ioctl( 4617): cmd=0x520a, arg=0x0
04-02 14:45:05.218 I/[haptic_hv][0279]aw8692x_wait_enter_standby( 4617): entered standby!
04-02 14:45:05.218 I/[haptic_hv][0423]aw8692x_upload_lra( 4617): write osc_cali_data to trim_lra = 0x00
04-02 14:45:05.227 I/        ( 6846): richtap_rtp_work rtp 1837 tm_len = 408
04-02 14:45:05.227 I/[haptic_hv][0344]aw8692x_play_mode( 6846): enter rtp mode
04-02 14:45:05.229 I/[haptic_hv][0293]aw8692x_bst_mode_config( 6846): haptic bst mode = bst
04-02 14:45:05.229 I/[haptic_hv][0260]aw8692x_play_go( 6846): enter, flag = 1
04-02 14:45:05.230 I/richtap_rtp_start( 6846): wait for RTP_GO, glb_state=0x01
04-02 14:45:05.233 I/richtap_rtp_start( 6846): RTP_GO! glb_state=0x08
04-02 14:45:05.233 I/        ( 6846): richtap_rtp_work start richtap play
04-02 14:45:05.313 I/        ( 1049): [GTP-INF][goodix_ts_report_finger] ACTION_UP
04-02 14:45:05.561 I/[GTP-INF][goodix_ts_report_finger] ACTION_DOWN( 1049): 1, 1, id[0], x 412, y 1805, w 34
04-02 14:45:05.578 I/richtap_file_unlocked_ioctl( 4619): cmd=0x5205, arg=0x7f
04-02 14:45:05.580 I/richtap_file_unlocked_ioctl( 4617): cmd=0x5205, arg=0x7f
04-02 14:45:05.580 I/richtap_file_unlocked_ioctl( 4617): cmd=0x520a, arg=0x0
04-02 14:45:05.581 I/[haptic_hv][0279]aw8692x_wait_enter_standby( 4617): entered standby!
04-02 14:45:05.581 I/[haptic_hv][0423]aw8692x_upload_lra( 4617): write osc_cali_data to trim_lra = 0x00
04-02 14:45:05.587 I/        ( 6860): richtap_rtp_work rtp 1837 tm_len = 408
04-02 14:45:05.587 I/[haptic_hv][0344]aw8692x_play_mode( 6860): enter rtp mode
04-02 14:45:05.587 I/[haptic_hv][0293]aw8692x_bst_mode_config( 6860): haptic bst mode = bst
04-02 14:45:05.588 I/[haptic_hv][0260]aw8692x_play_go( 6860): enter, flag = 1
04-02 14:45:05.589 I/richtap_rtp_start( 6860): wait for RTP_GO, glb_state=0x01
04-02 14:45:05.592 I/richtap_rtp_start( 6860): RTP_GO! glb_state=0x08
04-02 14:45:05.592 I/        ( 6860): richtap_rtp_work start richtap play
04-02 14:45:05.657 I/        ( 1049): [GTP-INF][goodix_ts_report_finger] ACTION_UP
04-02 14:45:05.746 I/[GTP-INF][goodix_ts_report_finger] ACTION_DOWN( 1049): 1, 1, id[0], x 290, y 1773, w 37
04-02 14:45:05.762 I/richtap_file_unlocked_ioctl( 4619): cmd=0x5205, arg=0x7f
04-02 14:45:05.763 I/richtap_file_unlocked_ioctl( 4617): cmd=0x5205, arg=0x7f
04-02 14:45:05.764 I/richtap_file_unlocked_ioctl( 4617): cmd=0x520a, arg=0x0
04-02 14:45:05.764 I/[haptic_hv][0279]aw8692x_wait_enter_standby( 4617): entered standby!
04-02 14:45:05.764 I/[haptic_hv][0423]aw8692x_upload_lra( 4617): write osc_cali_data to trim_lra = 0x00
04-02 14:45:05.771 I/        ( 6861): richtap_rtp_work rtp 1837 tm_len = 408
04-02 14:45:05.771 I/[haptic_hv][0344]aw8692x_play_mode( 6861): enter rtp mode
04-02 14:45:05.773 I/[haptic_hv][0293]aw8692x_bst_mode_config( 6861): haptic bst mode = bst
04-02 14:45:05.774 I/[haptic_hv][0260]aw8692x_play_go( 6861): enter, flag = 1
04-02 14:45:05.775 I/richtap_rtp_start( 6861): wait for RTP_GO, glb_state=0x01
04-02 14:45:05.778 I/richtap_rtp_start( 6861): RTP_GO! glb_state=0x08
04-02 14:45:05.778 I/        ( 6861): richtap_rtp_work start richtap play
04-02 14:45:05.816 I/        ( 1049): [GTP-INF][goodix_ts_report_finger] ACTION_UP
04-02 14:45:05.871 I/[GTP-INF][goodix_ts_report_finger] ACTION_DOWN( 1049): 1, 1, id[0], x 60, y 1970, w 17
04-02 14:45:05.889 I/richtap_file_unlocked_ioctl( 4619): cmd=0x5205, arg=0x7f
04-02 14:45:05.890 I/richtap_file_unlocked_ioctl( 4617): cmd=0x5205, arg=0x7f
04-02 14:45:05.890 I/richtap_file_unlocked_ioctl( 4617): cmd=0x520a, arg=0x0
04-02 14:45:05.891 I/[haptic_hv][0279]aw8692x_wait_enter_standby( 4617): entered standby!
04-02 14:45:05.891 I/[haptic_hv][0423]aw8692x_upload_lra( 4617): write osc_cali_data to trim_lra = 0x00
04-02 14:45:05.899 I/        ( 6860): richtap_rtp_work rtp 1837 tm_len = 408
04-02 14:45:05.899 I/[haptic_hv][0344]aw8692x_play_mode( 6860): enter rtp mode
04-02 14:45:05.900 I/[haptic_hv][0293]aw8692x_bst_mode_config( 6860): haptic bst mode = bst
04-02 14:45:05.901 I/[haptic_hv][0260]aw8692x_play_go( 6860): enter, flag = 1
04-02 14:45:05.902 I/richtap_rtp_start( 6860): wait for RTP_GO, glb_state=0x01
04-02 14:45:05.905 I/richtap_rtp_start( 6860): RTP_GO! glb_state=0x08
04-02 14:45:05.905 I/        ( 6860): richtap_rtp_work start richtap play
04-02 14:45:05.988 I/        ( 1049): [GTP-INF][goodix_ts_report_finger] ACTION_UP
04-02 14:45:06.039 I/[GTP-INF][goodix_ts_report_finger] ACTION_DOWN( 1049): 1, 1, id[0], x 763, y 1954, w 21
04-02 14:45:06.055 I/richtap_file_unlocked_ioctl( 4619): cmd=0x5205, arg=0x7f
04-02 14:45:06.056 I/richtap_file_unlocked_ioctl( 4617): cmd=0x5205, arg=0x7f
04-02 14:45:06.056 I/richtap_file_unlocked_ioctl( 4617): cmd=0x520a, arg=0x0
04-02 14:45:06.057 I/[haptic_hv][0279]aw8692x_wait_enter_standby( 4617): entered standby!
04-02 14:45:06.057 I/[haptic_hv][0423]aw8692x_upload_lra( 4617): write osc_cali_data to trim_lra = 0x00
04-02 14:45:06.063 I/        ( 6861): richtap_rtp_work rtp 1837 tm_len = 408
04-02 14:45:06.063 I/[haptic_hv][0344]aw8692x_play_mode( 6861): enter rtp mode
04-02 14:45:06.063 I/[haptic_hv][0293]aw8692x_bst_mode_config( 6861): haptic bst mode = bst
04-02 14:45:06.064 I/[haptic_hv][0260]aw8692x_play_go( 6861): enter, flag = 1
04-02 14:45:06.065 I/richtap_rtp_start( 6861): wait for RTP_GO, glb_state=0x01
04-02 14:45:06.068 I/richtap_rtp_start( 6861): RTP_GO! glb_state=0x08
04-02 14:45:06.068 I/        ( 6861): richtap_rtp_work start richtap play
04-02 14:45:06.110 I/        ( 1049): [GTP-INF][goodix_ts_report_finger] ACTION_UP
04-02 14:45:06.253 I/[GTP-INF][goodix_ts_report_finger] ACTION_DOWN( 1049): 1, 1, id[0], x 636, y 2243, w 29
04-02 14:45:06.269 I/richtap_file_unlocked_ioctl( 4619): cmd=0x5205, arg=0x7f
04-02 14:45:06.270 I/richtap_file_unlocked_ioctl( 4617): cmd=0x5205, arg=0x7f
04-02 14:45:06.271 I/richtap_file_unlocked_ioctl( 4617): cmd=0x520a, arg=0x0
04-02 14:45:06.272 I/[haptic_hv][0279]aw8692x_wait_enter_standby( 4617): entered standby!
04-02 14:45:06.272 I/[haptic_hv][0423]aw8692x_upload_lra( 4617): write osc_cali_data to trim_lra = 0x00
04-02 14:45:06.279 I/        ( 6861): richtap_rtp_work rtp 1837 tm_len = 408
04-02 14:45:06.279 I/[haptic_hv][0344]aw8692x_play_mode( 6861): enter rtp mode
04-02 14:45:06.279 I/[haptic_hv][0293]aw8692x_bst_mode_config( 6861): haptic bst mode = bst
04-02 14:45:06.280 I/[haptic_hv][0260]aw8692x_play_go( 6861): enter, flag = 1
04-02 14:45:06.281 I/richtap_rtp_start( 6861): wait for RTP_GO, glb_state=0x01
04-02 14:45:06.284 I/richtap_rtp_start( 6861): RTP_GO! glb_state=0x08
04-02 14:45:06.284 I/        ( 6861): richtap_rtp_work start richtap play
04-02 14:45:06.349 I/        ( 1049): [GTP-INF][goodix_ts_report_finger] ACTION_UP
04-02 14:45:06.988 I/[GTP-INF][goodix_ts_report_finger] ACTION_DOWN( 1049): 1, 1, id[0], x 996, y 1913, w 18
04-02 14:45:07.010 I/richtap_file_unlocked_ioctl( 4619): cmd=0x5205, arg=0x7f
04-02 14:45:07.011 I/richtap_file_unlocked_ioctl( 4617): cmd=0x5205, arg=0x7f
04-02 14:45:07.012 I/richtap_file_unlocked_ioctl( 4617): cmd=0x520a, arg=0x0
04-02 14:45:07.012 I/[haptic_hv][0279]aw8692x_wait_enter_standby( 4617): entered standby!
04-02 14:45:07.012 I/[haptic_hv][0423]aw8692x_upload_lra( 4617): write osc_cali_data to trim_lra = 0x00
04-02 14:45:07.019 I/        ( 6860): richtap_rtp_work rtp 1837 tm_len = 408
04-02 14:45:07.019 I/[haptic_hv][0344]aw8692x_play_mode( 6860): enter rtp mode
04-02 14:45:07.019 I/[haptic_hv][0293]aw8692x_bst_mode_config( 6860): haptic bst mode = bst
04-02 14:45:07.020 I/[haptic_hv][0260]aw8692x_play_go( 6860): enter, flag = 1
04-02 14:45:07.021 I/richtap_rtp_start( 6860): wait for RTP_GO, glb_state=0x01
04-02 14:45:07.024 I/richtap_rtp_start( 6860): RTP_GO! glb_state=0x08
04-02 14:45:07.024 I/        ( 6860): richtap_rtp_work start richtap play
04-02 14:45:07.096 I/        ( 1049): [GTP-INF][goodix_ts_report_finger] ACTION_UP
04-02 14:45:07.105 I/[GTP-INF][goodix_ts_report_finger] ACTION_DOWN( 1049): 1, 1, id[1], x 62, y 1946, w 17
04-02 14:45:07.124 I/richtap_file_unlocked_ioctl( 4619): cmd=0x5205, arg=0x7f
04-02 14:45:07.125 I/richtap_file_unlocked_ioctl( 4617): cmd=0x5205, arg=0x7f
04-02 14:45:07.125 I/richtap_file_unlocked_ioctl( 4617): cmd=0x520a, arg=0x0
04-02 14:45:07.125 I/[haptic_hv][0279]aw8692x_wait_enter_standby( 4617): entered standby!
04-02 14:45:07.126 I/[haptic_hv][0423]aw8692x_upload_lra( 4617): write osc_cali_data to trim_lra = 0x00
04-02 14:45:07.131 I/        ( 6849): richtap_rtp_work rtp 1837 tm_len = 408
04-02 14:45:07.131 I/[haptic_hv][0344]aw8692x_play_mode( 6849): enter rtp mode
04-02 14:45:07.131 I/[haptic_hv][0293]aw8692x_bst_mode_config( 6849): haptic bst mode = bst
04-02 14:45:07.132 I/[haptic_hv][0260]aw8692x_play_go( 6849): enter, flag = 1
04-02 14:45:07.133 I/richtap_rtp_start( 6849): wait for RTP_GO, glb_state=0x01
04-02 14:45:07.136 I/richtap_rtp_start( 6849): RTP_GO! glb_state=0x08
04-02 14:45:07.136 I/        ( 6849): richtap_rtp_work start richtap play
04-02 14:45:07.234 I/        ( 1049): [GTP-INF][goodix_ts_report_finger] ACTION_UP
04-02 14:45:07.247 I/[GTP-INF][goodix_ts_report_finger] ACTION_DOWN( 1049): 1, 1, id[0], x 728, y 2200, w 31
04-02 14:45:07.262 I/richtap_file_unlocked_ioctl( 4619): cmd=0x5205, arg=0x7f
04-02 14:45:07.262 I/richtap_file_unlocked_ioctl( 4617): cmd=0x5205, arg=0x7f
04-02 14:45:07.263 I/richtap_file_unlocked_ioctl( 4617): cmd=0x520a, arg=0x0
04-02 14:45:07.264 I/[haptic_hv][0279]aw8692x_wait_enter_standby( 4617): entered standby!
04-02 14:45:07.264 I/[haptic_hv][0423]aw8692x_upload_lra( 4617): write osc_cali_data to trim_lra = 0x00
04-02 14:45:07.271 I/        ( 6849): richtap_rtp_work rtp 1837 tm_len = 408
04-02 14:45:07.271 I/[haptic_hv][0344]aw8692x_play_mode( 6849): enter rtp mode
04-02 14:45:07.272 I/[haptic_hv][0293]aw8692x_bst_mode_config( 6849): haptic bst mode = bst
04-02 14:45:07.273 I/[haptic_hv][0260]aw8692x_play_go( 6849): enter, flag = 1
04-02 14:45:07.274 I/richtap_rtp_start( 6849): wait for RTP_GO, glb_state=0x01
04-02 14:45:07.277 I/richtap_rtp_start( 6849): RTP_GO! glb_state=0x08
04-02 14:45:07.277 I/        ( 6849): richtap_rtp_work start richtap play
04-02 14:45:07.351 I/        ( 1049): [GTP-INF][goodix_ts_report_finger] ACTION_UP
04-02 14:45:07.718 I/[GTP-INF][goodix_ts_report_finger] ACTION_DOWN( 1049): 1, 1, id[0], x 527, y 2054, w 38
04-02 14:45:07.734 I/richtap_file_unlocked_ioctl( 4619): cmd=0x5205, arg=0x7f
04-02 14:45:07.735 I/richtap_file_unlocked_ioctl( 4617): cmd=0x5205, arg=0x7f
04-02 14:45:07.735 I/richtap_file_unlocked_ioctl( 4617): cmd=0x520a, arg=0x0
04-02 14:45:07.735 I/[haptic_hv][0279]aw8692x_wait_enter_standby( 4617): entered standby!
04-02 14:45:07.736 I/[haptic_hv][0423]aw8692x_upload_lra( 4617): write osc_cali_data to trim_lra = 0x00
04-02 14:45:07.743 I/        ( 6849): richtap_rtp_work rtp 1837 tm_len = 408
04-02 14:45:07.743 I/[haptic_hv][0344]aw8692x_play_mode( 6849): enter rtp mode
04-02 14:45:07.743 I/[haptic_hv][0293]aw8692x_bst_mode_config( 6849): haptic bst mode = bst
04-02 14:45:07.744 I/[haptic_hv][0260]aw8692x_play_go( 6849): enter, flag = 1
04-02 14:45:07.745 I/richtap_rtp_start( 6849): wait for RTP_GO, glb_state=0x01
04-02 14:45:07.748 I/richtap_rtp_start( 6849): RTP_GO! glb_state=0x08
04-02 14:45:07.748 I/        ( 6849): richtap_rtp_work start richtap play
04-02 14:45:07.813 I/        ( 1049): [GTP-INF][goodix_ts_report_finger] ACTION_UP
04-02 14:45:07.843 I/[GTP-INF][goodix_ts_report_finger] ACTION_DOWN( 1049): 1, 1, id[0], x 70, y 1969, w 17
04-02 14:45:07.862 I/richtap_file_unlocked_ioctl( 4619): cmd=0x5205, arg=0x7f
04-02 14:45:07.862 I/richtap_file_unlocked_ioctl( 4617): cmd=0x5205, arg=0x7f
04-02 14:45:07.863 I/richtap_file_unlocked_ioctl( 4617): cmd=0x520a, arg=0x0
04-02 14:45:07.863 I/[haptic_hv][0279]aw8692x_wait_enter_standby( 4617): entered standby!
04-02 14:45:07.864 I/[haptic_hv][0423]aw8692x_upload_lra( 4617): write osc_cali_data to trim_lra = 0x00
04-02 14:45:07.871 I/        ( 6849): richtap_rtp_work rtp 1837 tm_len = 408
04-02 14:45:07.871 I/[haptic_hv][0344]aw8692x_play_mode( 6849): enter rtp mode
04-02 14:45:07.871 I/[haptic_hv][0293]aw8692x_bst_mode_config( 6849): haptic bst mode = bst
04-02 14:45:07.872 I/[haptic_hv][0260]aw8692x_play_go( 6849): enter, flag = 1
04-02 14:45:07.873 I/richtap_rtp_start( 6849): wait for RTP_GO, glb_state=0x01
04-02 14:45:07.875 I/richtap_rtp_start( 6849): RTP_GO! glb_state=0x08
04-02 14:45:07.875 I/        ( 6849): richtap_rtp_work start richtap play
04-02 14:45:07.922 I/        ( 1049): [GTP-INF][goodix_ts_report_finger] ACTION_UP
04-02 14:45:08.024 I/[GTP-INF][goodix_ts_report_finger] ACTION_DOWN( 1049): 1, 1, id[0], x 406, y 1776, w 41
04-02 14:45:08.040 I/richtap_file_unlocked_ioctl( 4619): cmd=0x5205, arg=0x7f
04-02 14:45:08.041 I/richtap_file_unlocked_ioctl( 4617): cmd=0x5205, arg=0x7f
04-02 14:45:08.041 I/richtap_file_unlocked_ioctl( 4617): cmd=0x520a, arg=0x0
04-02 14:45:08.042 I/[haptic_hv][0279]aw8692x_wait_enter_standby( 4617): entered standby!
04-02 14:45:08.042 I/[haptic_hv][0423]aw8692x_upload_lra( 4617): write osc_cali_data to trim_lra = 0x00
04-02 14:45:08.051 I/        ( 6849): richtap_rtp_work rtp 1837 tm_len = 408
04-02 14:45:08.051 I/[haptic_hv][0344]aw8692x_play_mode( 6849): enter rtp mode
04-02 14:45:08.052 I/[haptic_hv][0293]aw8692x_bst_mode_config( 6849): haptic bst mode = bst
04-02 14:45:08.053 I/[haptic_hv][0260]aw8692x_play_go( 6849): enter, flag = 1
04-02 14:45:08.054 I/richtap_rtp_start( 6849): wait for RTP_GO, glb_state=0x01
04-02 14:45:08.057 I/richtap_rtp_start( 6849): RTP_GO! glb_state=0x08
04-02 14:45:08.057 I/        ( 6849): richtap_rtp_work start richtap play
04-02 14:45:08.128 I/        ( 1049): [GTP-INF][goodix_ts_report_finger] ACTION_UP
04-02 14:45:08.137 I/[GTP-INF][goodix_ts_report_finger] ACTION_DOWN( 1049): 1, 1, id[1], x 52, y 1973, w 17
04-02 14:45:08.154 I/richtap_file_unlocked_ioctl( 4619): cmd=0x5205, arg=0x7f
04-02 14:45:08.155 I/richtap_file_unlocked_ioctl( 4617): cmd=0x5205, arg=0x7f
04-02 14:45:08.156 I/richtap_file_unlocked_ioctl( 4617): cmd=0x520a, arg=0x0
04-02 14:45:08.156 I/[haptic_hv][0279]aw8692x_wait_enter_standby( 4617): entered standby!
04-02 14:45:08.156 I/[haptic_hv][0423]aw8692x_upload_lra( 4617): write osc_cali_data to trim_lra = 0x00
04-02 14:45:08.163 I/        ( 6849): richtap_rtp_work rtp 1837 tm_len = 408
04-02 14:45:08.163 I/[haptic_hv][0344]aw8692x_play_mode( 6849): enter rtp mode
04-02 14:45:08.163 I/[haptic_hv][0293]aw8692x_bst_mode_config( 6849): haptic bst mode = bst
04-02 14:45:08.164 I/[haptic_hv][0260]aw8692x_play_go( 6849): enter, flag = 1
04-02 14:45:08.165 I/richtap_rtp_start( 6849): wait for RTP_GO, glb_state=0x01
04-02 14:45:08.168 I/richtap_rtp_start( 6849): RTP_GO! glb_state=0x08
04-02 14:45:08.168 I/        ( 6849): richtap_rtp_work start richtap play
04-02 14:45:08.245 I/        ( 1049): [GTP-INF][goodix_ts_report_finger] ACTION_UP
04-02 14:45:08.258 I/[GTP-INF][goodix_ts_report_finger] ACTION_DOWN( 1049): 1, 1, id[0], x 753, y 2081, w 23
04-02 14:45:08.275 I/richtap_file_unlocked_ioctl( 4619): cmd=0x5205, arg=0x7f
04-02 14:45:08.276 I/richtap_file_unlocked_ioctl( 4617): cmd=0x5205, arg=0x7f
04-02 14:45:08.276 I/richtap_file_unlocked_ioctl( 4617): cmd=0x520a, arg=0x0
04-02 14:45:08.277 I/[haptic_hv][0279]aw8692x_wait_enter_standby( 4617): entered standby!
04-02 14:45:08.277 I/[haptic_hv][0423]aw8692x_upload_lra( 4617): write osc_cali_data to trim_lra = 0x00
04-02 14:45:08.283 I/        ( 6861): richtap_rtp_work rtp 1837 tm_len = 408
04-02 14:45:08.283 I/[haptic_hv][0344]aw8692x_play_mode( 6861): enter rtp mode
04-02 14:45:08.283 I/[haptic_hv][0293]aw8692x_bst_mode_config( 6861): haptic bst mode = bst
04-02 14:45:08.284 I/[haptic_hv][0260]aw8692x_play_go( 6861): enter, flag = 1
04-02 14:45:08.285 I/richtap_rtp_start( 6861): wait for RTP_GO, glb_state=0x01
04-02 14:45:08.288 I/richtap_rtp_start( 6861): RTP_GO! glb_state=0x08
04-02 14:45:08.288 I/        ( 6861): richtap_rtp_work start richtap play
04-02 14:45:08.358 I/        ( 1049): [GTP-INF][goodix_ts_report_finger] ACTION_UP
04-02 14:45:08.590 I/sd 0    ( 5383): 0:0:4: [sde] Synchronizing SCSI cache
04-02 14:45:08.703 I/[GTP-INF][goodix_ts_report_finger] ACTION_DOWN( 1049): 1, 1, id[0], x 1027, y 1513, w 21
04-02 14:45:08.788 I/        ( 1049): [GTP-INF][goodix_ts_report_finger] ACTION_UP
04-02 14:45:08.980 I/[GTP-INF][goodix_ts_report_finger] ACTION_DOWN( 1049): 1, 1, id[0], x 508, y 2379, w 31
04-02 14:45:09.173 I/goodix_fp(  902): [info] goodix_panel_state_chg_callback go to the goodix_fb_state_chg_callback type = 4
04-02 14:45:09.173 I/goodix_fp(  902): goodix_panel_state_chg_callback defalut
04-02 14:45:09.175 I/[drm:dsi_display_set_mode [msm_drm]] [msm-dsi-info](  902): mdp_transfer_time=5883, hactive=1080, vactive=2412, fps=120, clk_rate=897000000
04-02 14:45:09.210 I/        ( 1049): [GTP-INF][goodix_ts_report_finger] ACTION_UP
04-02 14:45:09.253 D/tfa98xx_set_profile()( 5363): selected container profile [0]
04-02 14:45:09.259 I/adsp_sleepmon( 5363): Audio: num_sessions=2,num_lpi_sessions=1,timer_pending=0
04-02 14:45:09.260 D/tfa98xx_hw_params()( 2642): Requested rate: 48000, sample size: 32, physical size: 32
04-02 14:45:09.260 D/tfa98xx_hw_params()( 2642): tfa98xx_hw_params: Requested width: 32
04-02 14:45:09.260 D/tfa98xx_hw_params()( 2642): mixer profile:container profile = [0:0]
04-02 14:45:09.260 D/tfa98xx_hw_params()( 2642): Requested rate: 48000, sample size: 32, physical size: 32
04-02 14:45:09.260 D/tfa98xx_hw_params()( 2642): tfa98xx_hw_params: Requested width: 32
04-02 14:45:09.260 D/tfa98xx_hw_params()( 2642): mixer profile:container profile = [0:0]
04-02 14:45:09.261 D/tfa98xx_hw_params()( 6290): Requested rate: 48000, sample size: 32, physical size: 32
04-02 14:45:09.261 D/tfa98xx_hw_params()( 6290): tfa98xx_hw_params: Requested width: 32
04-02 14:45:09.261 D/tfa98xx_hw_params()( 6290): mixer profile:container profile = [0:0]
04-02 14:45:09.261 D/tfa98xx_hw_params()( 6290): Requested rate: 48000, sample size: 32, physical size: 32
04-02 14:45:09.261 D/tfa98xx_hw_params()( 6290): tfa98xx_hw_params: Requested width: 32
04-02 14:45:09.261 D/tfa98xx_hw_params()( 6290): mixer profile:container profile = [0:0]
04-02 14:45:09.274 D/tfa98xx 2-0034( 2642): tfa98xx_mute: state: 0, stream : 1
04-02 14:45:09.274 D/tfa98xx 2-0035( 2642): tfa98xx_mute: state: 0, stream : 1
04-02 14:45:09.291 D/tfa98xx 2-0034( 2644): tfa98xx_mute: state: 0, stream : 0
04-02 14:45:09.291 I/tfa98xx_adsp_send_calib_values()( 2644): The calibration value was sent to host DSP.
04-02 14:45:09.291 D/Active_profile( 2644): speaker, next_profile:speaker
04-02 14:45:09.291 D/        ( 2644): Startup of device [P] is a warmstart
04-02 14:45:09.296 I/tfa98xx 2-0034( 2644): tfa_dev_start success (0)
04-02 14:45:09.296 D/tfa98xx 2-0035( 2644): tfa98xx_mute: state: 0, stream : 0
04-02 14:45:09.297 I/tfa98xx_adsp_send_calib_values()( 2644): Device 0x35 cal value is 0x401211,value:6122
04-02 14:45:09.298 I/tfa98xx_adsp_send_calib_values()( 2644): Device 0x34 cal value is 0x381222,value:5817
04-02 14:45:09.298 I/tfa98xx_adsp_send_calib_values()( 2644): tfa98xx_device_count=2  bytes[0]=2
04-02 14:45:09.298 I/tfa98xx_adsp_send_calib_values()( 2644): calibration value send to host DSP.
04-02 14:45:09.311 D/Active_profile( 2644): speaker, next_profile:speaker
04-02 14:45:09.311 D/        ( 2644): Startup of device [S] is a warmstart
04-02 14:45:09.314 E/simulated_ntc( 4625): proc_shell_write write invalid para
04-02 14:45:09.315 I/tfa98xx 2-0035( 2644): tfa_dev_start success (0)
04-02 14:45:10.171 I/(virq   ( 6846): irq_count)- GICv3:IPI(1):131868787 GICv3:arch_timer(11):58265535 GICv3:IPI(6):15155634 GICv3:ipcc_0(30):6813721 GICv3:IPI(2):5657136 GICv3:apps_rsc(24):5380699 GICv3:msm_drm(252):4433144 ipcc:glink-native-slpi(365):4230747 ipcc:glink-native-adsp(364):3967785 GICv3:gsi(36):3507619
04-02 14:45:10.171 I/(cpu    ( 6846): irq_count)- 0:55286524 1:51173813 2:49338248 3:48691388 4:15943614 5:14036030 6:14116775 7:3871643
04-02 14:45:10.171 I/(ipi    ( 6846): irq_count)- 0:131868790 1:5657136 2:0 3:0 4:0 5:15155634 6:0
04-02 14:45:11.409 I/adsp_sleepmon( 1901): Audio: num_sessions=1,num_lpi_sessions=1,timer_pending=1
04-02 14:45:11.413 D/tfa98xx 2-0034( 6290): tfa98xx_mute: state: 1, stream : 1
04-02 14:45:11.413 D/tfa98xx 2-0035( 6290): tfa98xx_mute: state: 1, stream : 1
04-02 14:45:11.413 I/waipio-asoc-snd soc( 6290): spf_core_platform:sound: check_userspace_service_state: pcm_id 19 state 0
04-02 14:45:11.420 D/tfa98xx 2-0034( 6290): tfa98xx_mute: state: 1, stream : 0
04-02 14:45:11.422 D/tfa98xx 2-0035( 6290): tfa98xx_mute: state: 1, stream : 0
04-02 14:45:11.424 I/waipio-asoc-snd soc( 6290): spf_core_platform:sound: check_userspace_service_state: pcm_id 18 state 0
04-02 14:45:11.432 D/tfa98xx_set_profile()( 1901): selected container profile [2]
04-02 14:45:11.726 I/[GTP-INF][goodix_ts_report_finger] ACTION_DOWN( 1049): 1, 1, id[0], x 581, y 1448, w 19
04-02 14:45:11.741 I/        ( 1049): [GTP-INF][goodix_ts_report_finger] ACTION_UP
04-02 14:45:12.364 I/goodix_fp(  902): [info] goodix_panel_state_chg_callback go to the goodix_fb_state_chg_callback type = 4
04-02 14:45:12.364 I/goodix_fp(  902): goodix_panel_state_chg_callback defalut
04-02 14:45:12.365 I/[drm:dsi_display_set_mode [msm_drm]] [msm-dsi-info](  902): mdp_transfer_time=5883, hactive=1080, vactive=2412, fps=90, clk_rate=897000000
04-02 14:45:12.546 I/[GTP-INF][goodix_ts_report_finger] ACTION_DOWN( 1049): 1, 1, id[0], x 1073, y 588, w 12
04-02 14:45:12.604 I/richtap_file_unlocked_ioctl( 4619): cmd=0x5205, arg=0x7f
04-02 14:45:12.605 I/richtap_file_unlocked_ioctl( 4617): cmd=0x5205, arg=0x7f
04-02 14:45:12.605 I/richtap_file_unlocked_ioctl( 4617): cmd=0x520a, arg=0x0
04-02 14:45:12.606 I/[haptic_hv][0279]aw8692x_wait_enter_standby( 4617): entered standby!
04-02 14:45:12.606 I/[haptic_hv][0423]aw8692x_upload_lra( 4617): write osc_cali_data to trim_lra = 0x00
04-02 14:45:12.609 I/goodix_fp(  902): [info] goodix_panel_state_chg_callback go to the goodix_fb_state_chg_callback type = 4
04-02 14:45:12.609 I/goodix_fp(  902): goodix_panel_state_chg_callback defalut
04-02 14:45:12.611 I/[drm:dsi_display_set_mode [msm_drm]] [msm-dsi-info](  902): mdp_transfer_time=5883, hactive=1080, vactive=2412, fps=120, clk_rate=897000000
04-02 14:45:12.615 I/        ( 6849): richtap_rtp_work rtp 1837 tm_len = 408
04-02 14:45:12.615 I/[haptic_hv][0344]aw8692x_play_mode( 6849): enter rtp mode
04-02 14:45:12.618 I/[haptic_hv][0293]aw8692x_bst_mode_config( 6849): haptic bst mode = bst
04-02 14:45:12.619 I/[haptic_hv][0260]aw8692x_play_go( 6849): enter, flag = 1
04-02 14:45:12.620 I/richtap_rtp_start( 6849): wait for RTP_GO, glb_state=0x01
04-02 14:45:12.623 I/richtap_rtp_start( 6849): RTP_GO! glb_state=0x08
04-02 14:45:12.623 I/        ( 6849): richtap_rtp_work start richtap play
04-02 14:45:12.647 I/        ( 1049): [GTP-INF][goodix_ts_report_finger] ACTION_UP
04-02 14:45:12.829 I/sd 0    (26151): 0:0:4: [sde] Synchronizing SCSI cache
04-02 14:45:12.965 I/goodix_fp(  902): [info] goodix_panel_state_chg_callback go to the goodix_fb_state_chg_callback type = 4
04-02 14:45:12.965 I/goodix_fp(  902): goodix_panel_state_chg_callback defalut
04-02 14:45:12.967 I/[drm:dsi_display_set_mode [msm_drm]] [msm-dsi-info](  902): mdp_transfer_time=5883, hactive=1080, vactive=2412, fps=90, clk_rate=897000000
04-02 14:45:13.180 I/[GTP-INF][goodix_ts_report_finger] ACTION_DOWN( 1049): 1, 1, id[0], x 1079, y 600, w 11
04-02 14:45:13.212 I/richtap_file_unlocked_ioctl( 4619): cmd=0x5205, arg=0x7f
04-02 14:45:13.214 I/richtap_file_unlocked_ioctl( 4617): cmd=0x5205, arg=0x7f
04-02 14:45:13.215 I/richtap_file_unlocked_ioctl( 4617): cmd=0x520a, arg=0x0
04-02 14:45:13.216 I/[haptic_hv][0279]aw8692x_wait_enter_standby( 4617): entered standby!
04-02 14:45:13.216 I/[haptic_hv][0423]aw8692x_upload_lra( 4617): write osc_cali_data to trim_lra = 0x00
04-02 14:45:13.217 I/        ( 6846): richtap_rtp_work rtp 1837 tm_len = 408
04-02 14:45:13.217 I/[haptic_hv][0344]aw8692x_play_mode( 6846): enter rtp mode
04-02 14:45:13.218 I/[haptic_hv][0293]aw8692x_bst_mode_config( 6846): haptic bst mode = bst
04-02 14:45:13.220 I/[haptic_hv][0260]aw8692x_play_go( 6846): enter, flag = 1
04-02 14:45:13.220 I/richtap_rtp_start( 6846): wait for RTP_GO, glb_state=0x01
04-02 14:45:13.223 I/richtap_rtp_start( 6846): RTP_GO! glb_state=0x08
04-02 14:45:13.223 I/        ( 6846): richtap_rtp_work start richtap play
04-02 14:45:13.235 I/goodix_fp(  902): [info] goodix_panel_state_chg_callback go to the goodix_fb_state_chg_callback type = 4
04-02 14:45:13.235 I/goodix_fp(  902): goodix_panel_state_chg_callback defalut
04-02 14:45:13.236 I/[drm:dsi_display_set_mode [msm_drm]] [msm-dsi-info](  902): mdp_transfer_time=5883, hactive=1080, vactive=2412, fps=120, clk_rate=897000000
04-02 14:45:13.658 I/        ( 1049): [GTP-INF][goodix_ts_report_finger] ACTION_UP
04-02 14:45:14.237 I/goodix_fp(  902): [info] goodix_panel_state_chg_callback go to the goodix_fb_state_chg_callback type = 4
04-02 14:45:14.237 I/goodix_fp(  902): goodix_panel_state_chg_callback defalut
04-02 14:45:14.237 I/[drm:dsi_display_set_mode [msm_drm]] [msm-dsi-info](  902): mdp_transfer_time=5883, hactive=1080, vactive=2412, fps=90, clk_rate=897000000
04-02 14:45:14.319 E/simulated_ntc( 4625): proc_shell_write write invalid para
04-02 14:45:16.024 I/servicemanager(  592): Notifying artd they don't (previously: do) have clients when we now have no record of a client
04-02 14:45:16.026 I/servicemanager(  592): Caller(pid=12674,uid=1082,sid=u:r:artd:s0) Unregistering artd
04-02 14:45:16.026 I/BpBinder(  592): onLastStrongRef automatically unlinking death recipients:
04-02 14:45:16.033 I/init    (    1): Service 'artd' (pid 12674) exited with status 0 oneshot service took 149.557007 seconds in background
04-02 14:45:16.033 I/init    (    1): Sending signal 9 to service 'artd' (pid 12674) process group...
04-02 14:45:16.035 I/libprocessgroup(    1): Removed cgroup /sys/fs/cgroup/uid_1082/pid_12674
04-02 14:45:16.690 I/sd 0    (  334): 0:0:4: [sde] Synchronizing SCSI cache
04-02 14:45:17.359 I/BATTERY_CHG(26151): nt_update_status_function_work: capacity:83,Vbat:4192000
04-02 14:45:17.441 W/healthd ( 1623): soc_b:30, soc:83, soc_c:83, Vol:4192, Cur:-156,chg_s:0,t_l:359,b_s:3,OffTlast:0,lcd_off:0,Vu:-1,Vw:-2,pid:1623,brightness:3.778927,rmCap:3378
04-02 14:45:17.444 W/healthd ( 1623): battery l=83 v=4192 t=30.0 h=2 st=3 c=-156000 fc=4066000 cc=735 chg=
04-02 14:45:17.470 W/HealthLoop( 1623): debug.nt.screen_brightness:3.778927
04-02 14:45:18.891 W/healthd ( 1623): battery l=83 v=4190 t=30.0 h=2 st=3 c=-156000 fc=4066000 cc=735 chg=
04-02 14:45:18.916 W/HealthLoop( 1623): debug.nt.screen_brightness:3.778927
04-02 14:45:19.317 E/simulated_ntc( 4625): proc_shell_write write invalid para
04-02 14:45:19.508 I/[kworke][0x176ec3b00c5][09:15:19.841199] qca6490( 5383): [5383:I:PMO] pmo_core_psoc_send_host_wakeup_ind_to_fw: Host wakeup indication sent to fw
04-02 14:45:19.552 I/[schedu][0x176ec480557][09:15:19.885633] qca6490(11120): [11120:I:OSIF] scan start scan id 41041
04-02 14:45:19.644 I/(virq   ( 6848): irq_count)- GICv3:IPI(1):131893335 GICv3:arch_timer(11):58275558 GICv3:IPI(6):15159913 GICv3:ipcc_0(30):6814807 GICv3:IPI(2):5657842 GICv3:apps_rsc(24):5381434 GICv3:msm_drm(252):4433730 ipcc:glink-native-slpi(365):4230953 ipcc:glink-native-adsp(364):3968662 GICv3:gsi(36):3507768
04-02 14:45:19.645 I/(cpu    ( 6848): irq_count)- 0:55294405 1:51182037 2:49348077 3:48698984 4:15947171 5:14039418 6:14120370 7:3872583
04-02 14:45:19.645 I/(ipi    ( 6848): irq_count)- 0:131893335 1:5657842 2:0 3:0 4:0 5:15159913 6:0
04-02 14:45:20.445 I/[schedu][0x176ed4d7874][09:15:20.778047] qca6490(11120): [11120:I:PE] lim_process_action_frame_no_session: Unhandled public action frame: 22
04-02 14:45:20.807 I/sd 0    ( 5383): 0:0:4: [sde] Synchronizing SCSI cache
04-02 14:45:21.324 I/[schedu][0x176ee4f218a][09:15:21.657529] qca6490(11120): [11120:I:OSIF] vdev 0, scan id 41041 type COMPLETED(1) reason COMPLETED(1) scan found 31 bss
04-02 14:45:21.345 E/[wifi@1][0x176ee554d87][09:15:21.678595] qca6490( 1636): [1636:E:OSIF] wlan_hdd_set_station_stats_request_pending: peer is null
04-02 14:45:21.948 I/[kworke][0x176ef05d1c2][09:15:22.281105] qca6490(26151): [26151:I:PMO] pmo_core_enable_wow_in_fw: drv wow is enabled
04-02 14:45:21.973 I/[kworke][0x176ef0d1958][09:15:22.305952] qca6490(26151): [26151:I:HIF] hif_try_complete_tasks: waiting for tasklets 1 grp tasklets 0 work 0
04-02 14:45:24.318 E/simulated_ntc( 4625): proc_shell_write write invalid para
04-02 14:45:24.835 I/sd 0    (26151): 0:0:4: [sde] Synchronizing SCSI cache
04-02 14:45:26.558 I/adsp_sleepmon(  487): timer_event = 1,suspend_event = 0
04-02 14:45:26.890 I/sd 0    (10949): 0:0:0: [sda] Synchronizing SCSI cache
04-02 14:45:28.584 I/sd 0    ( 9256): 0:0:4: [sde] Synchronizing SCSI cache
04-02 14:45:29.116 I/(virq   ( 6861): irq_count)- GICv3:IPI(1):131909323 GICv3:arch_timer(11):58284822 GICv3:IPI(6):15161479 GICv3:ipcc_0(30):6814977 GICv3:IPI(2):5658345 GICv3:apps_rsc(24):5382064 GICv3:msm_drm(252):4434789 ipcc:glink-native-slpi(365):4231138 ipcc:glink-native-adsp(364):3968688 GICv3:gsi(36):3507924
04-02 14:45:29.116 I/(cpu    ( 6861): irq_count)- 0:55301119 1:51189105 2:49356137 3:48705623 4:15947810 5:14040127 6:14120975 7:3872650
04-02 14:45:29.116 I/(ipi    ( 6861): irq_count)- 0:131909323 1:5658345 2:0 3:0 4:0 5:15161479 6:0
04-02 14:45:29.318 E/simulated_ntc( 4625): proc_shell_write write invalid para
04-02 14:45:32.488 I/sd 0    ( 9256): 0:0:4: [sde] Synchronizing SCSI cache
04-02 14:45:34.321 E/simulated_ntc( 4625): proc_shell_write write invalid para
04-02 14:45:36.301 I/sd 0    ( 9256): 0:0:0: [sda] Synchronizing SCSI cache
04-02 14:45:36.769 I/sd 0    (26151): 0:0:4: [sde] Synchronizing SCSI cache
04-02 14:45:38.590 I/(virq   ( 6861): irq_count)- GICv3:IPI(1):131915729 GICv3:arch_timer(11):58289817 GICv3:IPI(6):15162390 GICv3:ipcc_0(30):6815140 GICv3:IPI(2):5658640 GICv3:apps_rsc(24):5382522 GICv3:msm_drm(252):4434791 ipcc:glink-native-slpi(365):4231303 ipcc:glink-native-adsp(364):3968706 GICv3:gsi(36):3508041
04-02 14:45:38.590 I/(cpu    ( 6861): irq_count)- 0:55304635 1:51192666 2:49359872 3:48708528 4:15947852 5:14040155 6:14121100 7:3872695
04-02 14:45:38.590 I/(ipi    ( 6861): irq_count)- 0:131915729 1:5658640 2:0 3:0 4:0 5:15162390 6:0
04-02 14:45:38.877 W/healthd ( 1623): battery l=83 v=4193 t=30.0 h=2 st=3 c=-178000 fc=4066000 cc=735 chg=
04-02 14:45:38.905 W/HealthLoop( 1623): debug.nt.screen_brightness:2.585025
04-02 14:45:39.321 E/simulated_ntc( 4625): proc_shell_write write invalid para
04-02 14:45:43.067 I/sd 0    (14619): 0:0:0: [sda] Synchronizing SCSI cache
04-02 14:45:44.310 I/sd 0    (14619): 0:0:4: [sde] Synchronizing SCSI cache
04-02 14:45:44.320 E/simulated_ntc( 4625): proc_shell_write write invalid para
04-02 14:45:46.828 I/sd 0    (  334): 0:0:0: [sda] Synchronizing SCSI cache
04-02 14:45:47.033 I/goodix_fp(  902): [info] goodix_panel_state_chg_callback go to the goodix_fb_state_chg_callback type = 4
04-02 14:45:47.033 I/goodix_fp(  902): goodix_panel_state_chg_callback defalut
04-02 14:45:47.035 I/[drm:dsi_display_set_mode [msm_drm]] [msm-dsi-info](  902): mdp_transfer_time=5883, hactive=1080, vactive=2412, fps=120, clk_rate=897000000
04-02 14:45:48.051 I/pm8941-pwrkey c42d000.qcom,spmi(  544): qcom,pmk8350@0:pon_hlos@1300:resin: KEY_EVENT: keycode 114 val 0x40
04-02 14:45:48.060 I/(virq   ( 6861): irq_count)- GICv3:IPI(1):131925072 GICv3:arch_timer(11):58295505 GICv3:IPI(6):15163540 GICv3:ipcc_0(30):6815388 GICv3:IPI(2):5659009 GICv3:apps_rsc(24):5382843 GICv3:msm_drm(252):4435054 ipcc:glink-native-slpi(365):4231479 ipcc:glink-native-adsp(364):3968809 GICv3:gsi(36):3508204
04-02 14:45:48.060 I/(cpu    ( 6861): irq_count)- 0:55309177 1:51196749 2:49364242 3:48712182 4:15948297 5:14040652 6:14121684 7:3872739
04-02 14:45:48.060 I/(ipi    ( 6861): irq_count)- 0:131925074 1:5659009 2:0 3:0 4:0 5:15163540 6:0
04-02 14:45:48.090 E/BATTERY_CHG( 6861): handle_message: adsp_to_kernel_log:key_info:pump:97,pump_en:0,ovp:1,wpc:1,fcc:2500,fv:4500,icl:0,ibus_ma:0,usb_sus:0,wls_sus:0,BattInit:1,chg_type:0,soc:83,soc_time:1398,soc_pre:83,real_cap:3351000,htemp_charge:4100,plug_in:0,plugGpio:1,usbTemp:0,battTemp:0,nt_cc_enable:4,2646:01,2654:32,2606:07,2708:00,2952:20,2658:5a,2707:00,2b09:01,f243:3c,f245:00,f246:00,8a44:00,8b44:00,
04-02 14:45:48.221 I/aw20036_operating_mode_store( 1670): var 1 mode 2
04-02 14:45:48.223 I/        ( 1670): aw20036_frame_brightness_store
04-02 14:45:48.230 I/        ( 1670): aw20036_frame_brightness_store
04-02 14:45:48.241 I/        ( 1670): aw20036_frame_brightness_store
04-02 14:45:48.252 I/        ( 1670): aw20036_frame_brightness_store
04-02 14:45:48.264 I/        ( 1670): aw20036_frame_brightness_store
04-02 14:45:48.276 I/        ( 1670): aw20036_frame_brightness_store
04-02 14:45:48.287 I/        ( 1670): aw20036_frame_brightness_store
04-02 14:45:48.298 I/        ( 1670): aw20036_frame_brightness_store
04-02 14:45:48.312 I/        ( 1670): aw20036_frame_brightness_store
04-02 14:45:48.322 I/        ( 1670): aw20036_frame_brightness_store
04-02 14:45:48.334 I/        ( 1670): aw20036_frame_brightness_store
04-02 14:45:48.345 I/        ( 1670): aw20036_frame_brightness_store
04-02 14:45:48.726 I/        ( 1670): aw20036_frame_brightness_store
04-02 14:45:48.737 I/        ( 1670): aw20036_frame_brightness_store
04-02 14:45:48.748 I/        ( 1670): aw20036_frame_brightness_store
04-02 14:45:48.758 I/        ( 1670): aw20036_frame_brightness_store
04-02 14:45:48.771 I/        ( 1670): aw20036_frame_brightness_store
04-02 14:45:48.784 I/        ( 1670): aw20036_frame_brightness_store
04-02 14:45:48.794 I/        ( 1670): aw20036_frame_brightness_store
04-02 14:45:48.805 I/        ( 1670): aw20036_frame_brightness_store
04-02 14:45:48.817 I/        ( 1670): aw20036_frame_brightness_store
04-02 14:45:48.828 I/        ( 1670): aw20036_frame_brightness_store
04-02 14:45:48.834 I/        ( 1670): aw20036_frame_brightness_store
04-02 14:45:48.843 I/sd 0    ( 9256): 0:0:4: [sde] Synchronizing SCSI cache
04-02 14:45:48.846 I/        ( 1670): aw20036_frame_brightness_store
04-02 14:45:48.856 I/        ( 1670): aw20036_frame_brightness_store
04-02 14:45:48.870 I/        ( 1670): aw20036_frame_brightness_store
04-02 14:45:48.880 I/        ( 1670): aw20036_frame_brightness_store
04-02 14:45:48.893 I/        ( 1670): aw20036_frame_brightness_store
04-02 14:45:48.897 I/        ( 1670): aw20036_frame_brightness_store
04-02 14:45:48.908 I/        ( 1670): aw20036_frame_brightness_store
04-02 14:45:48.920 I/        ( 1670): aw20036_frame_brightness_store
04-02 14:45:48.933 I/        ( 1670): aw20036_frame_brightness_store
04-02 14:45:48.945 I/        ( 1670): aw20036_frame_brightness_store
04-02 14:45:48.953 I/        ( 1670): aw20036_frame_brightness_store
04-02 14:45:48.962 I/        ( 1670): aw20036_frame_brightness_store
04-02 14:45:48.973 I/        ( 1670): aw20036_frame_brightness_store
04-02 14:45:48.985 I/        ( 1670): aw20036_frame_brightness_store
04-02 14:45:48.988 I/        ( 1670): aw20036_frame_brightness_store
04-02 14:45:48.999 I/        ( 1670): aw20036_frame_brightness_store
04-02 14:45:49.010 I/        ( 1670): aw20036_frame_brightness_store
04-02 14:45:49.022 I/        ( 1670): aw20036_frame_brightness_store
04-02 14:45:49.025 I/        ( 1670): aw20036_frame_brightness_store
04-02 14:45:49.037 I/        ( 1670): aw20036_frame_brightness_store
04-02 14:45:49.049 I/        ( 1670): aw20036_frame_brightness_store
04-02 14:45:49.215 I/[GTP-INF][goodix_ts_report_finger] ACTION_DOWN( 1049): 1, 1, id[0], x 570, y 1420, w 19
04-02 14:45:49.217 I/pm8941-pwrkey c42d000.qcom,spmi(  544): qcom,pmk8350@0:pon_hlos@1300:resin: KEY_EVENT: keycode 114 val 0x00
04-02 14:45:49.316 E/simulated_ntc( 4625): proc_shell_write write invalid para
04-02 14:45:49.419 I/        ( 1049): [GTP-INF][goodix_ts_report_finger] ACTION_UP
04-02 14:45:49.894 I/[GTP-INF][goodix_ts_report_finger] ACTION_DOWN( 1049): 1, 1, id[0], x 87, y 1035, w 43
04-02 14:45:49.985 I/        ( 1049): [GTP-INF][goodix_ts_report_finger] ACTION_UP
04-02 14:45:50.254 I/goodix_fp(  902): [info] goodix_panel_state_chg_callback go to the goodix_fb_state_chg_callback type = 4
04-02 14:45:50.254 I/goodix_fp(  902): goodix_panel_state_chg_callback defalut
04-02 14:45:50.256 I/[drm:dsi_display_set_mode [msm_drm]] [msm-dsi-info](  902): mdp_transfer_time=5883, hactive=1080, vactive=2412, fps=90, clk_rate=897000000
04-02 14:45:51.169 I/[GTP-INF][goodix_ts_report_finger] ACTION_DOWN( 1049): 1, 1, id[0], x 563, y 1265, w 29
04-02 14:45:52.237 I/        ( 1670): aw20036_frame_brightness_store
04-02 14:45:52.742 I/aw20036_operating_mode_store( 1698): var 2 mode 1
04-02 14:45:52.783 I/sd 0    (26151): 0:0:4: [sde] Synchronizing SCSI cache
04-02 14:45:54.319 E/simulated_ntc( 4625): proc_shell_write write invalid para
04-02 14:45:55.067 I/        ( 1049): [GTP-INF][goodix_ts_report_finger] ACTION_UP
04-02 14:45:55.416 I/[GTP-INF][goodix_ts_report_finger] ACTION_DOWN( 1049): 1, 1, id[0], x 930, y 950, w 30
04-02 14:45:55.512 I/        ( 1049): [GTP-INF][goodix_ts_report_finger] ACTION_UP
04-02 14:45:55.557 I/goodix_fp(  902): [info] goodix_panel_state_chg_callback go to the goodix_fb_state_chg_callback type = 4
04-02 14:45:55.557 I/goodix_fp(  902): goodix_panel_state_chg_callback defalut
04-02 14:45:55.559 I/[drm:dsi_display_set_mode [msm_drm]] [msm-dsi-info](  902): mdp_transfer_time=5883, hactive=1080, vactive=2412, fps=120, clk_rate=897000000
04-02 14:45:55.616 I/goodix_fp(  902): [info] goodix_panel_state_chg_callback go to the goodix_fb_state_chg_callback type = 4
04-02 14:45:55.616 I/goodix_fp(  902): goodix_panel_state_chg_callback defalut
04-02 14:45:55.616 I/[drm:dsi_display_set_mode [msm_drm]] [msm-dsi-info](  902): mdp_transfer_time=5883, hactive=1080, vactive=2412, fps=90, clk_rate=897000000
04-02 14:45:56.493 I/sd 0    ( 9256): 0:0:4: [sde] Synchronizing SCSI cache
04-02 14:45:57.132 I/[GTP-INF][goodix_ts_report_finger] ACTION_DOWN( 1049): 1, 1, id[0], x 592, y 2390, w 20
04-02 14:45:57.273 I/goodix_fp(  902): [info] goodix_panel_state_chg_callback go to the goodix_fb_state_chg_callback type = 4
04-02 14:45:57.273 I/goodix_fp(  902): goodix_panel_state_chg_callback defalut
04-02 14:45:57.275 I/[drm:dsi_display_set_mode [msm_drm]] [msm-dsi-info](  902): mdp_transfer_time=5883, hactive=1080, vactive=2412, fps=120, clk_rate=897000000
04-02 14:45:57.324 I/        ( 1049): [GTP-INF][goodix_ts_report_finger] ACTION_UP
04-02 14:45:57.531 I/(virq   ( 6846): irq_count)- GICv3:IPI(1):131959385 GICv3:arch_timer(11):58307022 GICv3:IPI(6):15168249 GICv3:ipcc_0(30):6815636 GICv3:IPI(2):5660028 GICv3:apps_rsc(24):5383557 GICv3:msm_drm(252):4436388 ipcc:glink-native-slpi(365):4231688 ipcc:glink-native-adsp(364):3968836 GICv3:gsi(36):3508527
04-02 14:45:57.531 I/(cpu    ( 6846): irq_count)- 0:55322753 1:51207296 2:49376975 3:48722699 4:15952252 5:14044694 6:14125463 7:3873443
04-02 14:45:57.531 I/(ipi    ( 6846): irq_count)- 0:131959386 1:5660028 2:0 3:0 4:0 5:15168249 6:0
04-02 14:45:58.354 I/pm8941-pwrkey c42d000.qcom,spmi(  522): qcom,pmk8350@0:pon_hlos@1300:pwrkey: KEY_EVENT: keycode 116 val 0x80
04-02 14:45:58.441 I/pm8941-pwrkey c42d000.qcom,spmi(  522): qcom,pmk8350@0:pon_hlos@1300:pwrkey: KEY_EVENT: keycode 116 val 0x00
04-02 14:45:58.448 I/        ( 3698): [GTP-INF][goodix_pocket_mode_store] out pocket mode
04-02 14:45:58.491 I/        ( 3698): [GTP-INF][goodix_pocket_mode_store] pocket mode disable
04-02 14:45:58.562 I/[kworke][0x17718ecbe08][09:15:58.895668] qca6490(29123): [29123:I:PMO] pmo_core_psoc_send_host_wakeup_ind_to_fw: Host wakeup indication sent to fw
04-02 14:45:58.864 W/healthd ( 1623): battery l=83 v=4190 t=30.0 h=2 st=3 c=-656000 fc=4066000 cc=735 chg=
04-02 14:45:58.883 W/HealthLoop( 1623): debug.nt.screen_brightness:2.585025
04-02 14:45:58.950 I/        ( 3698): [GTP-INF][goodix_pocket_mode_store] out pocket mode
04-02 14:45:58.965 E/        ( 1865): [drm:sde_connector_atomic_set_property:2018] [sde error]conn58 set finger flag: 1
04-02 14:45:58.966 E/        (  902): [drm:_sde_connector_update_finger_hbm_status:1081] [sde error]open hbm
04-02 14:45:58.966 E/        (  902): [drm:sde_backlight_device_update_status:203] [sde error]update hbm brightness
04-02 14:45:58.991 I/        ( 3698): [GTP-INF][goodix_pocket_mode_store] pocket mode disable
04-02 14:45:58.991 I/        ( 3698): [GTP-INF][goodix_pocket_mode_store] out pocket mode
04-02 14:45:59.032 I/[schedu][0x1771976455f][09:15:59.365099] qca6490(11120): [11120:I:OSIF] scan start scan id 41042
04-02 14:45:59.039 I/        ( 3698): [GTP-INF][goodix_pocket_mode_store] pocket mode disable
04-02 14:45:59.074 I/CAM_INFO( 2887): CAM-SENSOR: cam_sensor_driver_cmd: 1099 CAM_ACQUIRE_DEV Success for agenda_qtech_imx615_front sensor_id:0x615,sensor_slave_addr:0x20
04-02 14:45:59.079 I/CAM_INFO( 2887): CAM-CSIPHY: cam_csiphy_core_cfg: 2067 CAM_ACQUIRE_DEV: 5 Type: DPHY acquire_count: 1 combo: 0 cphy+dphy combo: 0
04-02 14:45:59.102 I/msm_cvp (14903): sess: Opening cvp instance: 0000000000000000
04-02 14:45:59.103 I/msm_cvp (14903): pwr: cvp (eva) powered on
04-02 14:45:59.106 I/msm_cvp ( 6848): fw: <CFW_E:HostDr:--------:-> VenusHostDriver_SetSysProperty(595): QC_IMAGE_VERSION_STRING=EVA.FIRMWARE.3.0-47
04-02 14:45:59.106 I/msm_cvp ( 6848): fw: <CFW_E:HostDr:--------:-> VenusHostDriver_SetSysProperty(595): QC_IMAGE_VERSION_STRING=EVA.FIRMWARE.3.0-47
04-02 14:45:59.107 I/synx    (14903): [sess: 35586] session created cvp-kernel-client
04-02 14:45:59.113 I/CAM_INFO( 2909): CAM-ISP: cam_ife_hw_mgr_print_acquire_info: 1334 9:15:59.446 Acquired Single IFE[2] with [11 pix] [0 pd] [0 rdi] ports for ctx:3
04-02 14:45:59.117 I/CAM_INFO( 2909): CAM-CSIPHY: cam_csiphy_core_cfg: 2478 CAM_START_PHYDEV: 5, Type: DPHY, slot: 0, sec_mode: 0, Datarate: 2107200000, Settletime: 5200000000, combo: 0, cphy+dphy: 0
04-02 14:45:59.117 I/CAM_INFO( 2909): CAM-SENSOR: cam_sensor_driver_cmd: 1224 9:15:59.450 CAM_START_DEV Success for agenda_qtech_imx615_front sensor_id:0x615,sensor_slave_addr:0x20
04-02 14:45:59.315 E/simulated_ntc( 4625): proc_shell_write write invalid para
04-02 14:45:59.520 I/[schedu][0x1771a054551][09:15:59.853205] qca6490(11120): [11120:I:PE] lim_process_action_frame_no_session: Unhandled public action frame: 22
04-02 14:45:59.574 I/[schedu][0x1771a150bba][09:15:59.907051] qca6490(11120): [11120:I:OSIF] vdev 0, scan id 41042 type COMPLETED(1) reason COMPLETED(1) scan found 15 bss
04-02 14:45:59.578 E/[wifi@1][0x1771a163207][09:15:59.910975] qca6490( 1636): [1636:E:OSIF] wlan_hdd_set_station_stats_request_pending: peer is null
04-02 14:45:59.627 I/[schedu][0x1771a24a8a2][09:15:59.960343] qca6490(11120): [11120:I:OSIF] scan start scan id 41043
04-02 14:46:00.629 I/[schedu][0x1771b4a21e1][09:16:00.962066] qca6490(11120): [11120:I:PE] lim_process_action_frame_no_session: Unhandled public action frame: 22
04-02 14:46:00.724 I/sd 0    (14619): 0:0:4: [sde] Synchronizing SCSI cache
04-02 14:46:01.402 I/[schedu][0x1771c2cb9a1][09:16:01.735503] qca6490(11120): [11120:I:OSIF] vdev 0, scan id 41043 type COMPLETED(1) reason COMPLETED(1) scan found 39 bss
04-02 14:46:01.418 E/[wifi@1][0x1771c314735][09:16:01.751044] qca6490( 1636): [1636:E:OSIF] wlan_hdd_set_station_stats_request_pending: peer is null
04-02 14:46:02.018 I/[kworke][0x1771ce13998][09:16:02.351609] qca6490(  334): [334:I:PMO] pmo_core_enable_wow_in_fw: drv wow is enabled
04-02 14:46:02.043 I/[kworke][0x1771ce879af][09:16:02.376357] qca6490(  334): [334:I:HIF] hif_try_complete_tasks: waiting for tasklets 0 grp tasklets 0 work 2
04-02 14:46:02.122 I/sd 0    (29123): 0:0:0: [sda] Synchronizing SCSI cache
04-02 14:46:03.316 I/servicemanager(  592): Caller(pid=2730,uid=1000,sid=u:r:system_server:s0) Since 'artd' could not be found trying to start it as a lazy AIDL service. (if it's not configured to be a lazy service, it may be stuck starting or still starting).
04-02 14:46:03.319 I/init    (    1): starting service 'artd'...
04-02 14:46:03.330 I/init    (    1): ... started service 'artd' has pid 14959
04-02 14:46:03.330 I/init    (    1): Control message: Processed ctl.interface_start for 'aidl/artd' from pid: 592 (/system/bin/servicemanager)
04-02 14:46:03.353 I/servicemanager(  592): Notifying artd they do (previously: don't) have clients when service is guaranteed to be in use
04-02 14:46:03.353 I/BpBinder(  592): onLastStrongRef automatically unlinking death recipients:
04-02 14:46:03.682 I/CAM_INFO( 5202): CAM-CRM: cam_req_mgr_process_flush_req: 2721 Last request id to flush is 137
04-02 14:46:03.682 I/CAM_INFO( 5202): CAM-ISP: __cam_isp_ctx_flush_req_in_top_state: 4888 Last request id to flush is 137, ctx_id:2
04-02 14:46:03.682 I/CAM_INFO( 5202): CAM-ISP: __cam_isp_ctx_flush_req_in_top_state: 4904 Stop HW complete. Reset HW next.
04-02 14:46:03.688 I/CAM_INFO( 5202): CAM-CRM: cam_req_mgr_process_flush_req: 2721 Last request id to flush is 137
04-02 14:46:03.692 I/CAM_INFO( 5202): CAM-CRM: cam_req_mgr_process_flush_req: 2721 Last request id to flush is 137
04-02 14:46:03.692 I/msm_cvp ( 2908): sess: Stop session: 0000000000000000 session_id = -587485560
04-02 14:46:03.694 I/CAM_INFO( 2908): CAM-SENSOR: cam_sensor_driver_cmd: 1259 9:16:4.27 CAM_STOP_DEV Success for agenda_qtech_imx615_front sensor_id:0x615,sensor_slave_addr:0x20
04-02 14:46:03.694 I/CAM_INFO( 2908): CAM-CSIPHY: cam_csiphy_core_cfg: 2170 CAM_STOP_PHYDEV: 5, Type: DPHY, slot: 0, Datarate: 2107200000, Settletime: 5200000000
04-02 14:46:03.694 I/CAM_INFO( 2908): CAM-ISP: cam_ife_mgr_release_hw: 7038 9:16:4.27 Release HW success ctx id: 3
04-02 14:46:03.698 I/CAM_INFO( 2908): CAM-SENSOR: cam_sensor_driver_cmd: 1158 CAM_RELEASE_DEV Success for agenda_qtech_imx615_front sensor_id:0x615, slave_addr:0x20
04-02 14:46:03.713 I/msm_cvp ( 2908): sess: Closed cvp instance: 0000000000000000 session_id = 0
04-02 14:46:03.713 I/synx    (32641): [sess: 35586] session destroyed cvp-kernel-client, uid: 35586
04-02 14:46:04.320 E/simulated_ntc( 4625): proc_shell_write write invalid para
04-02 14:46:04.545 E/[wifi@1][0x1771fc5a792][09:16:04.878942] qca6490( 1636): [1636:E:OSIF] wlan_hdd_set_station_stats_request_pending: peer is null
04-02 14:46:04.820 I/sd 0    (26151): 0:0:4: [sde] Synchronizing SCSI cache
04-02 14:46:06.754 I/msm_cvp ( 6849): pwr: cvp (eva) power collapsed
04-02 14:46:06.998 E/        (  334): [drm:_sde_connector_set_brightness_work:1161] [sde error]update hbm brightness
04-02 14:46:07.000 E/        (  334): [drm:_sde_connector_set_brightness_work:1161] [sde error]update hbm brightness
04-02 14:46:07.004 I/(virq   ( 6849): irq_count)- GICv3:IPI(1):131988641 GICv3:arch_timer(11):58320364 GICv3:IPI(6):15174835 GICv3:ipcc_0(30):6818202 GICv3:IPI(2):5661239 GICv3:apps_rsc(24):5384372 GICv3:msm_drm(252):4436880 ipcc:glink-native-slpi(365):4234264 ipcc:glink-native-adsp(364):3968965 GICv3:gsi(36):3509055
04-02 14:46:07.004 I/(cpu    ( 6849): irq_count)- 0:55331250 1:51216320 2:49391826 3:48730895 4:15957546 5:14050183 6:14130611 7:3878363
04-02 14:46:07.004 I/(ipi    ( 6849): irq_count)- 0:131988642 1:5661239 2:0 3:0 4:0 5:15174835 6:0
04-02 14:46:07.015 E/        (  334): [drm:_sde_connector_set_brightness_work:1161] [sde error]update hbm brightness
04-02 14:46:07.032 E/        (14619): [drm:_sde_connector_set_brightness_work:1161] [sde error]update hbm brightness
04-02 14:46:07.046 E/        ( 9256): [drm:_sde_connector_set_brightness_work:1161] [sde error]update hbm brightness
04-02 14:46:07.052 E/        ( 9256): [drm:_sde_connector_set_brightness_work:1161] [sde error]update hbm brightness
