04-02 14:47:06.285 I/sd 0    ( 6861): 0:0:4: [sde] Synchronizing SCSI cache
04-02 14:47:06.285 I/sd 0    (15037): 0:0:3: [sdd] Synchronizing SCSI cache
04-02 14:47:06.286 I/sd 0    (15035): 0:0:0: [sda] Synchronizing SCSI cache
04-02 14:47:06.303 I/suspend ns(    0): 60718951854818      suspend cycles:    1612246584929
04-02 14:47:06.303 I/resume cycles(    0): 1612331552206
04-02 14:47:06.304 W/[    C2] PM(    0): pm_system_irq_wakeup: 35 triggered ipa
04-02 14:47:06.305 I/PM      ( 5192): PM: Pending Wakeup Sources: [timerfd]
04-02 14:47:06.316 I/        ( 5192): aw20036_resume (1)
04-02 14:47:06.316 I/        ( 5192): aw20036_resume is suspend
04-02 14:47:06.323 I/[binder][0x1776678c2ee][09:17:06.657227] qca6490( 5192): [5192:I:HDD] wlan_hdd_bus_resume: starting bus resume
04-02 14:47:06.323 I/[binder][0x1776678dd53][09:17:06.657579] qca6490( 5192): [5192:I:PMO] pmo_core_psoc_send_host_wakeup_ind_to_fw: Host wakeup indication sent to fw
04-02 14:47:06.333 I/[    C5] [soft_i][0x177667bdbee][09(    0): 17:06.667801] qca6490: [0:I:WMA] Non-WLAN triggered wakeup: UNSPECIFIED (-1)
04-02 14:47:06.334 I/[binder][0x177667bf880][09:17:06.668181] qca6490( 5192): [5192:I:HDD] wlan_hdd_bus_resume: bus resume succeeded
04-02 14:47:06.334 I/[kworke][0x177667c0176][09:17:06.668301] qca6490(15034): [15034:I:HDD] hdd_resume_wlan: WLAN being resumed by OS
04-02 14:47:06.334 I/[kworke][0x177667c0699][09:17:06.668369] qca6490(15034): [15034:I:HDD] hdd_disable_host_offloads: vdev is not connected
04-02 14:47:06.336 I/        ( 5192): OOM killer enabled.
04-02 14:47:06.336 I/        ( 5192): Restarting tasks ...
04-02 14:47:06.338 E/smcinvoke( 1637): process_accept_req: process_accept_req txn 1 either invalid or removed from Q
04-02 14:47:06.338 E/smcinvoke( 1638): process_accept_req: process_accept_req txn 2 either invalid or removed from Q
04-02 14:47:06.338 E/smcinvoke( 1732): process_accept_req: process_accept_req txn 5 either invalid or removed from Q
04-02 14:47:06.338 E/smcinvoke( 1731): process_accept_req: process_accept_req txn 1 either invalid or removed from Q
04-02 14:47:06.338 E/smcinvoke( 1733): process_accept_req: process_accept_req txn 7 either invalid or removed from Q
04-02 14:47:06.338 E/smcinvoke( 1739): process_accept_req: process_accept_req txn 7 either invalid or removed from Q
04-02 14:47:06.338 E/smcinvoke( 1738): process_accept_req: process_accept_req txn 6 either invalid or removed from Q
04-02 14:47:06.338 E/smcinvoke( 1753): process_accept_req: process_accept_req txn 4 either invalid or removed from Q
04-02 14:47:06.338 E/smcinvoke( 1751): process_accept_req: process_accept_req txn 5 either invalid or removed from Q
04-02 14:47:06.339 E/smcinvoke( 1755): process_accept_req: process_accept_req txn 3 either invalid or removed from Q
04-02 14:47:06.339 E/smcinvoke( 8827): process_accept_req: process_accept_req txn 2 either invalid or removed from Q
04-02 14:47:06.339 E/smcinvoke( 1734): process_accept_req: process_accept_req txn 6 either invalid or removed from Q
04-02 14:47:06.343 E/smcinvoke( 1736): process_accept_req: process_accept_req txn 5 either invalid or removed from Q
04-02 14:47:06.348 W/        ( 5192): done.
04-02 14:47:06.348 I/        ( 5192): Resume caused by IRQ 35, ipa
04-02 14:47:06.348 E/ipa_pm_notify( 5192): 498 Entry
04-02 14:47:06.348 E/ipa_pm_notify( 5192): 510 Exit
04-02 14:47:06.348 I/adsp_sleepmon( 5192): PM_POST_SUSPEND
04-02 14:47:06.348 I/PM      ( 5192): suspend exit
04-02 14:47:06.349 I/adsp_sleepmon(  487): timer_event = 0,suspend_event = 1
04-02 14:47:06.523 I/PM      ( 5192): suspend entry (s2idle)
04-02 14:47:06.534 I/Filesystems sync( 5192): 0.011 seconds
04-02 14:47:06.535 E/ipa_pm_notify( 5192): 498 Entry
04-02 14:47:06.535 E/ipa_pm_notify( 5192): 510 Exit
04-02 14:47:06.535 I/        ( 5192): Freezing user space processes ...
04-02 14:47:06.537 E/smcinvoke( 1637): process_accept_req: Server id :17 interrupted probaby due to suspend, pid:1637
04-02 14:47:06.537 E/smcinvoke( 1638): process_accept_req: Server id :17 interrupted probaby due to suspend, pid:1638
04-02 14:47:06.537 E/smcinvoke( 1639): process_accept_req: Server id :17 interrupted probaby due to suspend, pid:1639
04-02 14:47:06.537 E/smcinvoke( 1708): process_accept_req: Server id :18 interrupted probaby due to suspend, pid:1708
04-02 14:47:06.537 E/smcinvoke( 1709): process_accept_req: Server id :18 interrupted probaby due to suspend, pid:1709
04-02 14:47:06.537 E/smcinvoke( 1710): process_accept_req: Server id :18 interrupted probaby due to suspend, pid:1710
04-02 14:47:06.537 E/smcinvoke( 1640): process_accept_req: Server id :17 interrupted probaby due to suspend, pid:1640
04-02 14:47:06.537 E/smcinvoke( 1711): process_accept_req: Server id :18 interrupted probaby due to suspend, pid:1711
04-02 14:47:06.537 E/smcinvoke( 1731): process_accept_req: Server id :21 interrupted probaby due to suspend, pid:1731
04-02 14:47:06.538 E/smcinvoke( 1732): process_accept_req: Server id :21 interrupted probaby due to suspend, pid:1732
04-02 14:47:06.538 E/smcinvoke( 1733): process_accept_req: Server id :21 interrupted probaby due to suspend, pid:1733
04-02 14:47:06.538 E/smcinvoke( 1736): process_accept_req: Server id :22 interrupted probaby due to suspend, pid:1736
04-02 14:47:06.538 E/smcinvoke( 1737): process_accept_req: Server id :22 interrupted probaby due to suspend, pid:1737
04-02 14:47:06.538 E/smcinvoke( 1738): process_accept_req: Server id :22 interrupted probaby due to suspend, pid:1738
04-02 14:47:06.538 E/smcinvoke( 1734): process_accept_req: Server id :21 interrupted probaby due to suspend, pid:1734
04-02 14:47:06.538 E/smcinvoke( 1753): process_accept_req: Server id :24 interrupted probaby due to suspend, pid:1753
04-02 14:47:06.538 E/smcinvoke( 1739): process_accept_req: Server id :22 interrupted probaby due to suspend, pid:1739
04-02 14:47:06.538 E/smcinvoke( 1751): process_accept_req: Server id :24 interrupted probaby due to suspend, pid:1751
04-02 14:47:06.538 E/smcinvoke( 1754): process_accept_req: Server id :24 interrupted probaby due to suspend, pid:1754
04-02 14:47:06.538 E/smcinvoke( 1755): process_accept_req: Server id :24 interrupted probaby due to suspend, pid:1755
04-02 14:47:06.539 E/smcinvoke( 8827): process_accept_req: Server id :29 interrupted probaby due to suspend, pid:8827
04-02 14:47:06.539 E/smcinvoke( 8828): process_accept_req: Server id :29 interrupted probaby due to suspend, pid:8828
04-02 14:47:06.539 E/smcinvoke( 8830): process_accept_req: Server id :29 interrupted probaby due to suspend, pid:8830
04-02 14:47:06.539 E/smcinvoke( 8829): process_accept_req: Server id :29 interrupted probaby due to suspend, pid:8829
04-02 14:47:06.562 W/        ( 5192): (elapsed 0.026 seconds) done.
04-02 14:47:06.562 I/        ( 5192): OOM killer disabled.
04-02 14:47:06.562 I/        ( 5192): Freezing remaining freezable tasks ... (elapsed 0.006 seconds) done.
04-02 14:47:06.568 I/printk  ( 5192): Suspending console(s) (use no_console_suspend to debug)
04-02 14:47:06.572 I/[kworke][0x17766c1d24a][09:17:06.906605] qca6490(15034): [15034:I:HDD] hdd_suspend_wlan: WLAN being suspended by OS
04-02 14:47:06.572 I/[kworke][0x17766c1dc1b][09:17:06.906736] qca6490(15034): [15034:I:PMO] pmo_core_is_wow_applicable: lpass enabled, enabling wow
04-02 14:47:06.578 I/[binder][0x17766c39d71][09:17:06.912727] qca6490( 5192): [5192:I:HDD] __wlan_hdd_bus_suspend: starting bus suspend
04-02 14:47:06.578 I/[binder][0x17766c3a3ba][09:17:06.912811] qca6490( 5192): [5192:I:PMO] pmo_core_enable_wow_in_fw: drv wow is enabled
04-02 14:47:06.579 I/[binder][0x17766c3a4b2][09:17:06.912824] qca6490( 5192): [5192:I:PMO] pmo_core_enable_wow_in_fw: system suspend wow
04-02 14:47:06.598 I/[binder][0x17766c9597c][09:17:06.932301] qca6490( 5192): [5192:I:HIF] hif_try_complete_tasks: waiting for tasklets 0 grp tasklets 0 work 2
04-02 14:47:06.617 I/[binder][0x17766ced68b][09:17:06.951035] qca6490( 5192): [5192:I:HDD] __wlan_hdd_bus_suspend: bus suspend succeeded
04-02 14:47:06.624 I/[haptic_hv][0279]aw8692x_wait_enter_standby( 5192): entered standby!
04-02 14:47:06.624 I/        ( 5192): aw20036_suspend vip 0 fact 0 always 0 (0)
04-02 14:47:06.624 I/        ( 5192): aw20036_suspend goto suspend
04-02 14:47:06.624 I/aw20036_hw_off( 5192): enter
04-02 14:47:06.632 I/sd 0    ( 6860): 0:0:5: [sdf] Synchronizing SCSI cache
04-02 14:47:06.633 I/sd 0    (15034): 0:0:4: [sde] Synchronizing SCSI cache
04-02 14:47:06.633 I/sd 0    (15047): 0:0:3: [sdd] Synchronizing SCSI cache
04-02 14:47:06.634 I/sd 0    (15035): 0:0:0: [sda] Synchronizing SCSI cache
04-02 14:47:06.654 I/suspend ns(    0): 60719302266641      suspend cycles:    1612338280113
04-02 14:47:06.654 I/resume cycles(    0): 1612338296193
04-02 14:47:06.656 I/suspend ns(    0): 60719303968672      suspend cycles:    1612338328872
04-02 14:47:06.656 I/resume cycles(    0): 1612338335132
04-02 14:47:06.657 I/suspend ns(    0): 60719305461901      suspend cycles:    1612338363802
04-02 14:47:06.657 I/resume cycles(    0): 1612422565074
04-02 14:47:06.657 W/[    C2] PM(    0): pm_system_irq_wakeup: 35 triggered ipa
04-02 14:47:06.659 I/PM      ( 5192): PM: Pending Wakeup Sources: [timerfd]
04-02 14:47:06.673 I/        ( 5192): aw20036_resume (1)
04-02 14:47:06.673 I/        ( 5192): aw20036_resume is suspend
04-02 14:47:06.681 I/[binder][0x1776be6d1d4][09:17:11.401959] qca6490( 5192): [5192:I:HDD] wlan_hdd_bus_resume: starting bus resume
04-02 14:47:06.682 I/[binder][0x1776be7054f][09:17:11.402645] qca6490( 5192): [5192:I:PMO] pmo_core_psoc_send_host_wakeup_ind_to_fw: Host wakeup indication sent to fw
04-02 14:47:06.691 I/[    C5] [soft_i][0x1776be9d738][09(    0): 17:11.412271] qca6490: [0:I:WMA] Non-WLAN triggered wakeup: UNSPECIFIED (-1)
04-02 14:47:06.692 I/[binder][0x1776be9e625][09:17:11.412470] qca6490( 5192): [5192:I:HDD] wlan_hdd_bus_resume: bus resume succeeded
04-02 14:47:06.692 I/[kworke][0x1776be9eef3][09:17:11.412587] qca6490(15041): [15041:I:HDD] hdd_resume_wlan: WLAN being resumed by OS
04-02 14:47:06.692 I/[kworke][0x1776be9f43a][09:17:11.412657] qca6490(15041): [15041:I:HDD] hdd_disable_host_offloads: vdev is not connected
04-02 14:47:06.696 I/        ( 5192): OOM killer enabled.
04-02 14:47:06.696 I/        ( 5192): Restarting tasks ...
04-02 14:47:06.700 E/smcinvoke( 1638): process_accept_req: process_accept_req txn 2 either invalid or removed from Q
04-02 14:47:06.700 E/smcinvoke( 1734): process_accept_req: process_accept_req txn 6 either invalid or removed from Q
04-02 14:47:06.700 E/smcinvoke( 1736): process_accept_req: process_accept_req txn 5 either invalid or removed from Q
04-02 14:47:06.700 E/smcinvoke( 1738): process_accept_req: process_accept_req txn 6 either invalid or removed from Q
04-02 14:47:06.700 E/smcinvoke( 1739): process_accept_req: process_accept_req txn 7 either invalid or removed from Q
04-02 14:47:06.717 E/smcinvoke( 1732): process_accept_req: process_accept_req txn 5 either invalid or removed from Q
04-02 14:47:06.717 E/smcinvoke( 1751): process_accept_req: process_accept_req txn 5 either invalid or removed from Q
04-02 14:47:06.717 E/smcinvoke( 1755): process_accept_req: process_accept_req txn 3 either invalid or removed from Q
04-02 14:47:06.718 E/smcinvoke( 1637): process_accept_req: process_accept_req txn 1 either invalid or removed from Q
04-02 14:47:06.718 W/        ( 5192): done.
04-02 14:47:06.718 I/        ( 5192): Resume caused by IRQ 35, ipa
04-02 14:47:06.718 E/ipa_pm_notify( 5192): 498 Entry
04-02 14:47:06.718 E/ipa_pm_notify( 5192): 510 Exit
04-02 14:47:06.718 I/adsp_sleepmon( 5192): PM_POST_SUSPEND
04-02 14:47:06.718 E/smcinvoke( 1731): process_accept_req: process_accept_req txn 1 either invalid or removed from Q
04-02 14:47:06.718 E/smcinvoke( 1733): process_accept_req: process_accept_req txn 7 either invalid or removed from Q
04-02 14:47:06.718 E/smcinvoke( 1753): process_accept_req: process_accept_req txn 4 either invalid or removed from Q
04-02 14:47:06.718 I/PM      ( 5192): suspend exit
04-02 14:47:06.718 I/adsp_sleepmon(  487): timer_event = 0,suspend_event = 1
04-02 14:47:06.718 E/smcinvoke( 8827): process_accept_req: process_accept_req txn 2 either invalid or removed from Q
04-02 14:47:07.047 E/simulated_ntc( 4625): proc_shell_write write invalid para
04-02 14:47:07.134 I/PM      ( 5192): suspend entry (s2idle)
04-02 14:47:07.143 I/Filesystems sync( 5192): 0.008 seconds
04-02 14:47:07.143 E/ipa_pm_notify( 5192): 498 Entry
04-02 14:47:07.143 E/ipa_pm_notify( 5192): 510 Exit
04-02 14:47:07.143 I/        ( 5192): Freezing user space processes ...
04-02 14:47:07.146 E/smcinvoke( 1637): process_accept_req: Server id :17 interrupted probaby due to suspend, pid:1637
04-02 14:47:07.146 E/smcinvoke( 1638): process_accept_req: Server id :17 interrupted probaby due to suspend, pid:1638
04-02 14:47:07.146 E/smcinvoke( 1639): process_accept_req: Server id :17 interrupted probaby due to suspend, pid:1639
04-02 14:47:07.146 E/smcinvoke( 1640): process_accept_req: Server id :17 interrupted probaby due to suspend, pid:1640
04-02 14:47:07.146 E/smcinvoke( 1709): process_accept_req: Server id :18 interrupted probaby due to suspend, pid:1709
04-02 14:47:07.146 E/smcinvoke( 1710): process_accept_req: Server id :18 interrupted probaby due to suspend, pid:1710
04-02 14:47:07.146 E/smcinvoke( 1708): process_accept_req: Server id :18 interrupted probaby due to suspend, pid:1708
04-02 14:47:07.146 E/smcinvoke( 1711): process_accept_req: Server id :18 interrupted probaby due to suspend, pid:1711
04-02 14:47:07.146 E/smcinvoke( 1731): process_accept_req: Server id :21 interrupted probaby due to suspend, pid:1731
04-02 14:47:07.146 E/smcinvoke( 1732): process_accept_req: Server id :21 interrupted probaby due to suspend, pid:1732
04-02 14:47:07.147 E/smcinvoke( 1733): process_accept_req: Server id :21 interrupted probaby due to suspend, pid:1733
04-02 14:47:07.147 E/smcinvoke( 1734): process_accept_req: Server id :21 interrupted probaby due to suspend, pid:1734
04-02 14:47:07.147 E/smcinvoke( 1736): process_accept_req: Server id :22 interrupted probaby due to suspend, pid:1736
04-02 14:47:07.147 E/smcinvoke( 1737): process_accept_req: Server id :22 interrupted probaby due to suspend, pid:1737
04-02 14:47:07.147 E/smcinvoke( 1738): process_accept_req: Server id :22 interrupted probaby due to suspend, pid:1738
04-02 14:47:07.147 E/smcinvoke( 1739): process_accept_req: Server id :22 interrupted probaby due to suspend, pid:1739
04-02 14:47:07.147 E/smcinvoke( 1753): process_accept_req: Server id :24 interrupted probaby due to suspend, pid:1753
04-02 14:47:07.147 E/smcinvoke( 1751): process_accept_req: Server id :24 interrupted probaby due to suspend, pid:1751
04-02 14:47:07.147 E/smcinvoke( 1754): process_accept_req: Server id :24 interrupted probaby due to suspend, pid:1754
04-02 14:47:07.147 E/smcinvoke( 1755): process_accept_req: Server id :24 interrupted probaby due to suspend, pid:1755
04-02 14:47:07.147 E/smcinvoke( 8827): process_accept_req: Server id :29 interrupted probaby due to suspend, pid:8827
04-02 14:47:07.148 E/smcinvoke( 8828): process_accept_req: Server id :29 interrupted probaby due to suspend, pid:8828
04-02 14:47:07.148 E/smcinvoke( 8829): process_accept_req: Server id :29 interrupted probaby due to suspend, pid:8829
04-02 14:47:07.148 E/smcinvoke( 8830): process_accept_req: Server id :29 interrupted probaby due to suspend, pid:8830
04-02 14:47:07.163 I/PM      ( 5192): PM: Pending Wakeup Sources: IPA_CLIENT_APPS_LAN_CONS
04-02 14:47:07.163 E/        ( 5192): Freezing of tasks aborted after 0.020 seconds
04-02 14:47:07.163 I/        ( 5192): OOM killer enabled.
04-02 14:47:07.163 I/        ( 5192): Restarting tasks ...
04-02 14:47:07.165 E/smcinvoke( 1638): process_accept_req: process_accept_req txn 2 either invalid or removed from Q
04-02 14:47:07.165 E/smcinvoke( 1637): process_accept_req: process_accept_req txn 1 either invalid or removed from Q
04-02 14:47:07.166 E/smcinvoke( 1731): process_accept_req: process_accept_req txn 1 either invalid or removed from Q
04-02 14:47:07.166 E/smcinvoke( 1732): process_accept_req: process_accept_req txn 5 either invalid or removed from Q
04-02 14:47:07.166 E/smcinvoke( 1734): process_accept_req: process_accept_req txn 6 either invalid or removed from Q
04-02 14:47:07.166 E/smcinvoke( 1736): process_accept_req: process_accept_req txn 5 either invalid or removed from Q
04-02 14:47:07.166 E/smcinvoke( 1739): process_accept_req: process_accept_req txn 7 either invalid or removed from Q
04-02 14:47:07.166 E/smcinvoke( 1733): process_accept_req: process_accept_req txn 7 either invalid or removed from Q
04-02 14:47:07.166 E/smcinvoke( 1753): process_accept_req: process_accept_req txn 4 either invalid or removed from Q
04-02 14:47:07.166 E/smcinvoke( 1755): process_accept_req: process_accept_req txn 3 either invalid or removed from Q
04-02 14:47:07.166 E/smcinvoke( 1738): process_accept_req: process_accept_req txn 6 either invalid or removed from Q
04-02 14:47:07.166 E/smcinvoke( 1751): process_accept_req: process_accept_req txn 5 either invalid or removed from Q
04-02 14:47:07.166 E/smcinvoke( 8827): process_accept_req: process_accept_req txn 2 either invalid or removed from Q
04-02 14:47:07.180 W/        ( 5192): done.
04-02 14:47:07.181 I/Abort   ( 5192): Pending Wakeup Sources: IPA_CLIENT_APPS_LAN_CONS
04-02 14:47:07.181 E/ipa_pm_notify( 5192): 498 Entry
04-02 14:47:07.181 E/ipa_pm_notify( 5192): 510 Exit
04-02 14:47:07.181 I/adsp_sleepmon( 5192): PM_POST_SUSPEND
04-02 14:47:07.181 I/PM      ( 5192): suspend exit
04-02 14:47:07.181 I/adsp_sleepmon(  487): timer_event = 0,suspend_event = 1
04-02 14:47:07.284 I/[kworke][0x1776c97871c][09:17:12.005123] qca6490( 5383): [5383:I:PMO] pmo_core_enable_wow_in_fw: drv wow is enabled
04-02 14:47:07.313 I/[kworke][0x1776ca011ad][09:17:12.034277] qca6490( 5383): [5383:I:HIF] hif_try_complete_tasks: waiting for tasklets 0 grp tasklets 0 work 2
04-02 14:47:07.388 I/PM      ( 5192): suspend entry (s2idle)
04-02 14:47:07.393 I/Filesystems sync( 5192): 0.005 seconds
04-02 14:47:07.394 E/ipa_pm_notify( 5192): 498 Entry
04-02 14:47:07.394 E/ipa_pm_notify( 5192): 510 Exit
04-02 14:47:07.394 I/        ( 5192): Freezing user space processes ...
04-02 14:47:07.397 E/smcinvoke( 1637): process_accept_req: Server id :17 interrupted probaby due to suspend, pid:1637
04-02 14:47:07.397 E/smcinvoke( 1638): process_accept_req: Server id :17 interrupted probaby due to suspend, pid:1638
04-02 14:47:07.397 E/smcinvoke( 1639): process_accept_req: Server id :17 interrupted probaby due to suspend, pid:1639
04-02 14:47:07.397 E/smcinvoke( 1640): process_accept_req: Server id :17 interrupted probaby due to suspend, pid:1640
04-02 14:47:07.397 E/smcinvoke( 1709): process_accept_req: Server id :18 interrupted probaby due to suspend, pid:1709
04-02 14:47:07.397 E/smcinvoke( 1710): process_accept_req: Server id :18 interrupted probaby due to suspend, pid:1710
04-02 14:47:07.397 E/smcinvoke( 1708): process_accept_req: Server id :18 interrupted probaby due to suspend, pid:1708
04-02 14:47:07.398 E/smcinvoke( 1711): process_accept_req: Server id :18 interrupted probaby due to suspend, pid:1711
04-02 14:47:07.398 E/smcinvoke( 1731): process_accept_req: Server id :21 interrupted probaby due to suspend, pid:1731
04-02 14:47:07.398 E/smcinvoke( 1732): process_accept_req: Server id :21 interrupted probaby due to suspend, pid:1732
04-02 14:47:07.398 E/smcinvoke( 1734): process_accept_req: Server id :21 interrupted probaby due to suspend, pid:1734
04-02 14:47:07.398 E/smcinvoke( 1736): process_accept_req: Server id :22 interrupted probaby due to suspend, pid:1736
04-02 14:47:07.398 E/smcinvoke( 1733): process_accept_req: Server id :21 interrupted probaby due to suspend, pid:1733
04-02 14:47:07.398 E/smcinvoke( 1738): process_accept_req: Server id :22 interrupted probaby due to suspend, pid:1738
04-02 14:47:07.398 E/smcinvoke( 1739): process_accept_req: Server id :22 interrupted probaby due to suspend, pid:1739
04-02 14:47:07.398 E/smcinvoke( 1737): process_accept_req: Server id :22 interrupted probaby due to suspend, pid:1737
04-02 14:47:07.398 E/smcinvoke( 1753): process_accept_req: Server id :24 interrupted probaby due to suspend, pid:1753
04-02 14:47:07.399 E/smcinvoke( 1751): process_accept_req: Server id :24 interrupted probaby due to suspend, pid:1751
04-02 14:47:07.399 E/smcinvoke( 1755): process_accept_req: Server id :24 interrupted probaby due to suspend, pid:1755
04-02 14:47:07.399 E/smcinvoke( 1754): process_accept_req: Server id :24 interrupted probaby due to suspend, pid:1754
04-02 14:47:07.399 E/smcinvoke( 8827): process_accept_req: Server id :29 interrupted probaby due to suspend, pid:8827
04-02 14:47:07.399 E/smcinvoke( 8828): process_accept_req: Server id :29 interrupted probaby due to suspend, pid:8828
04-02 14:47:07.399 E/smcinvoke( 8829): process_accept_req: Server id :29 interrupted probaby due to suspend, pid:8829
04-02 14:47:07.399 E/smcinvoke( 8830): process_accept_req: Server id :29 interrupted probaby due to suspend, pid:8830
04-02 14:47:07.422 I/PM      ( 5192): PM: Pending Wakeup Sources: IPA_CLIENT_APPS_LAN_CONS
04-02 14:47:07.422 E/        ( 5192): Freezing of tasks aborted after 0.028 seconds
04-02 14:47:07.422 I/        ( 5192): OOM killer enabled.
04-02 14:47:07.422 I/        ( 5192): Restarting tasks ...
04-02 14:47:07.424 E/smcinvoke( 1638): process_accept_req: process_accept_req txn 2 either invalid or removed from Q
04-02 14:47:07.424 E/smcinvoke( 1732): process_accept_req: process_accept_req txn 5 either invalid or removed from Q
04-02 14:47:07.424 E/smcinvoke( 1734): process_accept_req: process_accept_req txn 6 either invalid or removed from Q
04-02 14:47:07.424 E/smcinvoke( 1739): process_accept_req: process_accept_req txn 7 either invalid or removed from Q
04-02 14:47:07.424 E/smcinvoke( 1731): process_accept_req: process_accept_req txn 1 either invalid or removed from Q
04-02 14:47:07.424 E/smcinvoke( 1751): process_accept_req: process_accept_req txn 5 either invalid or removed from Q
04-02 14:47:07.424 E/smcinvoke( 1733): process_accept_req: process_accept_req txn 7 either invalid or removed from Q
04-02 14:47:07.424 E/smcinvoke( 1736): process_accept_req: process_accept_req txn 5 either invalid or removed from Q
04-02 14:47:07.424 E/smcinvoke( 1738): process_accept_req: process_accept_req txn 6 either invalid or removed from Q
04-02 14:47:07.424 E/smcinvoke( 1753): process_accept_req: process_accept_req txn 4 either invalid or removed from Q
04-02 14:47:07.424 E/smcinvoke( 1755): process_accept_req: process_accept_req txn 3 either invalid or removed from Q
04-02 14:47:07.424 E/smcinvoke( 1637): process_accept_req: process_accept_req txn 1 either invalid or removed from Q
04-02 14:47:07.424 E/smcinvoke( 8827): process_accept_req: process_accept_req txn 2 either invalid or removed from Q
04-02 14:47:07.439 W/        ( 5192): done.
04-02 14:47:07.439 I/Abort   ( 5192): Pending Wakeup Sources: IPA_CLIENT_APPS_LAN_CONS
04-02 14:47:07.439 E/ipa_pm_notify( 5192): 498 Entry
04-02 14:47:07.439 E/ipa_pm_notify( 5192): 510 Exit
04-02 14:47:07.439 I/adsp_sleepmon( 5192): PM_POST_SUSPEND
04-02 14:47:07.439 I/PM      ( 5192): suspend exit
04-02 14:47:07.439 I/adsp_sleepmon(  487): timer_event = 0,suspend_event = 1
04-02 14:47:07.936 I/PM      ( 5192): suspend entry (s2idle)
04-02 14:47:07.940 I/Filesystems sync( 5192): 0.004 seconds
04-02 14:47:07.940 E/ipa_pm_notify( 5192): 498 Entry
04-02 14:47:07.940 E/ipa_pm_notify( 5192): 510 Exit
04-02 14:47:07.940 I/        ( 5192): Freezing user space processes ...
04-02 14:47:07.944 E/smcinvoke( 1637): process_accept_req: Server id :17 interrupted probaby due to suspend, pid:1637
04-02 14:47:07.944 E/smcinvoke( 1638): process_accept_req: Server id :17 interrupted probaby due to suspend, pid:1638
04-02 14:47:07.944 E/smcinvoke( 1639): process_accept_req: Server id :17 interrupted probaby due to suspend, pid:1639
04-02 14:47:07.944 E/smcinvoke( 1640): process_accept_req: Server id :17 interrupted probaby due to suspend, pid:1640
04-02 14:47:07.944 E/smcinvoke( 1708): process_accept_req: Server id :18 interrupted probaby due to suspend, pid:1708
04-02 14:47:07.944 E/smcinvoke( 1710): process_accept_req: Server id :18 interrupted probaby due to suspend, pid:1710
04-02 14:47:07.944 E/smcinvoke( 1711): process_accept_req: Server id :18 interrupted probaby due to suspend, pid:1711
04-02 14:47:07.944 E/smcinvoke( 1709): process_accept_req: Server id :18 interrupted probaby due to suspend, pid:1709
04-02 14:47:07.944 E/smcinvoke( 1732): process_accept_req: Server id :21 interrupted probaby due to suspend, pid:1732
04-02 14:47:07.944 E/smcinvoke( 1731): process_accept_req: Server id :21 interrupted probaby due to suspend, pid:1731
04-02 14:47:07.944 E/smcinvoke( 1733): process_accept_req: Server id :21 interrupted probaby due to suspend, pid:1733
04-02 14:47:07.944 E/smcinvoke( 1734): process_accept_req: Server id :21 interrupted probaby due to suspend, pid:1734
04-02 14:47:07.944 E/smcinvoke( 1737): process_accept_req: Server id :22 interrupted probaby due to suspend, pid:1737
04-02 14:47:07.944 E/smcinvoke( 1736): process_accept_req: Server id :22 interrupted probaby due to suspend, pid:1736
04-02 14:47:07.944 E/smcinvoke( 1739): process_accept_req: Server id :22 interrupted probaby due to suspend, pid:1739
04-02 14:47:07.944 E/smcinvoke( 1738): process_accept_req: Server id :22 interrupted probaby due to suspend, pid:1738
04-02 14:47:07.944 E/smcinvoke( 1751): process_accept_req: Server id :24 interrupted probaby due to suspend, pid:1751
04-02 14:47:07.944 E/smcinvoke( 1753): process_accept_req: Server id :24 interrupted probaby due to suspend, pid:1753
04-02 14:47:07.944 E/smcinvoke( 1755): process_accept_req: Server id :24 interrupted probaby due to suspend, pid:1755
04-02 14:47:07.944 E/smcinvoke( 1754): process_accept_req: Server id :24 interrupted probaby due to suspend, pid:1754
04-02 14:47:07.945 E/smcinvoke( 8827): process_accept_req: Server id :29 interrupted probaby due to suspend, pid:8827
04-02 14:47:07.945 E/smcinvoke( 8828): process_accept_req: Server id :29 interrupted probaby due to suspend, pid:8828
04-02 14:47:07.945 E/smcinvoke( 8830): process_accept_req: Server id :29 interrupted probaby due to suspend, pid:8830
04-02 14:47:07.945 E/smcinvoke( 8829): process_accept_req: Server id :29 interrupted probaby due to suspend, pid:8829
04-02 14:47:07.967 I/PM      ( 5192): PM: Pending Wakeup Sources: IPA_CLIENT_APPS_LAN_CONS
04-02 14:47:07.967 E/        ( 5192): Freezing of tasks aborted after 0.026 seconds
04-02 14:47:07.967 I/        ( 5192): OOM killer enabled.
04-02 14:47:07.967 I/        ( 5192): Restarting tasks ...
04-02 14:47:07.969 E/smcinvoke( 1637): process_accept_req: process_accept_req txn 1 either invalid or removed from Q
04-02 14:47:07.969 E/smcinvoke( 1638): process_accept_req: process_accept_req txn 2 either invalid or removed from Q
04-02 14:47:07.969 E/smcinvoke( 1731): process_accept_req: process_accept_req txn 1 either invalid or removed from Q
04-02 14:47:07.969 E/smcinvoke( 1732): process_accept_req: process_accept_req txn 5 either invalid or removed from Q
04-02 14:47:07.969 E/smcinvoke( 1733): process_accept_req: process_accept_req txn 7 either invalid or removed from Q
04-02 14:47:07.969 E/smcinvoke( 1734): process_accept_req: process_accept_req txn 6 either invalid or removed from Q
04-02 14:47:07.969 E/smcinvoke( 1736): process_accept_req: process_accept_req txn 5 either invalid or removed from Q
04-02 14:47:07.969 E/smcinvoke( 1739): process_accept_req: process_accept_req txn 7 either invalid or removed from Q
04-02 14:47:07.969 E/smcinvoke( 1738): process_accept_req: process_accept_req txn 6 either invalid or removed from Q
04-02 14:47:07.969 E/smcinvoke( 1751): process_accept_req: process_accept_req txn 5 either invalid or removed from Q
04-02 14:47:07.969 E/smcinvoke( 1753): process_accept_req: process_accept_req txn 4 either invalid or removed from Q
04-02 14:47:07.969 E/smcinvoke( 1755): process_accept_req: process_accept_req txn 3 either invalid or removed from Q
04-02 14:47:07.970 E/smcinvoke( 8827): process_accept_req: process_accept_req txn 2 either invalid or removed from Q
04-02 14:47:07.983 W/        ( 5192): done.
04-02 14:47:07.983 I/Abort   ( 5192): Pending Wakeup Sources: IPA_CLIENT_APPS_LAN_CONS
04-02 14:47:07.983 E/ipa_pm_notify( 5192): 498 Entry
04-02 14:47:07.983 E/ipa_pm_notify( 5192): 510 Exit
04-02 14:47:07.983 I/adsp_sleepmon( 5192): PM_POST_SUSPEND
04-02 14:47:07.983 I/PM      ( 5192): suspend exit
04-02 14:47:07.983 I/adsp_sleepmon(  487): timer_event = 0,suspend_event = 1
04-02 14:47:08.939 I/PM      ( 5192): suspend entry (s2idle)
04-02 14:47:08.953 I/Filesystems sync( 5192): 0.014 seconds
04-02 14:47:08.953 E/ipa_pm_notify( 5192): 498 Entry
04-02 14:47:08.953 E/ipa_pm_notify( 5192): 510 Exit
04-02 14:47:08.953 I/        ( 5192): Freezing user space processes ...
04-02 14:47:08.956 E/smcinvoke( 1637): process_accept_req: Server id :17 interrupted probaby due to suspend, pid:1637
04-02 14:47:08.956 E/smcinvoke( 1638): process_accept_req: Server id :17 interrupted probaby due to suspend, pid:1638
04-02 14:47:08.956 E/smcinvoke( 1639): process_accept_req: Server id :17 interrupted probaby due to suspend, pid:1639
04-02 14:47:08.956 E/smcinvoke( 1640): process_accept_req: Server id :17 interrupted probaby due to suspend, pid:1640
04-02 14:47:08.957 E/smcinvoke( 1708): process_accept_req: Server id :18 interrupted probaby due to suspend, pid:1708
04-02 14:47:08.957 E/smcinvoke( 1709): process_accept_req: Server id :18 interrupted probaby due to suspend, pid:1709
04-02 14:47:08.957 E/smcinvoke( 1710): process_accept_req: Server id :18 interrupted probaby due to suspend, pid:1710
04-02 14:47:08.957 E/smcinvoke( 1711): process_accept_req: Server id :18 interrupted probaby due to suspend, pid:1711
04-02 14:47:08.957 E/smcinvoke( 1731): process_accept_req: Server id :21 interrupted probaby due to suspend, pid:1731
04-02 14:47:08.957 E/smcinvoke( 1732): process_accept_req: Server id :21 interrupted probaby due to suspend, pid:1732
04-02 14:47:08.957 E/smcinvoke( 1733): process_accept_req: Server id :21 interrupted probaby due to suspend, pid:1733
04-02 14:47:08.957 E/smcinvoke( 1734): process_accept_req: Server id :21 interrupted probaby due to suspend, pid:1734
04-02 14:47:08.957 E/smcinvoke( 1736): process_accept_req: Server id :22 interrupted probaby due to suspend, pid:1736
04-02 14:47:08.957 E/smcinvoke( 1738): process_accept_req: Server id :22 interrupted probaby due to suspend, pid:1738
04-02 14:47:08.957 E/smcinvoke( 1739): process_accept_req: Server id :22 interrupted probaby due to suspend, pid:1739
04-02 14:47:08.957 E/smcinvoke( 1737): process_accept_req: Server id :22 interrupted probaby due to suspend, pid:1737
04-02 14:47:08.957 E/smcinvoke( 1751): process_accept_req: Server id :24 interrupted probaby due to suspend, pid:1751
04-02 14:47:08.957 E/smcinvoke( 1754): process_accept_req: Server id :24 interrupted probaby due to suspend, pid:1754
04-02 14:47:08.957 E/smcinvoke( 1753): process_accept_req: Server id :24 interrupted probaby due to suspend, pid:1753
04-02 14:47:08.957 E/smcinvoke( 1755): process_accept_req: Server id :24 interrupted probaby due to suspend, pid:1755
04-02 14:47:08.958 E/smcinvoke( 8827): process_accept_req: Server id :29 interrupted probaby due to suspend, pid:8827
04-02 14:47:08.958 E/smcinvoke( 8828): process_accept_req: Server id :29 interrupted probaby due to suspend, pid:8828
04-02 14:47:08.958 E/smcinvoke( 8830): process_accept_req: Server id :29 interrupted probaby due to suspend, pid:8830
04-02 14:47:08.958 E/smcinvoke( 8829): process_accept_req: Server id :29 interrupted probaby due to suspend, pid:8829
04-02 14:47:08.982 I/PM      ( 5192): PM: Pending Wakeup Sources: IPA_CLIENT_APPS_LAN_CONS
04-02 14:47:08.982 E/        ( 5192): Freezing of tasks aborted after 0.029 seconds
04-02 14:47:08.983 I/        ( 5192): OOM killer enabled.
04-02 14:47:08.983 I/        ( 5192): Restarting tasks ...
04-02 14:47:08.985 E/smcinvoke( 1637): process_accept_req: process_accept_req txn 1 either invalid or removed from Q
04-02 14:47:08.985 E/smcinvoke( 1638): process_accept_req: process_accept_req txn 2 either invalid or removed from Q
04-02 14:47:08.985 E/smcinvoke( 1731): process_accept_req: process_accept_req txn 1 either invalid or removed from Q
04-02 14:47:08.985 E/smcinvoke( 1732): process_accept_req: process_accept_req txn 5 either invalid or removed from Q
04-02 14:47:08.985 E/smcinvoke( 1736): process_accept_req: process_accept_req txn 5 either invalid or removed from Q
04-02 14:47:08.985 E/smcinvoke( 1733): process_accept_req: process_accept_req txn 7 either invalid or removed from Q
04-02 14:47:08.985 E/smcinvoke( 1734): process_accept_req: process_accept_req txn 6 either invalid or removed from Q
04-02 14:47:08.985 E/smcinvoke( 1738): process_accept_req: process_accept_req txn 6 either invalid or removed from Q
04-02 14:47:08.985 E/smcinvoke( 1739): process_accept_req: process_accept_req txn 7 either invalid or removed from Q
04-02 14:47:08.985 E/smcinvoke( 1751): process_accept_req: process_accept_req txn 5 either invalid or removed from Q
04-02 14:47:08.985 E/smcinvoke( 1755): process_accept_req: process_accept_req txn 3 either invalid or removed from Q
04-02 14:47:08.985 E/smcinvoke( 1753): process_accept_req: process_accept_req txn 4 either invalid or removed from Q
04-02 14:47:08.986 E/smcinvoke( 8827): process_accept_req: process_accept_req txn 2 either invalid or removed from Q
04-02 14:47:09.001 W/        ( 5192): done.
04-02 14:47:09.001 I/Abort   ( 5192): Pending Wakeup Sources: IPA_CLIENT_APPS_LAN_CONS
04-02 14:47:09.001 E/ipa_pm_notify( 5192): 498 Entry
04-02 14:47:09.001 E/ipa_pm_notify( 5192): 510 Exit
04-02 14:47:09.001 I/adsp_sleepmon( 5192): PM_POST_SUSPEND
04-02 14:47:09.001 I/PM      ( 5192): suspend exit
04-02 14:47:09.001 I/adsp_sleepmon(  487): timer_event = 0,suspend_event = 1
04-02 14:47:10.426 I/sd 0    ( 5383): 0:0:5: [sdf] Synchronizing SCSI cache
04-02 14:47:10.426 I/sd 0    ( 9256): 0:0:3: [sdd] Synchronizing SCSI cache
04-02 14:47:10.607 I/PM      ( 5192): suspend entry (s2idle)
04-02 14:47:10.619 I/Filesystems sync( 5192): 0.012 seconds
04-02 14:47:10.619 E/ipa_pm_notify( 5192): 498 Entry
04-02 14:47:10.619 E/ipa_pm_notify( 5192): 510 Exit
04-02 14:47:10.620 I/        ( 5192): Freezing user space processes ...
04-02 14:47:10.623 E/smcinvoke( 1637): process_accept_req: Server id :17 interrupted probaby due to suspend, pid:1637
04-02 14:47:10.623 E/smcinvoke( 1638): process_accept_req: Server id :17 interrupted probaby due to suspend, pid:1638
04-02 14:47:10.623 E/smcinvoke( 1639): process_accept_req: Server id :17 interrupted probaby due to suspend, pid:1639
04-02 14:47:10.623 E/smcinvoke( 1640): process_accept_req: Server id :17 interrupted probaby due to suspend, pid:1640
04-02 14:47:10.623 E/smcinvoke( 1709): process_accept_req: Server id :18 interrupted probaby due to suspend, pid:1709
04-02 14:47:10.623 E/smcinvoke( 1708): process_accept_req: Server id :18 interrupted probaby due to suspend, pid:1708
04-02 14:47:10.623 E/smcinvoke( 1711): process_accept_req: Server id :18 interrupted probaby due to suspend, pid:1711
04-02 14:47:10.623 E/smcinvoke( 1710): process_accept_req: Server id :18 interrupted probaby due to suspend, pid:1710
04-02 14:47:10.623 E/smcinvoke( 1731): process_accept_req: Server id :21 interrupted probaby due to suspend, pid:1731
04-02 14:47:10.623 E/smcinvoke( 1732): process_accept_req: Server id :21 interrupted probaby due to suspend, pid:1732
04-02 14:47:10.623 E/smcinvoke( 1736): process_accept_req: Server id :22 interrupted probaby due to suspend, pid:1736
04-02 14:47:10.623 E/smcinvoke( 1733): process_accept_req: Server id :21 interrupted probaby due to suspend, pid:1733
04-02 14:47:10.623 E/smcinvoke( 1738): process_accept_req: Server id :22 interrupted probaby due to suspend, pid:1738
04-02 14:47:10.623 E/smcinvoke( 1734): process_accept_req: Server id :21 interrupted probaby due to suspend, pid:1734
04-02 14:47:10.623 E/smcinvoke( 1737): process_accept_req: Server id :22 interrupted probaby due to suspend, pid:1737
04-02 14:47:10.624 E/smcinvoke( 1739): process_accept_req: Server id :22 interrupted probaby due to suspend, pid:1739
04-02 14:47:10.624 E/smcinvoke( 1751): process_accept_req: Server id :24 interrupted probaby due to suspend, pid:1751
04-02 14:47:10.624 E/smcinvoke( 1755): process_accept_req: Server id :24 interrupted probaby due to suspend, pid:1755
04-02 14:47:10.624 E/smcinvoke( 1754): process_accept_req: Server id :24 interrupted probaby due to suspend, pid:1754
04-02 14:47:10.624 E/smcinvoke( 1753): process_accept_req: Server id :24 interrupted probaby due to suspend, pid:1753
04-02 14:47:10.624 E/smcinvoke( 8827): process_accept_req: Server id :29 interrupted probaby due to suspend, pid:8827
04-02 14:47:10.624 E/smcinvoke( 8828): process_accept_req: Server id :29 interrupted probaby due to suspend, pid:8828
04-02 14:47:10.624 E/smcinvoke( 8830): process_accept_req: Server id :29 interrupted probaby due to suspend, pid:8830
04-02 14:47:10.624 E/smcinvoke( 8829): process_accept_req: Server id :29 interrupted probaby due to suspend, pid:8829
04-02 14:47:10.635 W/        ( 5192): process 2718 (fingerprint@2.3) no longer affine to cpu0
04-02 14:47:10.652 W/        ( 5192): (elapsed 0.032 seconds) done.
04-02 14:47:10.652 I/        ( 5192): OOM killer disabled.
04-02 14:47:10.652 I/        ( 5192): Freezing remaining freezable tasks ... (elapsed 0.007 seconds) done.
04-02 14:47:10.660 I/printk  ( 5192): Suspending console(s) (use no_console_suspend to debug)
04-02 14:47:10.675 I/[kworke][0x17770790cfc][09:17:15.396348] qca6490( 6861): [6861:I:PMO] pmo_core_psoc_send_host_wakeup_ind_to_fw: Host wakeup indication sent to fw
04-02 14:47:10.687 I/[kworke][0x177707c745b][09:17:15.407966] qca6490( 6861): [6861:I:HDD] hdd_suspend_wlan: WLAN being suspended by OS
04-02 14:47:10.687 I/[kworke][0x177707c79c3][09:17:15.408038] qca6490( 6861): [6861:I:PMO] pmo_core_is_wow_applicable: lpass enabled, enabling wow
04-02 14:47:10.688 I/[binder][0x177707ca113][09:17:15.408562] qca6490( 5192): [5192:I:HDD] __wlan_hdd_bus_suspend: starting bus suspend
04-02 14:47:10.688 I/[binder][0x177707ca74b][09:17:15.408645] qca6490( 5192): [5192:I:PMO] pmo_core_enable_wow_in_fw: drv wow is enabled
04-02 14:47:10.688 I/[binder][0x177707ca7e4][09:17:15.408653] qca6490( 5192): [5192:I:PMO] pmo_core_enable_wow_in_fw: system suspend wow
04-02 14:47:10.710 I/[binder][0x17770834445][09:17:15.431218] qca6490( 5192): [5192:I:HDD] __wlan_hdd_bus_suspend: bus suspend succeeded
04-02 14:47:10.725 I/[haptic_hv][0279]aw8692x_wait_enter_standby( 5192): entered standby!
04-02 14:47:10.725 I/        ( 5192): aw20036_suspend vip 0 fact 0 always 0 (0)
04-02 14:47:10.725 I/        ( 5192): aw20036_suspend goto suspend
04-02 14:47:10.725 I/aw20036_hw_off( 5192): enter
04-02 14:47:10.732 I/sd 0    (15034): 0:0:4: [sde] Synchronizing SCSI cache
04-02 14:47:10.732 I/sd 0    ( 6861): 0:0:0: [sda] Synchronizing SCSI cache
04-02 14:47:10.750 I/suspend ns(    0): 60723398486913      suspend cycles:    1612501151154
04-02 14:47:10.750 I/resume cycles(    0): 1612536333502
04-02 14:47:10.750 W/[    C2] PM(    0): pm_system_irq_wakeup: 35 triggered ipa
04-02 14:47:10.753 I/PM      ( 5192): PM: Pending Wakeup Sources: [timerfd]
04-02 14:47:10.766 I/        ( 5192): aw20036_resume (1)
04-02 14:47:10.766 I/        ( 5192): aw20036_resume is suspend
04-02 14:47:10.776 I/[binder][0x17772af5e53][09:17:17.329379] qca6490( 5192): [5192:I:HDD] wlan_hdd_bus_resume: starting bus resume
04-02 14:47:10.776 I/[binder][0x17772af7b9e][09:17:17.329769] qca6490( 5192): [5192:I:PMO] pmo_core_psoc_send_host_wakeup_ind_to_fw: Host wakeup indication sent to fw
04-02 14:47:10.788 I/[    C5] [soft_i][0x17772b2e602][09(    0): 17:17.341428] qca6490: [0:I:WMA] Non-WLAN triggered wakeup: UNSPECIFIED (-1)
04-02 14:47:10.790 I/[binder][0x17772b36743][09:17:17.343151] qca6490( 5192): [5192:I:HDD] wlan_hdd_bus_resume: bus resume succeeded
04-02 14:47:10.791 I/[kworke][0x17772b3a801][09:17:17.344014] qca6490(15047): [15047:I:HDD] hdd_resume_wlan: WLAN being resumed by OS
04-02 14:47:10.791 I/[kworke][0x17772b3b0c2][09:17:17.344131] qca6490(15047): [15047:I:HDD] hdd_disable_host_offloads: vdev is not connected
04-02 14:47:10.793 I/        ( 5192): OOM killer enabled.
04-02 14:47:10.793 I/        ( 5192): Restarting tasks ...
04-02 14:47:10.795 E/smcinvoke( 1637): process_accept_req: process_accept_req txn 1 either invalid or removed from Q
04-02 14:47:10.795 E/smcinvoke( 1638): process_accept_req: process_accept_req txn 2 either invalid or removed from Q
04-02 14:47:10.796 E/smcinvoke( 1736): process_accept_req: process_accept_req txn 5 either invalid or removed from Q
04-02 14:47:10.796 E/smcinvoke( 1751): process_accept_req: process_accept_req txn 5 either invalid or removed from Q
04-02 14:47:10.796 E/smcinvoke( 1731): process_accept_req: process_accept_req txn 1 either invalid or removed from Q
04-02 14:47:10.796 E/smcinvoke( 1733): process_accept_req: process_accept_req txn 7 either invalid or removed from Q
04-02 14:47:10.796 E/smcinvoke( 1734): process_accept_req: process_accept_req txn 6 either invalid or removed from Q
04-02 14:47:10.796 E/smcinvoke( 1739): process_accept_req: process_accept_req txn 7 either invalid or removed from Q
04-02 14:47:10.797 E/smcinvoke( 1732): process_accept_req: process_accept_req txn 5 either invalid or removed from Q
04-02 14:47:10.799 E/smcinvoke( 1738): process_accept_req: process_accept_req txn 6 either invalid or removed from Q
04-02 14:47:10.799 E/smcinvoke( 1753): process_accept_req: process_accept_req txn 4 either invalid or removed from Q
04-02 14:47:10.799 E/smcinvoke( 1755): process_accept_req: process_accept_req txn 3 either invalid or removed from Q
04-02 14:47:10.800 E/smcinvoke( 8827): process_accept_req: process_accept_req txn 2 either invalid or removed from Q
04-02 14:47:10.806 W/        ( 5192): done.
04-02 14:47:10.806 I/        ( 5192): Resume caused by IRQ 35, ipa
04-02 14:47:10.806 E/ipa_pm_notify( 5192): 498 Entry
04-02 14:47:10.806 E/ipa_pm_notify( 5192): 510 Exit
04-02 14:47:10.806 I/adsp_sleepmon( 5192): PM_POST_SUSPEND
04-02 14:47:10.806 I/PM      ( 5192): suspend exit
04-02 14:47:10.807 I/adsp_sleepmon(  487): timer_event = 0,suspend_event = 1
04-02 14:47:10.987 I/PM      ( 5192): suspend entry (s2idle)
04-02 14:47:10.996 I/Filesystems sync( 5192): 0.008 seconds
04-02 14:47:10.996 E/ipa_pm_notify( 5192): 498 Entry
04-02 14:47:10.996 E/ipa_pm_notify( 5192): 510 Exit
04-02 14:47:10.996 I/        ( 5192): Freezing user space processes ...
04-02 14:47:10.999 E/smcinvoke( 1637): process_accept_req: Server id :17 interrupted probaby due to suspend, pid:1637
04-02 14:47:10.999 E/smcinvoke( 1638): process_accept_req: Server id :17 interrupted probaby due to suspend, pid:1638
04-02 14:47:10.999 E/smcinvoke( 1639): process_accept_req: Server id :17 interrupted probaby due to suspend, pid:1639
04-02 14:47:10.999 E/smcinvoke( 1640): process_accept_req: Server id :17 interrupted probaby due to suspend, pid:1640
04-02 14:47:10.999 E/smcinvoke( 1708): process_accept_req: Server id :18 interrupted probaby due to suspend, pid:1708
04-02 14:47:10.999 E/smcinvoke( 1709): process_accept_req: Server id :18 interrupted probaby due to suspend, pid:1709
04-02 14:47:10.999 E/smcinvoke( 1710): process_accept_req: Server id :18 interrupted probaby due to suspend, pid:1710
04-02 14:47:10.999 E/smcinvoke( 1711): process_accept_req: Server id :18 interrupted probaby due to suspend, pid:1711
04-02 14:47:10.999 E/smcinvoke( 1732): process_accept_req: Server id :21 interrupted probaby due to suspend, pid:1732
04-02 14:47:10.999 E/smcinvoke( 1731): process_accept_req: Server id :21 interrupted probaby due to suspend, pid:1731
04-02 14:47:10.999 E/smcinvoke( 1733): process_accept_req: Server id :21 interrupted probaby due to suspend, pid:1733
04-02 14:47:10.999 E/smcinvoke( 1734): process_accept_req: Server id :21 interrupted probaby due to suspend, pid:1734
04-02 14:47:10.999 E/smcinvoke( 1736): process_accept_req: Server id :22 interrupted probaby due to suspend, pid:1736
04-02 14:47:10.999 E/smcinvoke( 1737): process_accept_req: Server id :22 interrupted probaby due to suspend, pid:1737
04-02 14:47:10.999 E/smcinvoke( 1738): process_accept_req: Server id :22 interrupted probaby due to suspend, pid:1738
04-02 14:47:10.999 E/smcinvoke( 1739): process_accept_req: Server id :22 interrupted probaby due to suspend, pid:1739
04-02 14:47:10.999 E/smcinvoke( 1751): process_accept_req: Server id :24 interrupted probaby due to suspend, pid:1751
04-02 14:47:11.000 E/smcinvoke( 1754): process_accept_req: Server id :24 interrupted probaby due to suspend, pid:1754
04-02 14:47:11.000 E/smcinvoke( 1753): process_accept_req: Server id :24 interrupted probaby due to suspend, pid:1753
04-02 14:47:11.000 E/smcinvoke( 1755): process_accept_req: Server id :24 interrupted probaby due to suspend, pid:1755
04-02 14:47:11.000 E/smcinvoke( 8827): process_accept_req: Server id :29 interrupted probaby due to suspend, pid:8827
04-02 14:47:11.000 E/smcinvoke( 8830): process_accept_req: Server id :29 interrupted probaby due to suspend, pid:8830
04-02 14:47:11.000 E/smcinvoke( 8828): process_accept_req: Server id :29 interrupted probaby due to suspend, pid:8828
04-02 14:47:11.000 E/smcinvoke( 8829): process_accept_req: Server id :29 interrupted probaby due to suspend, pid:8829
04-02 14:47:11.018 I/PM      ( 5192): PM: Pending Wakeup Sources: IPA_CLIENT_APPS_LAN_CONS
04-02 14:47:11.018 E/        ( 5192): Freezing of tasks aborted after 0.021 seconds
04-02 14:47:11.018 I/        ( 5192): OOM killer enabled.
04-02 14:47:11.018 I/        ( 5192): Restarting tasks ...
04-02 14:47:11.020 E/smcinvoke( 1637): process_accept_req: process_accept_req txn 1 either invalid or removed from Q
04-02 14:47:11.020 E/smcinvoke( 1638): process_accept_req: process_accept_req txn 2 either invalid or removed from Q
04-02 14:47:11.020 E/smcinvoke( 1732): process_accept_req: process_accept_req txn 5 either invalid or removed from Q
04-02 14:47:11.020 E/smcinvoke( 1733): process_accept_req: process_accept_req txn 7 either invalid or removed from Q
04-02 14:47:11.020 E/smcinvoke( 1734): process_accept_req: process_accept_req txn 6 either invalid or removed from Q
04-02 14:47:11.020 E/smcinvoke( 1738): process_accept_req: process_accept_req txn 6 either invalid or removed from Q
04-02 14:47:11.020 E/smcinvoke( 1751): process_accept_req: process_accept_req txn 5 either invalid or removed from Q
04-02 14:47:11.020 E/smcinvoke( 1731): process_accept_req: process_accept_req txn 1 either invalid or removed from Q
04-02 14:47:11.020 E/smcinvoke( 1753): process_accept_req: process_accept_req txn 4 either invalid or removed from Q
04-02 14:47:11.020 E/smcinvoke( 1755): process_accept_req: process_accept_req txn 3 either invalid or removed from Q
04-02 14:47:11.020 E/smcinvoke( 1736): process_accept_req: process_accept_req txn 5 either invalid or removed from Q
04-02 14:47:11.020 E/smcinvoke( 8827): process_accept_req: process_accept_req txn 2 either invalid or removed from Q
04-02 14:47:11.020 E/smcinvoke( 1739): process_accept_req: process_accept_req txn 7 either invalid or removed from Q
04-02 14:47:11.031 W/        ( 5192): done.
04-02 14:47:11.032 I/Abort   ( 5192): Pending Wakeup Sources: IPA_CLIENT_APPS_LAN_CONS
04-02 14:47:11.032 E/ipa_pm_notify( 5192): 498 Entry
04-02 14:47:11.032 E/ipa_pm_notify( 5192): 510 Exit
04-02 14:47:11.032 I/adsp_sleepmon( 5192): PM_POST_SUSPEND
04-02 14:47:11.032 I/PM      ( 5192): suspend exit
04-02 14:47:11.032 I/adsp_sleepmon(  487): timer_event = 0,suspend_event = 1
04-02 14:47:11.234 I/PM      ( 5192): suspend entry (s2idle)
04-02 14:47:11.239 I/Filesystems sync( 5192): 0.004 seconds
04-02 14:47:11.239 E/ipa_pm_notify( 5192): 498 Entry
04-02 14:47:11.239 E/ipa_pm_notify( 5192): 510 Exit
04-02 14:47:11.239 I/        ( 5192): Freezing user space processes ...
04-02 14:47:11.243 E/smcinvoke( 1637): process_accept_req: Server id :17 interrupted probaby due to suspend, pid:1637
04-02 14:47:11.243 E/smcinvoke( 1638): process_accept_req: Server id :17 interrupted probaby due to suspend, pid:1638
04-02 14:47:11.243 E/smcinvoke( 1639): process_accept_req: Server id :17 interrupted probaby due to suspend, pid:1639
04-02 14:47:11.243 E/smcinvoke( 1640): process_accept_req: Server id :17 interrupted probaby due to suspend, pid:1640
04-02 14:47:11.243 E/smcinvoke( 1709): process_accept_req: Server id :18 interrupted probaby due to suspend, pid:1709
04-02 14:47:11.243 E/smcinvoke( 1711): process_accept_req: Server id :18 interrupted probaby due to suspend, pid:1711
04-02 14:47:11.243 E/smcinvoke( 1708): process_accept_req: Server id :18 interrupted probaby due to suspend, pid:1708
04-02 14:47:11.243 E/smcinvoke( 1710): process_accept_req: Server id :18 interrupted probaby due to suspend, pid:1710
04-02 14:47:11.243 E/smcinvoke( 1736): process_accept_req: Server id :22 interrupted probaby due to suspend, pid:1736
04-02 14:47:11.243 E/smcinvoke( 1732): process_accept_req: Server id :21 interrupted probaby due to suspend, pid:1732
04-02 14:47:11.243 E/smcinvoke( 1731): process_accept_req: Server id :21 interrupted probaby due to suspend, pid:1731
04-02 14:47:11.243 E/smcinvoke( 1734): process_accept_req: Server id :21 interrupted probaby due to suspend, pid:1734
04-02 14:47:11.243 E/smcinvoke( 1733): process_accept_req: Server id :21 interrupted probaby due to suspend, pid:1733
04-02 14:47:11.243 E/smcinvoke( 1738): process_accept_req: Server id :22 interrupted probaby due to suspend, pid:1738
04-02 14:47:11.244 E/smcinvoke( 1737): process_accept_req: Server id :22 interrupted probaby due to suspend, pid:1737
