--------- beginning of crash
05-11 14:43:52.718 F/libc    (  613): Fatal signal 6 (SIGABRT), code -1 (SI_QUEUE) in tid 613 (init), pid 613 (init)
05-11 14:43:52.818 F/libc    (  613): crash_dump helper failed to exec, or was killed
04-01 15:28:09.669 F/libc    ( 4578): Fatal signal 6 (SIGABRT), code -1 (SI_QUEUE) in tid 4578 (init), pid 4578 (init)
04-01 15:28:09.704 F/libc    ( 4578): crash_dump helper failed to exec, or was killed
04-02 07:30:16.576 E/AndroidRuntime( 4606): FATAL EXCEPTION: DefaultDispatcher-worker-1
04-02 07:30:16.576 E/AndroidRuntime( 4606): Process: com.intel.mde, PID: 4606
04-02 07:30:16.576 E/AndroidRuntime( 4606): java.net.SocketTimeoutException: timeout
04-02 07:30:16.576 E/AndroidRuntime( 4606): 	at okhttp3.internal.http2.i$d.B(Unknown Source:4)
04-02 07:30:16.576 E/AndroidRuntime( 4606): 	at okhttp3.internal.http2.i$d.H(Unknown Source:8)
04-02 07:30:16.576 E/AndroidRuntime( 4606): 	at okhttp3.internal.http2.i.H(Unknown Source:26)
04-02 07:30:16.576 E/AndroidRuntime( 4606): 	at okhttp3.internal.http2.g.g(Unknown Source:4)
04-02 07:30:16.576 E/AndroidRuntime( 4606): 	at okhttp3.internal.connection.c.r(Unknown Source:2)
04-02 07:30:16.576 E/AndroidRuntime( 4606): 	at okhttp3.internal.http.b.a(Unknown Source:170)
04-02 07:30:16.576 E/AndroidRuntime( 4606): 	at okhttp3.internal.http.g.e(Unknown Source:151)
04-02 07:30:16.576 E/AndroidRuntime( 4606): 	at okhttp3.internal.connection.a.a(Unknown Source:32)
04-02 07:30:16.576 E/AndroidRuntime( 4606): 	at okhttp3.internal.http.g.e(Unknown Source:151)
04-02 07:30:16.576 E/AndroidRuntime( 4606): 	at okhttp3.internal.cache.a.a(Unknown Source:189)
04-02 07:30:16.576 E/AndroidRuntime( 4606): 	at okhttp3.internal.http.g.e(Unknown Source:151)
04-02 07:30:16.576 E/AndroidRuntime( 4606): 	at okhttp3.internal.http.a.a(Unknown Source:170)
04-02 07:30:16.576 E/AndroidRuntime( 4606): 	at okhttp3.internal.http.g.e(Unknown Source:151)
04-02 07:30:16.576 E/AndroidRuntime( 4606): 	at okhttp3.internal.http.j.a(Unknown Source:34)
04-02 07:30:16.576 E/AndroidRuntime( 4606): 	at okhttp3.internal.http.g.e(Unknown Source:151)
04-02 07:30:16.576 E/AndroidRuntime( 4606): 	at okhttp3.internal.connection.e.s(Unknown Source:117)
04-02 07:30:16.576 E/AndroidRuntime( 4606): 	at okhttp3.internal.connection.e$a.run(Unknown Source:44)
04-02 07:30:16.576 E/AndroidRuntime( 4606): 	at java.util.concurrent.ThreadPoolExecutor.runWorker(ThreadPoolExecutor.java:1145)
04-02 07:30:16.576 E/AndroidRuntime( 4606): 	at java.util.concurrent.ThreadPoolExecutor$Worker.run(ThreadPoolExecutor.java:644)
04-02 07:30:16.576 E/AndroidRuntime( 4606): 	at java.lang.Thread.run(Thread.java:1012)
04-02 07:30:16.576 E/AndroidRuntime( 4606): 	Suppressed: kotlinx.coroutines.internal.l: [k1{Cancelling}@3b74fea, Dispatchers.IO]
--------- beginning of kernel
04-02 14:43:25.080 I/goodix_fp(  902): [info] goodix_panel_state_chg_callback go to the goodix_fb_state_chg_callback type = 4
04-02 14:43:25.080 I/goodix_fp(  902): goodix_panel_state_chg_callback defalut
04-02 14:43:25.082 I/[drm:dsi_display_set_mode [msm_drm]] [msm-dsi-info](  902): mdp_transfer_time=5883, hactive=1080, vactive=2412, fps=120, clk_rate=897000000
04-02 14:43:25.102 I/richtap_file_unlocked_ioctl( 4619): cmd=0x5205, arg=0x7f
04-02 14:43:25.103 I/richtap_file_unlocked_ioctl( 4617): cmd=0x5205, arg=0x7f
04-02 14:43:25.103 I/richtap_file_unlocked_ioctl( 4617): cmd=0x520a, arg=0x0
04-02 14:43:25.104 I/[haptic_hv][0279]aw8692x_wait_enter_standby( 4617): entered standby!
04-02 14:43:25.104 I/[haptic_hv][0423]aw8692x_upload_lra( 4617): write osc_cali_data to trim_lra = 0x00
04-02 14:43:25.105 I/        (30915): richtap_rtp_work rtp 1837 tm_len = 408
04-02 14:43:25.105 I/[haptic_hv][0344]aw8692x_play_mode(30915): enter rtp mode
04-02 14:43:25.106 I/[haptic_hv][0293]aw8692x_bst_mode_config(30915): haptic bst mode = bst
04-02 14:43:25.107 I/[haptic_hv][0260]aw8692x_play_go(30915): enter, flag = 1
04-02 14:43:25.108 I/richtap_rtp_start(30915): wait for RTP_GO, glb_state=0x01
04-02 14:43:25.110 I/richtap_rtp_start(30915): RTP_GO! glb_state=0x08
04-02 14:43:25.110 I/        (30915): richtap_rtp_work start richtap play
04-02 14:43:25.160 I/        ( 1049): [GTP-INF][goodix_ts_report_finger] ACTION_UP
04-02 14:43:25.760 W/servicemanager(  592): Isolated app with UID 90002 requested 'network_management', but the service is not allowed for isolated apps.
04-02 14:43:25.764 W/servicemanager(  592): Isolated app with UID 90002 requested 'connectivity', but the service is not allowed for isolated apps.
04-02 14:43:25.769 W/servicemanager(  592): Isolated app with UID 90002 requested 'dual_apps', but the service is not allowed for isolated apps.
04-02 14:43:25.771 W/servicemanager(  592): Isolated app with UID 90002 requested 'uimode', but the service is not allowed for isolated apps.
04-02 14:43:25.775 W/servicemanager(  592): Isolated app with UID 90002 requested 'content_capture', but the service is not allowed for isolated apps.
04-02 14:43:25.792 I/goodix_fp(  902): [info] goodix_panel_state_chg_callback go to the goodix_fb_state_chg_callback type = 4
04-02 14:43:25.792 I/goodix_fp(  902): goodix_panel_state_chg_callback defalut
04-02 14:43:25.794 I/[drm:dsi_display_set_mode [msm_drm]] [msm-dsi-info](  902): mdp_transfer_time=5883, hactive=1080, vactive=2412, fps=90, clk_rate=897000000
04-02 14:43:25.915 W/binder_cleanup_transaction(13289): 308 callbacks suppressed
04-02 14:43:25.916 I/binder  (13289): undelivered transaction 38477333, process died.
04-02 14:43:25.916 I/binder  (13289): undelivered transaction 38477336, process died.
04-02 14:43:25.916 I/binder  (13289): undelivered transaction 38477332, process died.
04-02 14:43:25.979 I/(virq   ( 6849): irq_count)- GICv3:IPI(1):131569394 GICv3:arch_timer(11):58148963 GICv3:IPI(6):15117991 GICv3:ipcc_0(30):6805617 GICv3:IPI(2):5646833 GICv3:apps_rsc(24):5368276 GICv3:msm_drm(252):4423931 ipcc:glink-native-slpi(365):4228423 ipcc:glink-native-adsp(364):3961742 GICv3:gsi(36):3501114
04-02 14:43:25.980 I/(cpu    ( 6849): irq_count)- 0:55173670 1:51069998 2:49227295 3:48587457 4:15907882 5:14001321 6:14081168 7:3863602
04-02 14:43:25.980 I/(ipi    ( 6849): irq_count)- 0:131569394 1:5646833 2:0 3:0 4:0 5:15117991 6:0
04-02 14:43:25.983 I/[GTP-INF][goodix_ts_report_finger] ACTION_DOWN( 1049): 1, 1, id[0], x 788, y 487, w 37
04-02 14:43:26.054 I/        ( 1049): [GTP-INF][goodix_ts_report_finger] ACTION_UP
04-02 14:43:26.112 I/goodix_fp(  902): [info] goodix_panel_state_chg_callback go to the goodix_fb_state_chg_callback type = 4
04-02 14:43:26.112 I/goodix_fp(  902): goodix_panel_state_chg_callback defalut
04-02 14:43:26.114 I/[drm:dsi_display_set_mode [msm_drm]] [msm-dsi-info](  902): mdp_transfer_time=5883, hactive=1080, vactive=2412, fps=120, clk_rate=897000000
04-02 14:43:26.724 I/goodix_fp(  902): [info] goodix_panel_state_chg_callback go to the goodix_fb_state_chg_callback type = 4
04-02 14:43:26.724 I/goodix_fp(  902): goodix_panel_state_chg_callback defalut
04-02 14:43:26.725 I/[drm:dsi_display_set_mode [msm_drm]] [msm-dsi-info](  902): mdp_transfer_time=5883, hactive=1080, vactive=2412, fps=90, clk_rate=897000000
04-02 14:43:27.832 I/[GTP-INF][goodix_ts_report_finger] ACTION_DOWN( 1049): 1, 1, id[0], x 737, y 1752, w 24
04-02 14:43:27.983 I/        ( 1049): [GTP-INF][goodix_ts_report_finger] ACTION_UP
04-02 14:43:28.247 I/[GTP-INF][goodix_ts_report_finger] ACTION_DOWN( 1049): 1, 1, id[0], x 1076, y 1135, w 12
04-02 14:43:28.283 I/richtap_file_unlocked_ioctl( 4619): cmd=0x5205, arg=0x7f
04-02 14:43:28.284 I/richtap_file_unlocked_ioctl( 4617): cmd=0x5205, arg=0x7f
04-02 14:43:28.284 I/richtap_file_unlocked_ioctl( 4617): cmd=0x520a, arg=0x0
04-02 14:43:28.285 I/[haptic_hv][0279]aw8692x_wait_enter_standby( 4617): entered standby!
04-02 14:43:28.285 I/[haptic_hv][0423]aw8692x_upload_lra( 4617): write osc_cali_data to trim_lra = 0x00
04-02 14:43:28.291 I/        (30915): richtap_rtp_work rtp 1837 tm_len = 408
04-02 14:43:28.291 I/[haptic_hv][0344]aw8692x_play_mode(30915): enter rtp mode
04-02 14:43:28.291 I/[haptic_hv][0293]aw8692x_bst_mode_config(30915): haptic bst mode = bst
04-02 14:43:28.292 I/[haptic_hv][0260]aw8692x_play_go(30915): enter, flag = 1
04-02 14:43:28.294 I/richtap_rtp_start(30915): wait for RTP_GO, glb_state=0x01
04-02 14:43:28.296 I/richtap_rtp_start(30915): RTP_GO! glb_state=0x08
04-02 14:43:28.296 I/        (30915): richtap_rtp_work start richtap play
04-02 14:43:28.304 I/goodix_fp(  902): [info] goodix_panel_state_chg_callback go to the goodix_fb_state_chg_callback type = 4
04-02 14:43:28.304 I/goodix_fp(  902): goodix_panel_state_chg_callback defalut
04-02 14:43:28.306 I/[drm:dsi_display_set_mode [msm_drm]] [msm-dsi-info](  902): mdp_transfer_time=5883, hactive=1080, vactive=2412, fps=120, clk_rate=897000000
04-02 14:43:28.327 I/        ( 1049): [GTP-INF][goodix_ts_report_finger] ACTION_UP
04-02 14:43:28.815 I/sd 0    ( 5979): 0:0:4: [sde] Synchronizing SCSI cache
04-02 14:43:28.926 I/goodix_fp(  902): [info] goodix_panel_state_chg_callback go to the goodix_fb_state_chg_callback type = 4
04-02 14:43:28.926 I/goodix_fp(  902): goodix_panel_state_chg_callback defalut
04-02 14:43:28.928 I/[drm:dsi_display_set_mode [msm_drm]] [msm-dsi-info](  902): mdp_transfer_time=5883, hactive=1080, vactive=2412, fps=90, clk_rate=897000000
04-02 14:43:28.928 I/[GTP-INF][goodix_ts_report_finger] ACTION_DOWN( 1049): 1, 1, id[0], x 789, y 640, w 35
04-02 14:43:28.982 I/        ( 1049): [GTP-INF][goodix_ts_report_finger] ACTION_UP
04-02 14:43:29.054 I/goodix_fp(  902): [info] goodix_panel_state_chg_callback go to the goodix_fb_state_chg_callback type = 4
04-02 14:43:29.054 I/goodix_fp(  902): goodix_panel_state_chg_callback defalut
04-02 14:43:29.055 I/[drm:dsi_display_set_mode [msm_drm]] [msm-dsi-info](  902): mdp_transfer_time=5883, hactive=1080, vactive=2412, fps=120, clk_rate=897000000
04-02 14:43:29.318 E/simulated_ntc( 4625): proc_shell_write write invalid para
04-02 14:43:29.674 I/goodix_fp(  902): [info] goodix_panel_state_chg_callback go to the goodix_fb_state_chg_callback type = 4
04-02 14:43:29.674 I/goodix_fp(  902): goodix_panel_state_chg_callback defalut
04-02 14:43:29.676 I/[drm:dsi_display_set_mode [msm_drm]] [msm-dsi-info](  902): mdp_transfer_time=5883, hactive=1080, vactive=2412, fps=90, clk_rate=897000000
04-02 14:43:32.787 I/sd 0    ( 9256): 0:0:4: [sde] Synchronizing SCSI cache
04-02 14:43:33.081 I/[GTP-INF][goodix_ts_report_finger] ACTION_DOWN( 1049): 1, 1, id[0], x 422, y 2341, w 33
04-02 14:43:33.189 I/        ( 1049): [GTP-INF][goodix_ts_report_finger] ACTION_UP
04-02 14:43:33.370 E/        (    0): [    C2] qcom,gpr 3000000.remoteproc-adsp:glink-edge.adsp_apps.-1.-1: gpr_callback: Acquire wakelock in case of module event with timeout 200
04-02 14:43:33.389 W/servicemanager(  592): Isolated app with UID 99000 requested 'audio', but the service is not allowed for isolated apps.
04-02 14:43:33.391 W/servicemanager(  592): Isolated app with UID 99000 requested 'audio', but the service is not allowed for isolated apps.
04-02 14:43:33.440 I/adsp_sleepmon(14057): Audio: num_sessions=2,num_lpi_sessions=1,timer_pending=0
04-02 14:43:34.316 E/simulated_ntc( 4625): proc_shell_write write invalid para
04-02 14:43:34.373 I/[GTP-INF][goodix_ts_report_finger] ACTION_DOWN( 1049): 1, 1, id[0], x 357, y 2296, w 37
04-02 14:43:34.431 I/adsp_sleepmon( 1901): Audio: num_sessions=1,num_lpi_sessions=1,timer_pending=1
04-02 14:43:34.444 I/        ( 1049): [GTP-INF][goodix_ts_report_finger] ACTION_UP
04-02 14:43:34.450 I/adsp_sleepmon( 1901): Audio: num_sessions=0,num_lpi_sessions=0,timer_pending=1
04-02 14:43:34.547 I/adsp_sleepmon( 1901): Audio: num_sessions=1,num_lpi_sessions=1,timer_pending=1
04-02 14:43:35.070 I/[GTP-INF][goodix_ts_report_finger] ACTION_DOWN( 1049): 1, 1, id[0], x 307, y 1838, w 26
04-02 14:43:35.087 I/richtap_file_unlocked_ioctl( 4619): cmd=0x5205, arg=0x7f
04-02 14:43:35.089 I/richtap_file_unlocked_ioctl( 4617): cmd=0x5205, arg=0x7f
04-02 14:43:35.089 I/richtap_file_unlocked_ioctl( 4617): cmd=0x520a, arg=0x0
04-02 14:43:35.090 I/[haptic_hv][0279]aw8692x_wait_enter_standby( 4617): entered standby!
04-02 14:43:35.090 I/[haptic_hv][0423]aw8692x_upload_lra( 4617): write osc_cali_data to trim_lra = 0x00
04-02 14:43:35.099 I/        ( 6844): richtap_rtp_work rtp 1837 tm_len = 408
04-02 14:43:35.099 I/[haptic_hv][0344]aw8692x_play_mode( 6844): enter rtp mode
04-02 14:43:35.099 I/[haptic_hv][0293]aw8692x_bst_mode_config( 6844): haptic bst mode = bst
04-02 14:43:35.100 I/[haptic_hv][0260]aw8692x_play_go( 6844): enter, flag = 1
04-02 14:43:35.101 I/richtap_rtp_start( 6844): wait for RTP_GO, glb_state=0x01
04-02 14:43:35.104 I/richtap_rtp_start( 6844): RTP_GO! glb_state=0x08
04-02 14:43:35.104 I/        ( 6844): richtap_rtp_work start richtap play
04-02 14:43:35.148 I/        ( 1049): [GTP-INF][goodix_ts_report_finger] ACTION_UP
04-02 14:43:35.216 I/[GTP-INF][goodix_ts_report_finger] ACTION_DOWN( 1049): 1, 1, id[0], x 747, y 2125, w 32
04-02 14:43:35.234 I/richtap_file_unlocked_ioctl( 4619): cmd=0x5205, arg=0x7f
04-02 14:43:35.235 I/richtap_file_unlocked_ioctl( 4617): cmd=0x5205, arg=0x7f
04-02 14:43:35.235 I/richtap_file_unlocked_ioctl( 4617): cmd=0x520a, arg=0x0
04-02 14:43:35.236 I/[haptic_hv][0279]aw8692x_wait_enter_standby( 4617): entered standby!
04-02 14:43:35.236 I/[haptic_hv][0423]aw8692x_upload_lra( 4617): write osc_cali_data to trim_lra = 0x00
04-02 14:43:35.243 I/        ( 6846): richtap_rtp_work rtp 1837 tm_len = 408
04-02 14:43:35.243 I/[haptic_hv][0344]aw8692x_play_mode( 6846): enter rtp mode
04-02 14:43:35.243 I/[haptic_hv][0293]aw8692x_bst_mode_config( 6846): haptic bst mode = bst
04-02 14:43:35.244 I/[haptic_hv][0260]aw8692x_play_go( 6846): enter, flag = 1
04-02 14:43:35.245 I/richtap_rtp_start( 6846): wait for RTP_GO, glb_state=0x01
04-02 14:43:35.248 I/richtap_rtp_start( 6846): RTP_GO! glb_state=0x08
04-02 14:43:35.248 I/        ( 6846): richtap_rtp_work start richtap play
04-02 14:43:35.329 I/        ( 1049): [GTP-INF][goodix_ts_report_finger] ACTION_UP
04-02 14:43:35.388 I/[GTP-INF][goodix_ts_report_finger] ACTION_DOWN( 1049): 1, 1, id[0], x 736, y 2099, w 35
04-02 14:43:35.403 I/richtap_file_unlocked_ioctl( 4619): cmd=0x5205, arg=0x7f
04-02 14:43:35.404 I/richtap_file_unlocked_ioctl( 4617): cmd=0x5205, arg=0x7f
04-02 14:43:35.404 I/richtap_file_unlocked_ioctl( 4617): cmd=0x520a, arg=0x0
04-02 14:43:35.405 I/[haptic_hv][0279]aw8692x_wait_enter_standby( 4617): entered standby!
04-02 14:43:35.405 I/[haptic_hv][0423]aw8692x_upload_lra( 4617): write osc_cali_data to trim_lra = 0x00
04-02 14:43:35.411 I/        ( 6846): richtap_rtp_work rtp 1837 tm_len = 408
04-02 14:43:35.411 I/[haptic_hv][0344]aw8692x_play_mode( 6846): enter rtp mode
04-02 14:43:35.411 I/[haptic_hv][0293]aw8692x_bst_mode_config( 6846): haptic bst mode = bst
04-02 14:43:35.413 I/[haptic_hv][0260]aw8692x_play_go( 6846): enter, flag = 1
04-02 14:43:35.413 I/richtap_rtp_start( 6846): wait for RTP_GO, glb_state=0x01
04-02 14:43:35.417 I/richtap_rtp_start( 6846): RTP_GO! glb_state=0x08
04-02 14:43:35.417 I/        ( 6846): richtap_rtp_work start richtap play
04-02 14:43:35.452 I/(virq   ( 6846): irq_count)- GICv3:IPI(1):131600781 GICv3:arch_timer(11):58160946 GICv3:IPI(6):15122856 GICv3:ipcc_0(30):6805915 GICv3:IPI(2):5648098 GICv3:apps_rsc(24):5369565 GICv3:msm_drm(252):4424976 ipcc:glink-native-slpi(365):4228635 ipcc:glink-native-adsp(364):3961816 GICv3:gsi(36):3502092
04-02 14:43:35.452 I/(cpu    ( 6846): irq_count)- 0:55184130 1:51080451 2:49238889 3:48596840 4:15912470 5:14005547 6:14085258 7:3864768
04-02 14:43:35.452 I/(ipi    ( 6846): irq_count)- 0:131600782 1:5648098 2:0 3:0 4:0 5:15122856 6:0
04-02 14:43:35.471 I/        ( 1049): [GTP-INF][goodix_ts_report_finger] ACTION_UP
04-02 14:43:35.514 I/[GTP-INF][goodix_ts_report_finger] ACTION_DOWN( 1049): 1, 1, id[0], x 88, y 1944, w 17
04-02 14:43:35.535 I/richtap_file_unlocked_ioctl( 4619): cmd=0x5205, arg=0x7f
04-02 14:43:35.536 I/richtap_file_unlocked_ioctl( 4617): cmd=0x5205, arg=0x7f
04-02 14:43:35.536 I/richtap_file_unlocked_ioctl( 4617): cmd=0x520a, arg=0x0
04-02 14:43:35.536 I/[haptic_hv][0279]aw8692x_wait_enter_standby( 4617): entered standby!
04-02 14:43:35.537 I/[haptic_hv][0423]aw8692x_upload_lra( 4617): write osc_cali_data to trim_lra = 0x00
04-02 14:43:35.543 I/        ( 6849): richtap_rtp_work rtp 1837 tm_len = 408
04-02 14:43:35.543 I/[haptic_hv][0344]aw8692x_play_mode( 6849): enter rtp mode
04-02 14:43:35.543 I/[haptic_hv][0293]aw8692x_bst_mode_config( 6849): haptic bst mode = bst
04-02 14:43:35.544 I/[haptic_hv][0260]aw8692x_play_go( 6849): enter, flag = 1
04-02 14:43:35.545 I/richtap_rtp_start( 6849): wait for RTP_GO, glb_state=0x01
04-02 14:43:35.548 I/richtap_rtp_start( 6849): RTP_GO! glb_state=0x08
04-02 14:43:35.548 I/        ( 6849): richtap_rtp_work start richtap play
04-02 14:43:35.593 I/        ( 1049): [GTP-INF][goodix_ts_report_finger] ACTION_UP
04-02 14:43:35.627 I/[GTP-INF][goodix_ts_report_finger] ACTION_DOWN( 1049): 1, 1, id[0], x 580, y 2285, w 28
04-02 14:43:35.642 I/richtap_file_unlocked_ioctl( 4619): cmd=0x5205, arg=0x7f
04-02 14:43:35.643 I/richtap_file_unlocked_ioctl( 4617): cmd=0x5205, arg=0x7f
04-02 14:43:35.643 I/richtap_file_unlocked_ioctl( 4617): cmd=0x520a, arg=0x0
04-02 14:43:35.644 I/[haptic_hv][0279]aw8692x_wait_enter_standby( 4617): entered standby!
04-02 14:43:35.644 I/[haptic_hv][0423]aw8692x_upload_lra( 4617): write osc_cali_data to trim_lra = 0x00
04-02 14:43:35.651 I/        ( 6846): richtap_rtp_work rtp 1837 tm_len = 408
04-02 14:43:35.651 I/[haptic_hv][0344]aw8692x_play_mode( 6846): enter rtp mode
04-02 14:43:35.652 I/[haptic_hv][0293]aw8692x_bst_mode_config( 6846): haptic bst mode = bst
04-02 14:43:35.653 I/[haptic_hv][0260]aw8692x_play_go( 6846): enter, flag = 1
04-02 14:43:35.654 I/richtap_rtp_start( 6846): wait for RTP_GO, glb_state=0x01
04-02 14:43:35.657 I/richtap_rtp_start( 6846): RTP_GO! glb_state=0x08
04-02 14:43:35.657 I/        ( 6846): richtap_rtp_work start richtap play
04-02 14:43:35.685 I/        ( 1049): [GTP-INF][goodix_ts_report_finger] ACTION_UP
04-02 14:43:36.194 I/[GTP-INF][goodix_ts_report_finger] ACTION_DOWN( 1049): 1, 1, id[0], x 97, y 1954, w 23
04-02 14:43:36.210 I/richtap_file_unlocked_ioctl( 4619): cmd=0x5205, arg=0x7f
04-02 14:43:36.212 I/richtap_file_unlocked_ioctl( 4617): cmd=0x5205, arg=0x7f
04-02 14:43:36.212 I/richtap_file_unlocked_ioctl( 4617): cmd=0x520a, arg=0x0
04-02 14:43:36.212 I/[haptic_hv][0279]aw8692x_wait_enter_standby( 4617): entered standby!
04-02 14:43:36.212 I/[haptic_hv][0423]aw8692x_upload_lra( 4617): write osc_cali_data to trim_lra = 0x00
04-02 14:43:36.213 I/        ( 6844): richtap_rtp_work rtp 1837 tm_len = 408
04-02 14:43:36.214 I/[haptic_hv][0344]aw8692x_play_mode( 6844): enter rtp mode
04-02 14:43:36.215 I/[haptic_hv][0293]aw8692x_bst_mode_config( 6844): haptic bst mode = bst
04-02 14:43:36.216 I/[haptic_hv][0260]aw8692x_play_go( 6844): enter, flag = 1
04-02 14:43:36.217 I/richtap_rtp_start( 6844): wait for RTP_GO, glb_state=0x01
04-02 14:43:36.220 I/richtap_rtp_start( 6844): RTP_GO! glb_state=0x08
04-02 14:43:36.220 I/        ( 6844): richtap_rtp_work start richtap play
04-02 14:43:36.298 I/        ( 1049): [GTP-INF][goodix_ts_report_finger] ACTION_UP
04-02 14:43:36.479 I/[GTP-INF][goodix_ts_report_finger] ACTION_DOWN( 1049): 1, 1, id[0], x 430, y 2105, w 33
04-02 14:43:36.495 I/richtap_file_unlocked_ioctl( 4619): cmd=0x5205, arg=0x7f
04-02 14:43:36.496 I/richtap_file_unlocked_ioctl( 4617): cmd=0x5205, arg=0x7f
04-02 14:43:36.497 I/richtap_file_unlocked_ioctl( 4617): cmd=0x520a, arg=0x0
04-02 14:43:36.498 I/[haptic_hv][0279]aw8692x_wait_enter_standby( 4617): entered standby!
04-02 14:43:36.498 I/[haptic_hv][0423]aw8692x_upload_lra( 4617): write osc_cali_data to trim_lra = 0x00
04-02 14:43:36.503 I/        (30915): richtap_rtp_work rtp 1837 tm_len = 408
04-02 14:43:36.503 I/[haptic_hv][0344]aw8692x_play_mode(30915): enter rtp mode
04-02 14:43:36.504 I/[haptic_hv][0293]aw8692x_bst_mode_config(30915): haptic bst mode = bst
04-02 14:43:36.506 I/[haptic_hv][0260]aw8692x_play_go(30915): enter, flag = 1
04-02 14:43:36.507 I/richtap_rtp_start(30915): wait for RTP_GO, glb_state=0x01
04-02 14:43:36.510 I/richtap_rtp_start(30915): RTP_GO! glb_state=0x08
04-02 14:43:36.510 I/        (30915): richtap_rtp_work start richtap play
04-02 14:43:36.566 I/        ( 1049): [GTP-INF][goodix_ts_report_finger] ACTION_UP
04-02 14:43:36.757 I/[GTP-INF][goodix_ts_report_finger] ACTION_DOWN( 1049): 1, 1, id[0], x 618, y 1968, w 24
04-02 14:43:36.775 I/richtap_file_unlocked_ioctl( 4619): cmd=0x5205, arg=0x7f
04-02 14:43:36.776 I/richtap_file_unlocked_ioctl( 4617): cmd=0x5205, arg=0x7f
04-02 14:43:36.776 I/richtap_file_unlocked_ioctl( 4617): cmd=0x520a, arg=0x0
04-02 14:43:36.777 I/[haptic_hv][0279]aw8692x_wait_enter_standby( 4617): entered standby!
04-02 14:43:36.777 I/[haptic_hv][0423]aw8692x_upload_lra( 4617): write osc_cali_data to trim_lra = 0x00
04-02 14:43:36.783 I/        ( 6846): richtap_rtp_work rtp 1837 tm_len = 408
04-02 14:43:36.783 I/[haptic_hv][0344]aw8692x_play_mode( 6846): enter rtp mode
04-02 14:43:36.784 I/[haptic_hv][0293]aw8692x_bst_mode_config( 6846): haptic bst mode = bst
04-02 14:43:36.785 I/[haptic_hv][0260]aw8692x_play_go( 6846): enter, flag = 1
04-02 14:43:36.786 I/richtap_rtp_start( 6846): wait for RTP_GO, glb_state=0x01
04-02 14:43:36.789 I/richtap_rtp_start( 6846): RTP_GO! glb_state=0x08
04-02 14:43:36.789 I/        ( 6846): richtap_rtp_work start richtap play
04-02 14:43:36.815 I/sd 0    (13289): 0:0:4: [sde] Synchronizing SCSI cache
04-02 14:43:36.826 I/        ( 1049): [GTP-INF][goodix_ts_report_finger] ACTION_UP
04-02 14:43:37.314 I/[GTP-INF][goodix_ts_report_finger] ACTION_DOWN( 1049): 1, 1, id[0], x 787, y 1812, w 24
04-02 14:43:37.333 I/richtap_file_unlocked_ioctl( 4619): cmd=0x5205, arg=0x7f
04-02 14:43:37.334 I/richtap_file_unlocked_ioctl( 4617): cmd=0x5205, arg=0x7f
04-02 14:43:37.335 I/richtap_file_unlocked_ioctl( 4617): cmd=0x520a, arg=0x0
04-02 14:43:37.335 I/[haptic_hv][0279]aw8692x_wait_enter_standby( 4617): entered standby!
04-02 14:43:37.335 I/[haptic_hv][0423]aw8692x_upload_lra( 4617): write osc_cali_data to trim_lra = 0x00
04-02 14:43:37.343 I/        (30915): richtap_rtp_work rtp 1837 tm_len = 408
04-02 14:43:37.343 I/[haptic_hv][0344]aw8692x_play_mode(30915): enter rtp mode
04-02 14:43:37.344 I/[haptic_hv][0293]aw8692x_bst_mode_config(30915): haptic bst mode = bst
04-02 14:43:37.345 I/[haptic_hv][0260]aw8692x_play_go(30915): enter, flag = 1
04-02 14:43:37.345 I/richtap_rtp_start(30915): wait for RTP_GO, glb_state=0x01
04-02 14:43:37.348 I/richtap_rtp_start(30915): RTP_GO! glb_state=0x08
04-02 14:43:37.348 I/        (30915): richtap_rtp_work start richtap play
04-02 14:43:37.359 I/        ( 1049): [GTP-INF][goodix_ts_report_finger] ACTION_UP
04-02 14:43:37.584 I/[GTP-INF][goodix_ts_report_finger] ACTION_DOWN( 1049): 1, 1, id[0], x 1030, y 1508, w 20
04-02 14:43:37.662 I/        ( 1049): [GTP-INF][goodix_ts_report_finger] ACTION_UP
04-02 14:43:37.934 I/[GTP-INF][goodix_ts_report_finger] ACTION_DOWN( 1049): 1, 1, id[0], x 1075, y 1310, w 10
04-02 14:43:37.969 I/richtap_file_unlocked_ioctl( 4619): cmd=0x5205, arg=0x7f
04-02 14:43:37.971 I/richtap_file_unlocked_ioctl( 4617): cmd=0x5205, arg=0x7f
04-02 14:43:37.971 I/richtap_file_unlocked_ioctl( 4617): cmd=0x520a, arg=0x0
04-02 14:43:37.972 I/[haptic_hv][0279]aw8692x_wait_enter_standby( 4617): entered standby!
04-02 14:43:37.972 I/[haptic_hv][0423]aw8692x_upload_lra( 4617): write osc_cali_data to trim_lra = 0x00
04-02 14:43:37.979 I/        ( 6844): richtap_rtp_work rtp 1837 tm_len = 408
04-02 14:43:37.979 I/[haptic_hv][0344]aw8692x_play_mode( 6844): enter rtp mode
04-02 14:43:37.980 I/[haptic_hv][0293]aw8692x_bst_mode_config( 6844): haptic bst mode = bst
04-02 14:43:37.981 I/[haptic_hv][0260]aw8692x_play_go( 6844): enter, flag = 1
04-02 14:43:37.982 I/richtap_rtp_start( 6844): wait for RTP_GO, glb_state=0x01
04-02 14:43:37.985 I/richtap_rtp_start( 6844): RTP_GO! glb_state=0x08
04-02 14:43:37.985 I/        ( 6844): richtap_rtp_work start richtap play
04-02 14:43:37.991 I/goodix_fp(  902): [info] goodix_panel_state_chg_callback go to the goodix_fb_state_chg_callback type = 4
04-02 14:43:37.991 I/goodix_fp(  902): goodix_panel_state_chg_callback defalut
04-02 14:43:37.992 I/[drm:dsi_display_set_mode [msm_drm]] [msm-dsi-info](  902): mdp_transfer_time=5883, hactive=1080, vactive=2412, fps=120, clk_rate=897000000
04-02 14:43:38.009 I/        ( 1049): [GTP-INF][goodix_ts_report_finger] ACTION_UP
04-02 14:43:38.193 D/tfa98xx_set_profile()( 5363): selected container profile [0]
04-02 14:43:38.200 I/adsp_sleepmon( 5363): Audio: num_sessions=2,num_lpi_sessions=1,timer_pending=0
04-02 14:43:38.203 D/tfa98xx_hw_params()( 6290): Requested rate: 48000, sample size: 32, physical size: 32
04-02 14:43:38.203 D/tfa98xx_hw_params()( 6290): tfa98xx_hw_params: Requested width: 32
04-02 14:43:38.203 D/tfa98xx_hw_params()( 6290): mixer profile:container profile = [0:0]
04-02 14:43:38.203 D/tfa98xx_hw_params()( 6290): Requested rate: 48000, sample size: 32, physical size: 32
04-02 14:43:38.203 D/tfa98xx_hw_params()( 6290): tfa98xx_hw_params: Requested width: 32
04-02 14:43:38.203 D/tfa98xx_hw_params()( 6290): mixer profile:container profile = [0:0]
04-02 14:43:38.203 D/tfa98xx_hw_params()( 2644): Requested rate: 48000, sample size: 32, physical size: 32
04-02 14:43:38.203 D/tfa98xx_hw_params()( 2644): tfa98xx_hw_params: Requested width: 32
04-02 14:43:38.203 D/tfa98xx_hw_params()( 2644): mixer profile:container profile = [0:0]
04-02 14:43:38.203 D/tfa98xx_hw_params()( 2644): Requested rate: 48000, sample size: 32, physical size: 32
04-02 14:43:38.203 D/tfa98xx_hw_params()( 2644): tfa98xx_hw_params: Requested width: 32
04-02 14:43:38.203 D/tfa98xx_hw_params()( 2644): mixer profile:container profile = [0:0]
04-02 14:43:38.214 D/tfa98xx 2-0034( 6290): tfa98xx_mute: state: 0, stream : 1
04-02 14:43:38.214 D/tfa98xx 2-0035( 6290): tfa98xx_mute: state: 0, stream : 1
04-02 14:43:38.239 D/tfa98xx 2-0034( 6290): tfa98xx_mute: state: 0, stream : 0
04-02 14:43:38.239 I/tfa98xx_adsp_send_calib_values()( 6290): The calibration value was sent to host DSP.
04-02 14:43:38.240 D/Active_profile( 6290): speaker, next_profile:speaker
04-02 14:43:38.240 D/        ( 6290): Startup of device [P] is a warmstart
04-02 14:43:38.244 I/tfa98xx 2-0034( 6290): tfa_dev_start success (0)
04-02 14:43:38.244 D/tfa98xx 2-0035( 6290): tfa98xx_mute: state: 0, stream : 0
04-02 14:43:38.245 I/tfa98xx_adsp_send_calib_values()( 6290): Device 0x35 cal value is 0x401211,value:6122
04-02 14:43:38.246 I/tfa98xx_adsp_send_calib_values()( 6290): Device 0x34 cal value is 0x381222,value:5817
04-02 14:43:38.247 I/tfa98xx_adsp_send_calib_values()( 6290): tfa98xx_device_count=2  bytes[0]=2
04-02 14:43:38.247 I/tfa98xx_adsp_send_calib_values()( 6290): calibration value send to host DSP.
04-02 14:43:38.263 D/Active_profile( 6290): speaker, next_profile:speaker
04-02 14:43:38.263 D/        ( 6290): Startup of device [S] is a warmstart
04-02 14:43:38.267 I/tfa98xx 2-0035( 6290): tfa_dev_start success (0)
04-02 14:43:38.312 I/goodix_fp(  902): [info] goodix_panel_state_chg_callback go to the goodix_fb_state_chg_callback type = 4
04-02 14:43:38.312 I/goodix_fp(  902): goodix_panel_state_chg_callback defalut
04-02 14:43:38.314 I/[drm:dsi_display_set_mode [msm_drm]] [msm-dsi-info](  902): mdp_transfer_time=5883, hactive=1080, vactive=2412, fps=90, clk_rate=897000000
04-02 14:43:38.350 I/[GTP-INF][goodix_ts_report_finger] ACTION_DOWN( 1049): 1, 1, id[0], x 1066, y 1164, w 14
04-02 14:43:38.397 I/richtap_file_unlocked_ioctl( 4619): cmd=0x5205, arg=0x7f
04-02 14:43:38.398 I/richtap_file_unlocked_ioctl( 4617): cmd=0x5205, arg=0x7f
04-02 14:43:38.399 I/richtap_file_unlocked_ioctl( 4617): cmd=0x520a, arg=0x0
04-02 14:43:38.400 I/[haptic_hv][0279]aw8692x_wait_enter_standby( 4617): entered standby!
04-02 14:43:38.400 I/[haptic_hv][0423]aw8692x_upload_lra( 4617): write osc_cali_data to trim_lra = 0x00
04-02 14:43:38.407 I/        ( 6844): richtap_rtp_work rtp 1837 tm_len = 408
04-02 14:43:38.407 I/[haptic_hv][0344]aw8692x_play_mode( 6844): enter rtp mode
04-02 14:43:38.409 I/[haptic_hv][0293]aw8692x_bst_mode_config( 6844): haptic bst mode = bst
04-02 14:43:38.410 I/[haptic_hv][0260]aw8692x_play_go( 6844): enter, flag = 1
04-02 14:43:38.411 I/richtap_rtp_start( 6844): wait for RTP_GO, glb_state=0x01
04-02 14:43:38.415 I/richtap_rtp_start( 6844): RTP_GO! glb_state=0x08
04-02 14:43:38.415 I/        ( 6844): richtap_rtp_work start richtap play
04-02 14:43:38.418 I/goodix_fp(  902): [info] goodix_panel_state_chg_callback go to the goodix_fb_state_chg_callback type = 4
04-02 14:43:38.418 I/goodix_fp(  902): goodix_panel_state_chg_callback defalut
04-02 14:43:38.421 I/[drm:dsi_display_set_mode [msm_drm]] [msm-dsi-info](  902): mdp_transfer_time=5883, hactive=1080, vactive=2412, fps=120, clk_rate=897000000
04-02 14:43:38.864 W/healthd ( 1623): battery l=84 v=4167 t=30.0 h=2 st=3 c=-556000 fc=4066000 cc=735 chg=
04-02 14:43:38.880 W/HealthLoop( 1623): debug.nt.screen_brightness:3.778927
04-02 14:43:39.316 E/simulated_ntc( 4625): proc_shell_write write invalid para
04-02 14:43:40.344 I/adsp_sleepmon( 1901): Audio: num_sessions=1,num_lpi_sessions=1,timer_pending=1
04-02 14:43:40.347 D/tfa98xx 2-0034( 2644): tfa98xx_mute: state: 1, stream : 1
04-02 14:43:40.347 D/tfa98xx 2-0035( 2644): tfa98xx_mute: state: 1, stream : 1
04-02 14:43:40.347 I/waipio-asoc-snd soc( 2644): spf_core_platform:sound: check_userspace_service_state: pcm_id 19 state 0
04-02 14:43:40.350 D/tfa98xx 2-0034( 2642): tfa98xx_mute: state: 1, stream : 0
04-02 14:43:40.352 D/tfa98xx 2-0035( 2642): tfa98xx_mute: state: 1, stream : 0
04-02 14:43:40.353 I/waipio-asoc-snd soc( 2642): spf_core_platform:sound: check_userspace_service_state: pcm_id 18 state 0
04-02 14:43:40.357 D/tfa98xx_set_profile()( 1901): selected container profile [2]
04-02 14:43:40.760 I/sd 0    (13289): 0:0:4: [sde] Synchronizing SCSI cache
04-02 14:43:44.316 E/simulated_ntc( 4625): proc_shell_write write invalid para
04-02 14:43:44.821 I/sd 0    ( 5979): 0:0:4: [sde] Synchronizing SCSI cache
04-02 14:43:44.924 I/(virq   (30915): irq_count)- GICv3:IPI(1):131648089 GICv3:arch_timer(11):58174642 GICv3:IPI(6):15127481 GICv3:ipcc_0(30):6807373 GICv3:IPI(2):5649780 GICv3:apps_rsc(24):5370895 GICv3:msm_drm(252):4426323 ipcc:glink-native-slpi(365):4228861 ipcc:glink-native-adsp(364):3963118 GICv3:gsi(36):3502814
04-02 14:43:44.924 I/(cpu    (30915): irq_count)- 0:55200195 1:51093175 2:49257992 3:48608870 4:15919213 5:14012233 6:14091933 7:3866249
04-02 14:43:44.924 I/(ipi    (30915): irq_count)- 0:131648102 1:5649784 2:0 3:0 4:0 5:15127482 6:0
04-02 14:43:45.565 I/richtap_file_unlocked_ioctl( 4619): cmd=0x5205, arg=0x7f
04-02 14:43:45.566 I/richtap_file_unlocked_ioctl( 4617): cmd=0x5205, arg=0x7f
04-02 14:43:45.566 I/richtap_file_unlocked_ioctl( 4617): cmd=0x520a, arg=0x0
04-02 14:43:45.567 I/[haptic_hv][0279]aw8692x_wait_enter_standby( 4617): entered standby!
04-02 14:43:45.567 I/[haptic_hv][0423]aw8692x_upload_lra( 4617): write osc_cali_data to trim_lra = 0x00
04-02 14:43:45.575 I/        (30915): richtap_rtp_work rtp 1837 tm_len = 432
04-02 14:43:45.575 I/[haptic_hv][0344]aw8692x_play_mode(30915): enter rtp mode
04-02 14:43:45.576 I/[haptic_hv][0293]aw8692x_bst_mode_config(30915): haptic bst mode = bst
04-02 14:43:45.576 I/[haptic_hv][0260]aw8692x_play_go(30915): enter, flag = 1
04-02 14:43:45.577 I/richtap_rtp_start(30915): wait for RTP_GO, glb_state=0x01
04-02 14:43:45.580 I/richtap_rtp_start(30915): RTP_GO! glb_state=0x08
04-02 14:43:45.580 I/        (30915): richtap_rtp_work start richtap play
04-02 14:43:45.665 I/        ( 1049): [GTP-INF][goodix_ts_report_finger] ACTION_UP
04-02 14:43:45.892 I/goodix_fp(  902): [info] goodix_panel_state_chg_callback go to the goodix_fb_state_chg_callback type = 4
04-02 14:43:45.892 I/goodix_fp(  902): goodix_panel_state_chg_callback defalut
04-02 14:43:45.893 I/[drm:dsi_display_set_mode [msm_drm]] [msm-dsi-info](  902): mdp_transfer_time=5883, hactive=1080, vactive=2412, fps=90, clk_rate=897000000
04-02 14:43:46.606 I/[GTP-INF][goodix_ts_report_finger] ACTION_DOWN( 1049): 1, 1, id[0], x 1074, y 1028, w 12
04-02 14:43:46.657 I/goodix_fp(  902): [info] goodix_panel_state_chg_callback go to the goodix_fb_state_chg_callback type = 4
04-02 14:43:46.657 I/goodix_fp(  902): goodix_panel_state_chg_callback defalut
04-02 14:43:46.658 I/[drm:dsi_display_set_mode [msm_drm]] [msm-dsi-info](  902): mdp_transfer_time=5883, hactive=1080, vactive=2412, fps=120, clk_rate=897000000
04-02 14:43:46.673 I/richtap_file_unlocked_ioctl( 4619): cmd=0x5205, arg=0x7f
04-02 14:43:46.674 I/richtap_file_unlocked_ioctl( 4617): cmd=0x5205, arg=0x7f
04-02 14:43:46.674 I/richtap_file_unlocked_ioctl( 4617): cmd=0x520a, arg=0x0
04-02 14:43:46.675 I/[haptic_hv][0279]aw8692x_wait_enter_standby( 4617): entered standby!
04-02 14:43:46.675 I/[haptic_hv][0423]aw8692x_upload_lra( 4617): write osc_cali_data to trim_lra = 0x00
04-02 14:43:46.683 I/        (30915): richtap_rtp_work rtp 1837 tm_len = 408
04-02 14:43:46.683 I/[haptic_hv][0344]aw8692x_play_mode(30915): enter rtp mode
04-02 14:43:46.683 I/[haptic_hv][0293]aw8692x_bst_mode_config(30915): haptic bst mode = bst
04-02 14:43:46.684 I/[haptic_hv][0260]aw8692x_play_go(30915): enter, flag = 1
04-02 14:43:46.685 I/richtap_rtp_start(30915): wait for RTP_GO, glb_state=0x01
04-02 14:43:46.688 I/richtap_rtp_start(30915): RTP_GO! glb_state=0x08
04-02 14:43:46.688 I/        (30915): richtap_rtp_work start richtap play
04-02 14:43:46.798 I/        ( 1049): [GTP-INF][goodix_ts_report_finger] ACTION_UP
04-02 14:43:47.405 I/goodix_fp(  902): [info] goodix_panel_state_chg_callback go to the goodix_fb_state_chg_callback type = 4
04-02 14:43:47.405 I/goodix_fp(  902): goodix_panel_state_chg_callback defalut
04-02 14:43:47.407 I/[drm:dsi_display_set_mode [msm_drm]] [msm-dsi-info](  902): mdp_transfer_time=5883, hactive=1080, vactive=2412, fps=90, clk_rate=897000000
04-02 14:43:48.264 I/[kworke][0x17683cf51a7][09:13:48.597050] qca6490( 8749): [8749:I:PMO] pmo_core_psoc_send_host_wakeup_ind_to_fw: Host wakeup indication sent to fw
04-02 14:43:48.574 I/sd 0    ( 5979): 0:0:4: [sde] Synchronizing SCSI cache
04-02 14:43:48.612 I/[GTP-INF][goodix_ts_report_finger] ACTION_DOWN( 1049): 1, 1, id[0], x 793, y 671, w 28
04-02 14:43:48.673 I/        ( 1049): [GTP-INF][goodix_ts_report_finger] ACTION_UP
04-02 14:43:48.759 I/goodix_fp(  902): [info] goodix_panel_state_chg_callback go to the goodix_fb_state_chg_callback type = 4
04-02 14:43:48.759 I/goodix_fp(  902): goodix_panel_state_chg_callback defalut
04-02 14:43:48.761 I/[drm:dsi_display_set_mode [msm_drm]] [msm-dsi-info](  902): mdp_transfer_time=5883, hactive=1080, vactive=2412, fps=120, clk_rate=897000000
04-02 14:43:48.901 I/[kworke][0x176848a03ee][09:13:49.234307] qca6490( 8749): [8749:I:PMO] pmo_core_enable_wow_in_fw: drv wow is enabled
04-02 14:43:49.324 E/simulated_ntc( 4625): proc_shell_write write invalid para
04-02 14:43:49.346 I/goodix_fp(  902): [info] goodix_panel_state_chg_callback go to the goodix_fb_state_chg_callback type = 4
04-02 14:43:49.346 I/goodix_fp(  902): goodix_panel_state_chg_callback defalut
04-02 14:43:49.347 I/[drm:dsi_display_set_mode [msm_drm]] [msm-dsi-info](  902): mdp_transfer_time=5883, hactive=1080, vactive=2412, fps=90, clk_rate=897000000
04-02 14:43:49.740 I/[GTP-INF][goodix_ts_report_finger] ACTION_DOWN( 1049): 1, 1, id[0], x 658, y 1678, w 23
04-02 14:43:49.835 I/        ( 1049): [GTP-INF][goodix_ts_report_finger] ACTION_UP
04-02 14:43:50.205 I/[GTP-INF][goodix_ts_report_finger] ACTION_DOWN( 1049): 1, 1, id[0], x 536, y 1469, w 33
04-02 14:43:50.276 I/        ( 1049): [GTP-INF][goodix_ts_report_finger] ACTION_UP
04-02 14:43:52.767 I/[GTP-INF][goodix_ts_report_finger] ACTION_DOWN( 1049): 1, 1, id[0], x 453, y 1545, w 38
04-02 14:43:52.999 I/richtap_file_unlocked_ioctl( 4619): cmd=0x5205, arg=0x7f
04-02 14:43:52.999 I/richtap_file_unlocked_ioctl( 1697): cmd=0x5205, arg=0x20
04-02 14:43:53.001 I/richtap_file_unlocked_ioctl( 4617): cmd=0x5205, arg=0x7f
04-02 14:43:53.001 I/richtap_file_unlocked_ioctl( 4617): cmd=0x520a, arg=0x0
04-02 14:43:53.002 I/[haptic_hv][0279]aw8692x_wait_enter_standby( 4617): entered standby!
04-02 14:43:53.002 I/[haptic_hv][0423]aw8692x_upload_lra( 4617): write osc_cali_data to trim_lra = 0x00
04-02 14:43:53.011 I/        ( 6846): richtap_rtp_work rtp 1837 tm_len = 288
04-02 14:43:53.011 I/[haptic_hv][0344]aw8692x_play_mode( 6846): enter rtp mode
04-02 14:43:53.011 I/[haptic_hv][0293]aw8692x_bst_mode_config( 6846): haptic bst mode = bst
04-02 14:43:53.012 I/[haptic_hv][0260]aw8692x_play_go( 6846): enter, flag = 1
04-02 14:43:53.013 I/richtap_rtp_start( 6846): wait for RTP_GO, glb_state=0x01
04-02 14:43:53.016 I/richtap_rtp_start( 6846): RTP_GO! glb_state=0x08
04-02 14:43:53.016 I/        ( 6846): richtap_rtp_work start richtap play
04-02 14:43:53.642 I/        ( 1049): [GTP-INF][goodix_ts_report_finger] ACTION_UP
04-02 14:43:54.319 E/simulated_ntc( 4625): proc_shell_write write invalid para
04-02 14:43:54.397 I/(virq   (30915): irq_count)- GICv3:IPI(1):131677050 GICv3:arch_timer(11):58185321 GICv3:IPI(6):15131433 GICv3:ipcc_0(30):6807547 GICv3:IPI(2):5650569 GICv3:apps_rsc(24):5371888 GICv3:msm_drm(252):4427288 ipcc:glink-native-slpi(365):4229067 ipcc:glink-native-adsp(364):3963144 GICv3:gsi(36):3503049
04-02 14:43:54.397 I/(cpu    (30915): irq_count)- 0:55209583 1:51101350 2:49268225 3:48617213 4:15923615 5:14016630 6:14096212 7:3866896
04-02 14:43:54.397 I/(ipi    (30915): irq_count)- 0:131677050 1:5650569 2:0 3:0 4:0 5:15131433 6:0
04-02 14:43:55.421 I/adsp_sleepmon(  487): timer_event = 1,suspend_event = 0
04-02 14:43:56.701 I/sd 0    (11781): 0:0:4: [sde] Synchronizing SCSI cache
04-02 14:43:58.794 E/[wifi@1][0x1768fdc63fa][09:13:59.127428] qca6490( 1636): [1636:E:OSIF] wlan_hdd_set_station_stats_request_pending: peer is null
04-02 14:43:58.869 W/healthd ( 1623): battery l=84 v=4192 t=30.0 h=2 st=3 c=-222000 fc=4066000 cc=735 chg=
04-02 14:43:58.895 W/HealthLoop( 1623): debug.nt.screen_brightness:3.778927
04-02 14:43:59.317 E/simulated_ntc( 4625): proc_shell_write write invalid para
04-02 14:43:59.496 I/[kworke][0x17690aa2c71][09:13:59.829834] qca6490(11781): [11781:I:PMO] pmo_core_psoc_send_host_wakeup_ind_to_fw: Host wakeup indication sent to fw
04-02 14:43:59.536 I/[schedu][0x17690b5af9d][09:13:59.869130] qca6490(11120): [11120:I:OSIF] scan start scan id 41040
04-02 14:44:00.468 I/[schedu][0x17691c6ac92][09:14:00.800929] qca6490(11120): [11120:I:PE] lim_process_action_frame_no_session: Unhandled public action frame: 22
04-02 14:44:00.751 I/sd 0    ( 5979): 0:0:4: [sde] Synchronizing SCSI cache
04-02 14:44:01.292 I/[schedu][0x17692b85865][09:14:01.625834] qca6490(11120): [11120:I:OSIF] vdev 0, scan id 41040 type COMPLETED(1) reason COMPLETED(1) scan found 40 bss
04-02 14:44:01.332 E/[wifi@1][0x17692c3d1a7][09:14:01.664997] qca6490( 1636): [1636:E:OSIF] wlan_hdd_set_station_stats_request_pending: peer is null
04-02 14:44:01.878 I/[kworke][0x1769363f14e][09:14:02.211552] qca6490(11781): [11781:I:PMO] pmo_core_enable_wow_in_fw: drv wow is enabled
04-02 14:44:01.908 I/[kworke][0x176936cc1b3][09:14:02.241637] qca6490(11781): [11781:I:HIF] hif_try_complete_tasks: waiting for tasklets 0 grp tasklets 0 work 2
04-02 14:44:03.867 I/(virq   ( 6844): irq_count)- GICv3:IPI(1):131687070 GICv3:arch_timer(11):58192503 GICv3:IPI(6):15132691 GICv3:ipcc_0(30):6807848 GICv3:IPI(2):5651209 GICv3:apps_rsc(24):5372816 GICv3:msm_drm(252):4427456 ipcc:glink-native-slpi(365):4229252 ipcc:glink-native-adsp(364):3963272 GICv3:gsi(36):3503611
04-02 14:44:03.867 I/(cpu    ( 6844): irq_count)- 0:55214459 1:51106809 2:49273991 3:48621600 4:15923877 5:14017209 6:14096810 7:3866974
04-02 14:44:03.867 I/(ipi    ( 6844): irq_count)- 0:131687070 1:5651209 2:0 3:0 4:0 5:15132691 6:0
04-02 14:44:04.316 E/simulated_ntc( 4625): proc_shell_write write invalid para
04-02 14:44:04.500 I/goodix_fp(  902): [info] goodix_panel_state_chg_callback go to the goodix_fb_state_chg_callback type = 4
04-02 14:44:04.500 I/goodix_fp(  902): goodix_panel_state_chg_callback defalut
04-02 14:44:04.501 I/[drm:dsi_display_set_mode [msm_drm]] [msm-dsi-info](  902): mdp_transfer_time=5883, hactive=1080, vactive=2412, fps=120, clk_rate=897000000
04-02 14:44:04.819 I/sd 0    ( 5979): 0:0:4: [sde] Synchronizing SCSI cache
04-02 14:44:05.931 I/[GTP-INF][goodix_ts_report_finger] ACTION_DOWN( 1049): 1, 1, id[0], x 835, y 276, w 47
04-02 14:44:05.985 I/        ( 1049): [GTP-INF][goodix_ts_report_finger] ACTION_UP
04-02 14:44:06.693 I/goodix_fp(  902): [info] goodix_panel_state_chg_callback go to the goodix_fb_state_chg_callback type = 4
04-02 14:44:06.693 I/goodix_fp(  902): goodix_panel_state_chg_callback defalut
04-02 14:44:06.696 I/[drm:dsi_display_set_mode [msm_drm]] [msm-dsi-info](  902): mdp_transfer_time=5883, hactive=1080, vactive=2412, fps=90, clk_rate=897000000
04-02 14:44:08.610 I/sd 0    (11781): 0:0:4: [sde] Synchronizing SCSI cache
04-02 14:44:09.317 E/simulated_ntc( 4625): proc_shell_write write invalid para
04-02 14:44:12.793 I/sd 0    (11781): 0:0:4: [sde] Synchronizing SCSI cache
04-02 14:44:13.039 I/[GTP-INF][goodix_ts_report_finger] ACTION_DOWN( 1049): 1, 1, id[0], x 393, y 2285, w 23
04-02 14:44:13.109 I/        ( 1049): [GTP-INF][goodix_ts_report_finger] ACTION_UP
04-02 14:44:13.339 I/(virq   ( 6846): irq_count)- GICv3:IPI(1):131719821 GICv3:arch_timer(11):58203909 GICv3:IPI(6):15136435 GICv3:ipcc_0(30):6808106 GICv3:IPI(2):5652323 GICv3:apps_rsc(24):5373714 GICv3:msm_drm(252):4428916 ipcc:glink-native-slpi(365):4229501 ipcc:glink-native-adsp(364):3963290 GICv3:gsi(36):3504482
04-02 14:44:13.340 I/(cpu    ( 6846): irq_count)- 0:55224973 1:51117308 2:49285962 3:48632001 4:15927615 5:14020691 6:14100258 7:3867586
04-02 14:44:13.340 I/(ipi    ( 6846): irq_count)- 0:131719822 1:5652323 2:0 3:0 4:0 5:15136435 6:0
04-02 14:44:14.317 E/simulated_ntc( 4625): proc_shell_write write invalid para
04-02 14:44:15.068 I/[GTP-INF][goodix_ts_report_finger] ACTION_DOWN( 1049): 1, 1, id[0], x 296, y 1824, w 19
04-02 14:44:15.092 I/richtap_file_unlocked_ioctl( 4619): cmd=0x5205, arg=0x7f
04-02 14:44:15.093 I/richtap_file_unlocked_ioctl( 4617): cmd=0x5205, arg=0x7f
04-02 14:44:15.093 I/richtap_file_unlocked_ioctl( 4617): cmd=0x520a, arg=0x0
04-02 14:44:15.094 I/[haptic_hv][0279]aw8692x_wait_enter_standby( 4617): entered standby!
04-02 14:44:15.094 I/[haptic_hv][0423]aw8692x_upload_lra( 4617): write osc_cali_data to trim_lra = 0x00
04-02 14:44:15.099 I/        ( 6846): richtap_rtp_work rtp 1837 tm_len = 408
04-02 14:44:15.099 I/[haptic_hv][0344]aw8692x_play_mode( 6846): enter rtp mode
04-02 14:44:15.100 I/[haptic_hv][0293]aw8692x_bst_mode_config( 6846): haptic bst mode = bst
04-02 14:44:15.101 I/[haptic_hv][0260]aw8692x_play_go( 6846): enter, flag = 1
04-02 14:44:15.102 I/richtap_rtp_start( 6846): wait for RTP_GO, glb_state=0x01
04-02 14:44:15.104 I/richtap_rtp_start( 6846): RTP_GO! glb_state=0x08
04-02 14:44:15.104 I/        ( 6846): richtap_rtp_work start richtap play
04-02 14:44:15.135 I/        ( 1049): [GTP-INF][goodix_ts_report_finger] ACTION_UP
04-02 14:44:15.186 I/[GTP-INF][goodix_ts_report_finger] ACTION_DOWN( 1049): 1, 1, id[0], x 781, y 2103, w 30
04-02 14:44:15.204 I/richtap_file_unlocked_ioctl( 4619): cmd=0x5205, arg=0x7f
04-02 14:44:15.205 I/richtap_file_unlocked_ioctl( 4617): cmd=0x5205, arg=0x7f
04-02 14:44:15.205 I/richtap_file_unlocked_ioctl( 4617): cmd=0x520a, arg=0x0
04-02 14:44:15.205 I/[haptic_hv][0279]aw8692x_wait_enter_standby( 4617): entered standby!
04-02 14:44:15.205 I/[haptic_hv][0423]aw8692x_upload_lra( 4617): write osc_cali_data to trim_lra = 0x00
04-02 14:44:15.207 I/        ( 6849): richtap_rtp_work rtp 1837 tm_len = 408
04-02 14:44:15.207 I/[haptic_hv][0344]aw8692x_play_mode( 6849): enter rtp mode
04-02 14:44:15.207 I/[haptic_hv][0293]aw8692x_bst_mode_config( 6849): haptic bst mode = bst
04-02 14:44:15.208 I/[haptic_hv][0260]aw8692x_play_go( 6849): enter, flag = 1
04-02 14:44:15.208 I/richtap_rtp_start( 6849): wait for RTP_GO, glb_state=0x01
04-02 14:44:15.211 I/richtap_rtp_start( 6849): RTP_GO! glb_state=0x08
04-02 14:44:15.211 I/        ( 6849): richtap_rtp_work start richtap play
04-02 14:44:15.294 I/        ( 1049): [GTP-INF][goodix_ts_report_finger] ACTION_UP
04-02 14:44:15.370 I/[GTP-INF][goodix_ts_report_finger] ACTION_DOWN( 1049): 1, 1, id[0], x 750, y 2085, w 36
04-02 14:44:15.386 I/richtap_file_unlocked_ioctl( 4619): cmd=0x5205, arg=0x7f
04-02 14:44:15.387 I/richtap_file_unlocked_ioctl( 4617): cmd=0x5205, arg=0x7f
04-02 14:44:15.387 I/richtap_file_unlocked_ioctl( 4617): cmd=0x520a, arg=0x0
04-02 14:44:15.388 I/[haptic_hv][0279]aw8692x_wait_enter_standby( 4617): entered standby!
04-02 14:44:15.388 I/[haptic_hv][0423]aw8692x_upload_lra( 4617): write osc_cali_data to trim_lra = 0x00
04-02 14:44:15.395 I/        ( 6846): richtap_rtp_work rtp 1837 tm_len = 408
04-02 14:44:15.395 I/[haptic_hv][0344]aw8692x_play_mode( 6846): enter rtp mode
04-02 14:44:15.395 I/[haptic_hv][0293]aw8692x_bst_mode_config( 6846): haptic bst mode = bst
04-02 14:44:15.396 I/[haptic_hv][0260]aw8692x_play_go( 6846): enter, flag = 1
04-02 14:44:15.397 I/richtap_rtp_start( 6846): wait for RTP_GO, glb_state=0x01
04-02 14:44:15.400 I/richtap_rtp_start( 6846): RTP_GO! glb_state=0x08
04-02 14:44:15.400 I/        ( 6846): richtap_rtp_work start richtap play
04-02 14:44:15.458 I/        ( 1049): [GTP-INF][goodix_ts_report_finger] ACTION_UP
04-02 14:44:15.521 I/[GTP-INF][goodix_ts_report_finger] ACTION_DOWN( 1049): 1, 1, id[0], x 88, y 1971, w 16
04-02 14:44:15.538 I/richtap_file_unlocked_ioctl( 4619): cmd=0x5205, arg=0x7f
04-02 14:44:15.539 I/richtap_file_unlocked_ioctl( 4617): cmd=0x5205, arg=0x7f
04-02 14:44:15.540 I/richtap_file_unlocked_ioctl( 4617): cmd=0x520a, arg=0x0
04-02 14:44:15.540 I/[haptic_hv][0279]aw8692x_wait_enter_standby( 4617): entered standby!
04-02 14:44:15.540 I/[haptic_hv][0423]aw8692x_upload_lra( 4617): write osc_cali_data to trim_lra = 0x00
04-02 14:44:15.547 I/        ( 6849): richtap_rtp_work rtp 1837 tm_len = 408
04-02 14:44:15.547 I/[haptic_hv][0344]aw8692x_play_mode( 6849): enter rtp mode
04-02 14:44:15.548 I/[haptic_hv][0293]aw8692x_bst_mode_config( 6849): haptic bst mode = bst
04-02 14:44:15.549 I/[haptic_hv][0260]aw8692x_play_go( 6849): enter, flag = 1
04-02 14:44:15.550 I/richtap_rtp_start( 6849): wait for RTP_GO, glb_state=0x01
04-02 14:44:15.552 I/richtap_rtp_start( 6849): RTP_GO! glb_state=0x08
04-02 14:44:15.553 I/        ( 6849): richtap_rtp_work start richtap play
04-02 14:44:15.609 I/[GTP-INF][goodix_ts_report_finger] ACTION_DOWN( 1049): 1, 2, id[0], x 88, y 1971, w 16
04-02 14:44:15.631 I/richtap_file_unlocked_ioctl( 4619): cmd=0x5205, arg=0x7f
04-02 14:44:15.632 I/richtap_file_unlocked_ioctl( 4617): cmd=0x5205, arg=0x7f
04-02 14:44:15.632 I/richtap_file_unlocked_ioctl( 4617): cmd=0x520a, arg=0x0
04-02 14:44:15.633 I/[haptic_hv][0279]aw8692x_wait_enter_standby( 4617): entered standby!
04-02 14:44:15.633 I/[haptic_hv][0423]aw8692x_upload_lra( 4617): write osc_cali_data to trim_lra = 0x00
04-02 14:44:15.639 I/        ( 6849): richtap_rtp_work rtp 1837 tm_len = 408
04-02 14:44:15.639 I/[haptic_hv][0344]aw8692x_play_mode( 6849): enter rtp mode
04-02 14:44:15.639 I/[haptic_hv][0293]aw8692x_bst_mode_config( 6849): haptic bst mode = bst
04-02 14:44:15.640 I/[haptic_hv][0260]aw8692x_play_go( 6849): enter, flag = 1
04-02 14:44:15.641 I/richtap_rtp_start( 6849): wait for RTP_GO, glb_state=0x01
04-02 14:44:15.644 I/richtap_rtp_start( 6849): RTP_GO! glb_state=0x08
04-02 14:44:15.644 I/        ( 6849): richtap_rtp_work start richtap play
04-02 14:44:15.651 I/[GTP-INF][goodix_ts_report_finger] ACTION_DOWN( 1049): 1, 1, id[1], x 642, y 2255, w 32
04-02 14:44:15.684 I/        ( 1049): [GTP-INF][goodix_ts_report_finger] ACTION_UP
04-02 14:44:16.551 I/[GTP-INF][goodix_ts_report_finger] ACTION_DOWN( 1049): 1, 1, id[0], x 855, y 2103, w 23
04-02 14:44:16.571 I/richtap_file_unlocked_ioctl( 4619): cmd=0x5205, arg=0x7f
04-02 14:44:16.572 I/richtap_file_unlocked_ioctl( 4617): cmd=0x5205, arg=0x7f
04-02 14:44:16.572 I/richtap_file_unlocked_ioctl( 4617): cmd=0x520a, arg=0x0
04-02 14:44:16.573 I/[haptic_hv][0279]aw8692x_wait_enter_standby( 4617): entered standby!
04-02 14:44:16.573 I/[haptic_hv][0423]aw8692x_upload_lra( 4617): write osc_cali_data to trim_lra = 0x00
04-02 14:44:16.579 I/        ( 6846): richtap_rtp_work rtp 1837 tm_len = 408
04-02 14:44:16.579 I/[haptic_hv][0344]aw8692x_play_mode( 6846): enter rtp mode
04-02 14:44:16.580 I/[haptic_hv][0293]aw8692x_bst_mode_config( 6846): haptic bst mode = bst
04-02 14:44:16.580 I/[haptic_hv][0260]aw8692x_play_go( 6846): enter, flag = 1
04-02 14:44:16.581 I/richtap_rtp_start( 6846): wait for RTP_GO, glb_state=0x01
04-02 14:44:16.584 I/richtap_rtp_start( 6846): RTP_GO! glb_state=0x08
04-02 14:44:16.584 I/        ( 6846): richtap_rtp_work start richtap play
04-02 14:44:16.616 I/        ( 1049): [GTP-INF][goodix_ts_report_finger] ACTION_UP
04-02 14:44:16.769 I/sd 0    ( 5979): 0:0:4: [sde] Synchronizing SCSI cache
04-02 14:44:16.895 I/[GTP-INF][goodix_ts_report_finger] ACTION_DOWN( 1049): 1, 1, id[0], x 1002, y 2122, w 21
04-02 14:44:16.912 I/richtap_file_unlocked_ioctl( 4619): cmd=0x5205, arg=0x7f
04-02 14:44:16.913 I/richtap_file_unlocked_ioctl( 4617): cmd=0x5205, arg=0x7f
04-02 14:44:16.914 I/richtap_file_unlocked_ioctl( 4617): cmd=0x520a, arg=0x0
04-02 14:44:16.914 I/[haptic_hv][0279]aw8692x_wait_enter_standby( 4617): entered standby!
04-02 14:44:16.914 I/[haptic_hv][0423]aw8692x_upload_lra( 4617): write osc_cali_data to trim_lra = 0x00
04-02 14:44:16.923 I/        ( 6849): richtap_rtp_work rtp 1837 tm_len = 408
04-02 14:44:16.923 I/[haptic_hv][0344]aw8692x_play_mode( 6849): enter rtp mode
