04-02 14:47:11.244 E/smcinvoke( 1739): process_accept_req: Server id :22 interrupted probaby due to suspend, pid:1739
04-02 14:47:11.244 E/smcinvoke( 1751): process_accept_req: Server id :24 interrupted probaby due to suspend, pid:1751
04-02 14:47:11.244 E/smcinvoke( 1753): process_accept_req: Server id :24 interrupted probaby due to suspend, pid:1753
04-02 14:47:11.244 E/smcinvoke( 1755): process_accept_req: Server id :24 interrupted probaby due to suspend, pid:1755
04-02 14:47:11.244 E/smcinvoke( 8827): process_accept_req: Server id :29 interrupted probaby due to suspend, pid:8827
04-02 14:47:11.244 E/smcinvoke( 8829): process_accept_req: Server id :29 interrupted probaby due to suspend, pid:8829
04-02 14:47:11.244 E/smcinvoke( 8830): process_accept_req: Server id :29 interrupted probaby due to suspend, pid:8830
04-02 14:47:11.244 E/smcinvoke( 1754): process_accept_req: Server id :24 interrupted probaby due to suspend, pid:1754
04-02 14:47:11.244 E/smcinvoke( 8828): process_accept_req: Server id :29 interrupted probaby due to suspend, pid:8828
04-02 14:47:11.268 W/        ( 5192): (elapsed 0.028 seconds) done.
04-02 14:47:11.268 I/        ( 5192): OOM killer disabled.
04-02 14:47:11.268 I/        ( 5192): Freezing remaining freezable tasks ... (elapsed 0.006 seconds) done.
04-02 14:47:11.274 I/printk  ( 5192): Suspending console(s) (use no_console_suspend to debug)
04-02 14:47:11.278 I/[kworke][0x177734291ef][09:17:17.831827] qca6490(15046): [15046:I:HDD] hdd_suspend_wlan: WLAN being suspended by OS
04-02 14:47:11.279 I/[kworke][0x17773429852][09:17:17.831912] qca6490(15046): [15046:I:PMO] pmo_core_is_wow_applicable: lpass enabled, enabling wow
04-02 14:47:11.286 I/[binder][0x1777344b680][09:17:17.839141] qca6490( 5192): [5192:I:HDD] __wlan_hdd_bus_suspend: starting bus suspend
04-02 14:47:11.286 I/[binder][0x1777344bd6b][09:17:17.839233] qca6490( 5192): [5192:I:PMO] pmo_core_enable_wow_in_fw: drv wow is enabled
04-02 14:47:11.286 I/[binder][0x1777344be22][09:17:17.839243] qca6490( 5192): [5192:I:PMO] pmo_core_enable_wow_in_fw: system suspend wow
04-02 14:47:11.305 I/[binder][0x177734a6a05][09:17:17.858601] qca6490( 5192): [5192:I:HDD] __wlan_hdd_bus_suspend: bus suspend succeeded
04-02 14:47:11.310 I/[haptic_hv][0279]aw8692x_wait_enter_standby( 5192): entered standby!
04-02 14:47:11.311 I/        ( 5192): aw20036_suspend vip 0 fact 0 always 0 (0)
04-02 14:47:11.311 I/        ( 5192): aw20036_suspend goto suspend
04-02 14:47:11.311 I/aw20036_hw_off( 5192): enter
04-02 14:47:11.320 I/sd 0    (15047): 0:0:5: [sdf] Synchronizing SCSI cache
04-02 14:47:11.321 I/sd 0    (15035): 0:0:3: [sdd] Synchronizing SCSI cache
04-02 14:47:11.321 I/sd 0    (15046): 0:0:4: [sde] Synchronizing SCSI cache
04-02 14:47:11.321 I/sd 0    ( 6861): 0:0:0: [sda] Synchronizing SCSI cache
04-02 14:47:11.336 I/suspend ns(    0): 60723984213112      suspend cycles:    1612547579445
04-02 14:47:11.336 I/resume cycles(    0): 1612563980854
04-02 14:47:11.336 W/[    C2] PM(    0): pm_system_irq_wakeup: 35 triggered ipa
04-02 14:47:11.339 I/PM      ( 5192): PM: Pending Wakeup Sources: [timerfd]
04-02 14:47:11.351 I/        ( 5192): aw20036_resume (1)
04-02 14:47:11.352 I/        ( 5192): aw20036_resume is suspend
04-02 14:47:11.361 I/[binder][0x17774550fe0][09:17:18.768760] qca6490( 5192): [5192:I:HDD] wlan_hdd_bus_resume: starting bus resume
04-02 14:47:11.362 I/[binder][0x17774553162][09:17:18.769206] qca6490( 5192): [5192:I:PMO] pmo_core_psoc_send_host_wakeup_ind_to_fw: Host wakeup indication sent to fw
04-02 14:47:11.373 I/[    C5] [soft_i][0x17774589e93][09(    0): 17:18.780902] qca6490: [0:I:WMA] Non-WLAN triggered wakeup: UNSPECIFIED (-1)
04-02 14:47:11.374 I/[binder][0x1777458f885][09:17:18.782101] qca6490( 5192): [5192:I:HDD] wlan_hdd_bus_resume: bus resume succeeded
04-02 14:47:11.375 I/[kworke][0x177745907ce][09:17:18.782305] qca6490( 6848): [6848:I:HDD] hdd_resume_wlan: WLAN being resumed by OS
04-02 14:47:11.375 I/[kworke][0x177745910dd][09:17:18.782426] qca6490( 6848): [6848:I:HDD] hdd_disable_host_offloads: vdev is not connected
04-02 14:47:11.377 I/        ( 5192): OOM killer enabled.
04-02 14:47:11.377 I/        ( 5192): Restarting tasks ...
04-02 14:47:11.380 E/smcinvoke( 1638): process_accept_req: process_accept_req txn 2 either invalid or removed from Q
04-02 14:47:11.380 E/smcinvoke( 1637): process_accept_req: process_accept_req txn 1 either invalid or removed from Q
04-02 14:47:11.380 E/smcinvoke( 1733): process_accept_req: process_accept_req txn 7 either invalid or removed from Q
04-02 14:47:11.380 E/smcinvoke( 1751): process_accept_req: process_accept_req txn 5 either invalid or removed from Q
04-02 14:47:11.380 E/smcinvoke( 1732): process_accept_req: process_accept_req txn 5 either invalid or removed from Q
04-02 14:47:11.380 E/smcinvoke( 1734): process_accept_req: process_accept_req txn 6 either invalid or removed from Q
04-02 14:47:11.380 E/smcinvoke( 1738): process_accept_req: process_accept_req txn 6 either invalid or removed from Q
04-02 14:47:11.380 E/smcinvoke( 1739): process_accept_req: process_accept_req txn 7 either invalid or removed from Q
04-02 14:47:11.380 E/smcinvoke( 1753): process_accept_req: process_accept_req txn 4 either invalid or removed from Q
04-02 14:47:11.380 E/smcinvoke( 1755): process_accept_req: process_accept_req txn 3 either invalid or removed from Q
04-02 14:47:11.381 E/smcinvoke( 8827): process_accept_req: process_accept_req txn 2 either invalid or removed from Q
04-02 14:47:11.389 E/smcinvoke( 1731): process_accept_req: process_accept_req txn 1 either invalid or removed from Q
04-02 14:47:11.389 E/smcinvoke( 1736): process_accept_req: process_accept_req txn 5 either invalid or removed from Q
04-02 14:47:11.392 W/        ( 5192): done.
04-02 14:47:11.392 I/        ( 5192): Resume caused by IRQ 35, ipa
04-02 14:47:11.392 E/ipa_pm_notify( 5192): 498 Entry
04-02 14:47:11.392 E/ipa_pm_notify( 5192): 510 Exit
04-02 14:47:11.392 I/adsp_sleepmon( 5192): PM_POST_SUSPEND
04-02 14:47:11.392 I/PM      ( 5192): suspend exit
04-02 14:47:11.392 I/adsp_sleepmon(  487): timer_event = 0,suspend_event = 1
04-02 14:47:11.578 I/PM      ( 5192): suspend entry (s2idle)
04-02 14:47:11.584 I/Filesystems sync( 5192): 0.005 seconds
04-02 14:47:11.584 E/ipa_pm_notify( 5192): 498 Entry
04-02 14:47:11.584 E/ipa_pm_notify( 5192): 510 Exit
04-02 14:47:11.584 I/        ( 5192): Freezing user space processes ...
04-02 14:47:11.587 E/smcinvoke( 1637): process_accept_req: Server id :17 interrupted probaby due to suspend, pid:1637
04-02 14:47:11.587 E/smcinvoke( 1638): process_accept_req: Server id :17 interrupted probaby due to suspend, pid:1638
04-02 14:47:11.587 E/smcinvoke( 1639): process_accept_req: Server id :17 interrupted probaby due to suspend, pid:1639
04-02 14:47:11.587 E/smcinvoke( 1640): process_accept_req: Server id :17 interrupted probaby due to suspend, pid:1640
04-02 14:47:11.587 E/smcinvoke( 1708): process_accept_req: Server id :18 interrupted probaby due to suspend, pid:1708
04-02 14:47:11.587 E/smcinvoke( 1709): process_accept_req: Server id :18 interrupted probaby due to suspend, pid:1709
04-02 14:47:11.587 E/smcinvoke( 1710): process_accept_req: Server id :18 interrupted probaby due to suspend, pid:1710
04-02 14:47:11.587 E/smcinvoke( 1711): process_accept_req: Server id :18 interrupted probaby due to suspend, pid:1711
04-02 14:47:11.587 E/smcinvoke( 1731): process_accept_req: Server id :21 interrupted probaby due to suspend, pid:1731
04-02 14:47:11.587 E/smcinvoke( 1732): process_accept_req: Server id :21 interrupted probaby due to suspend, pid:1732
04-02 14:47:11.587 E/smcinvoke( 1733): process_accept_req: Server id :21 interrupted probaby due to suspend, pid:1733
04-02 14:47:11.587 E/smcinvoke( 1736): process_accept_req: Server id :22 interrupted probaby due to suspend, pid:1736
04-02 14:47:11.587 E/smcinvoke( 1737): process_accept_req: Server id :22 interrupted probaby due to suspend, pid:1737
04-02 14:47:11.587 E/smcinvoke( 1734): process_accept_req: Server id :21 interrupted probaby due to suspend, pid:1734
04-02 14:47:11.588 E/smcinvoke( 1739): process_accept_req: Server id :22 interrupted probaby due to suspend, pid:1739
04-02 14:47:11.588 E/smcinvoke( 1738): process_accept_req: Server id :22 interrupted probaby due to suspend, pid:1738
04-02 14:47:11.588 E/smcinvoke( 1751): process_accept_req: Server id :24 interrupted probaby due to suspend, pid:1751
04-02 14:47:11.588 E/smcinvoke( 1753): process_accept_req: Server id :24 interrupted probaby due to suspend, pid:1753
04-02 14:47:11.588 E/smcinvoke( 1755): process_accept_req: Server id :24 interrupted probaby due to suspend, pid:1755
04-02 14:47:11.588 E/smcinvoke( 1754): process_accept_req: Server id :24 interrupted probaby due to suspend, pid:1754
04-02 14:47:11.588 E/smcinvoke( 8827): process_accept_req: Server id :29 interrupted probaby due to suspend, pid:8827
04-02 14:47:11.588 E/smcinvoke( 8829): process_accept_req: Server id :29 interrupted probaby due to suspend, pid:8829
04-02 14:47:11.588 E/smcinvoke( 8828): process_accept_req: Server id :29 interrupted probaby due to suspend, pid:8828
04-02 14:47:11.588 E/smcinvoke( 8830): process_accept_req: Server id :29 interrupted probaby due to suspend, pid:8830
04-02 14:47:11.607 I/PM      ( 5192): PM: Pending Wakeup Sources: IPA_CLIENT_APPS_LAN_CONS
04-02 14:47:11.607 E/        ( 5192): Freezing of tasks aborted after 0.023 seconds
04-02 14:47:11.608 I/        ( 5192): OOM killer enabled.
04-02 14:47:11.608 I/        ( 5192): Restarting tasks ...
04-02 14:47:11.609 E/smcinvoke( 1637): process_accept_req: process_accept_req txn 1 either invalid or removed from Q
04-02 14:47:11.609 E/smcinvoke( 1638): process_accept_req: process_accept_req txn 2 either invalid or removed from Q
04-02 14:47:11.610 E/smcinvoke( 1731): process_accept_req: process_accept_req txn 1 either invalid or removed from Q
04-02 14:47:11.610 E/smcinvoke( 1732): process_accept_req: process_accept_req txn 5 either invalid or removed from Q
04-02 14:47:11.610 E/smcinvoke( 1733): process_accept_req: process_accept_req txn 7 either invalid or removed from Q
04-02 14:47:11.610 E/smcinvoke( 1734): process_accept_req: process_accept_req txn 6 either invalid or removed from Q
04-02 14:47:11.610 E/smcinvoke( 1736): process_accept_req: process_accept_req txn 5 either invalid or removed from Q
04-02 14:47:11.610 E/smcinvoke( 1739): process_accept_req: process_accept_req txn 7 either invalid or removed from Q
04-02 14:47:11.610 E/smcinvoke( 1738): process_accept_req: process_accept_req txn 6 either invalid or removed from Q
04-02 14:47:11.610 E/smcinvoke( 1753): process_accept_req: process_accept_req txn 4 either invalid or removed from Q
04-02 14:47:11.610 E/smcinvoke( 1751): process_accept_req: process_accept_req txn 5 either invalid or removed from Q
04-02 14:47:11.610 E/smcinvoke( 1755): process_accept_req: process_accept_req txn 3 either invalid or removed from Q
04-02 14:47:11.610 E/smcinvoke( 8827): process_accept_req: process_accept_req txn 2 either invalid or removed from Q
04-02 14:47:11.621 W/        ( 5192): done.
04-02 14:47:11.621 I/Abort   ( 5192): Pending Wakeup Sources: IPA_CLIENT_APPS_LAN_CONS
04-02 14:47:11.622 E/ipa_pm_notify( 5192): 498 Entry
04-02 14:47:11.622 E/ipa_pm_notify( 5192): 510 Exit
04-02 14:47:11.622 I/adsp_sleepmon( 5192): PM_POST_SUSPEND
04-02 14:47:11.622 I/PM      ( 5192): suspend exit
04-02 14:47:11.622 I/adsp_sleepmon(  487): timer_event = 0,suspend_event = 1
04-02 14:47:11.824 I/PM      ( 5192): suspend entry (s2idle)
04-02 14:47:11.829 I/Filesystems sync( 5192): 0.005 seconds
04-02 14:47:11.829 E/ipa_pm_notify( 5192): 498 Entry
04-02 14:47:11.829 E/ipa_pm_notify( 5192): 510 Exit
04-02 14:47:11.829 I/        ( 5192): Freezing user space processes ...
04-02 14:47:11.833 E/smcinvoke( 1637): process_accept_req: Server id :17 interrupted probaby due to suspend, pid:1637
04-02 14:47:11.833 E/smcinvoke( 1638): process_accept_req: Server id :17 interrupted probaby due to suspend, pid:1638
04-02 14:47:11.833 E/smcinvoke( 1639): process_accept_req: Server id :17 interrupted probaby due to suspend, pid:1639
04-02 14:47:11.833 E/smcinvoke( 1640): process_accept_req: Server id :17 interrupted probaby due to suspend, pid:1640
04-02 14:47:11.833 E/smcinvoke( 1708): process_accept_req: Server id :18 interrupted probaby due to suspend, pid:1708
04-02 14:47:11.833 E/smcinvoke( 1711): process_accept_req: Server id :18 interrupted probaby due to suspend, pid:1711
04-02 14:47:11.833 E/smcinvoke( 1709): process_accept_req: Server id :18 interrupted probaby due to suspend, pid:1709
04-02 14:47:11.833 E/smcinvoke( 1731): process_accept_req: Server id :21 interrupted probaby due to suspend, pid:1731
04-02 14:47:11.833 E/smcinvoke( 1737): process_accept_req: Server id :22 interrupted probaby due to suspend, pid:1737
04-02 14:47:11.833 E/smcinvoke( 1710): process_accept_req: Server id :18 interrupted probaby due to suspend, pid:1710
04-02 14:47:11.833 E/smcinvoke( 1733): process_accept_req: Server id :21 interrupted probaby due to suspend, pid:1733
04-02 14:47:11.834 E/smcinvoke( 1738): process_accept_req: Server id :22 interrupted probaby due to suspend, pid:1738
04-02 14:47:11.834 E/smcinvoke( 1736): process_accept_req: Server id :22 interrupted probaby due to suspend, pid:1736
04-02 14:47:11.834 E/smcinvoke( 1739): process_accept_req: Server id :22 interrupted probaby due to suspend, pid:1739
04-02 14:47:11.834 E/smcinvoke( 1732): process_accept_req: Server id :21 interrupted probaby due to suspend, pid:1732
04-02 14:47:11.834 E/smcinvoke( 1753): process_accept_req: Server id :24 interrupted probaby due to suspend, pid:1753
04-02 14:47:11.834 E/smcinvoke( 1751): process_accept_req: Server id :24 interrupted probaby due to suspend, pid:1751
04-02 14:47:11.834 E/smcinvoke( 1754): process_accept_req: Server id :24 interrupted probaby due to suspend, pid:1754
04-02 14:47:11.834 E/smcinvoke( 1734): process_accept_req: Server id :21 interrupted probaby due to suspend, pid:1734
04-02 14:47:11.834 E/smcinvoke( 1755): process_accept_req: Server id :24 interrupted probaby due to suspend, pid:1755
04-02 14:47:11.834 E/smcinvoke( 8827): process_accept_req: Server id :29 interrupted probaby due to suspend, pid:8827
04-02 14:47:11.834 E/smcinvoke( 8828): process_accept_req: Server id :29 interrupted probaby due to suspend, pid:8828
04-02 14:47:11.834 E/smcinvoke( 8830): process_accept_req: Server id :29 interrupted probaby due to suspend, pid:8830
04-02 14:47:11.834 E/smcinvoke( 8829): process_accept_req: Server id :29 interrupted probaby due to suspend, pid:8829
04-02 14:47:11.860 W/        ( 5192): (elapsed 0.030 seconds) done.
04-02 14:47:11.860 I/        ( 5192): OOM killer disabled.
04-02 14:47:11.860 I/        ( 5192): Freezing remaining freezable tasks ... (elapsed 0.006 seconds) done.
04-02 14:47:11.866 I/printk  ( 5192): Suspending console(s) (use no_console_suspend to debug)
04-02 14:47:11.871 I/[kworke][0x17774ea6014][09:17:19.278415] qca6490( 6848): [6848:I:HDD] hdd_suspend_wlan: WLAN being suspended by OS
04-02 14:47:11.871 I/[kworke][0x17774ea65aa][09:17:19.278490] qca6490( 6848): [6848:I:PMO] pmo_core_is_wow_applicable: lpass enabled, enabling wow
04-02 14:47:11.878 I/[binder][0x17774ec5e7e][09:17:19.285221] qca6490( 5192): [5192:I:HDD] __wlan_hdd_bus_suspend: starting bus suspend
04-02 14:47:11.878 I/[binder][0x17774ec6316][09:17:19.285282] qca6490( 5192): [5192:I:PMO] pmo_core_enable_wow_in_fw: drv wow is enabled
04-02 14:47:11.878 I/[binder][0x17774ec63a7][09:17:19.285290] qca6490( 5192): [5192:I:PMO] pmo_core_enable_wow_in_fw: system suspend wow
04-02 14:47:11.897 I/[binder][0x17774f1fcb0][09:17:19.304397] qca6490( 5192): [5192:I:HIF] hif_try_complete_tasks: waiting for tasklets 1 grp tasklets 0 work 0
04-02 14:47:11.911 I/[binder][0x17774f62237][09:17:19.318551] qca6490( 5192): [5192:I:HDD] __wlan_hdd_bus_suspend: bus suspend succeeded
04-02 14:47:11.917 I/[haptic_hv][0279]aw8692x_wait_enter_standby( 5192): entered standby!
04-02 14:47:11.917 I/        ( 5192): aw20036_suspend vip 0 fact 0 always 0 (0)
04-02 14:47:11.917 I/        ( 5192): aw20036_suspend goto suspend
04-02 14:47:11.917 I/aw20036_hw_off( 5192): enter
04-02 14:47:11.923 I/sd 0    (15046): 0:0:5: [sdf] Synchronizing SCSI cache
04-02 14:47:11.923 I/sd 0    ( 6848): 0:0:4: [sde] Synchronizing SCSI cache
04-02 14:47:11.924 I/sd 0    (15037): 0:0:3: [sdd] Synchronizing SCSI cache
04-02 14:47:11.924 I/sd 0    ( 6861): 0:0:0: [sda] Synchronizing SCSI cache
04-02 14:47:11.939 I/suspend ns(    0): 60724587485822      suspend cycles:    1612575563690
04-02 14:47:11.939 I/resume cycles(    0): 1612701540897
04-02 14:47:11.939 W/[    C0] PM(    0): pm_system_irq_wakeup: 259 triggered pm8xxx_rtc_alarm
04-02 14:47:11.942 I/PM      ( 5192): PM: Pending Wakeup Sources: [timerfd] [timerfd]
04-02 14:47:11.957 I/        ( 5192): aw20036_resume (1)
04-02 14:47:11.957 I/        ( 5192): aw20036_resume is suspend
04-02 14:47:11.967 I/[binder][0x1777c88dfd3][09:17:25.936119] qca6490( 5192): [5192:I:HDD] wlan_hdd_bus_resume: starting bus resume
04-02 14:47:11.968 I/[binder][0x1777c88feb8][09:17:25.936531] qca6490( 5192): [5192:I:PMO] pmo_core_psoc_send_host_wakeup_ind_to_fw: Host wakeup indication sent to fw
04-02 14:47:11.979 I/[    C5] [soft_i][0x1777c8c6124][09(    0): 17:25.948083] qca6490: [0:I:WMA] Non-WLAN triggered wakeup: UNSPECIFIED (-1)
04-02 14:47:11.980 I/[binder][0x1777c8cc212][09:17:25.949375] qca6490( 5192): [5192:I:HDD] wlan_hdd_bus_resume: bus resume succeeded
04-02 14:47:11.981 I/[kworke][0x1777c8d037c][09:17:25.950248] qca6490(15047): [15047:I:HDD] hdd_resume_wlan: WLAN being resumed by OS
04-02 14:47:11.981 I/[kworke][0x1777c8d0e53][09:17:25.950392] qca6490(15047): [15047:I:HDD] hdd_disable_host_offloads: vdev is not connected
04-02 14:47:11.984 I/        ( 5192): OOM killer enabled.
04-02 14:47:11.984 I/        ( 5192): Restarting tasks ...
04-02 14:47:11.986 E/smcinvoke( 1637): process_accept_req: process_accept_req txn 1 either invalid or removed from Q
04-02 14:47:11.986 E/smcinvoke( 1731): process_accept_req: process_accept_req txn 1 either invalid or removed from Q
04-02 14:47:11.987 E/smcinvoke( 1738): process_accept_req: process_accept_req txn 6 either invalid or removed from Q
04-02 14:47:11.987 E/smcinvoke( 1751): process_accept_req: process_accept_req txn 5 either invalid or removed from Q
04-02 14:47:11.987 E/smcinvoke( 8827): process_accept_req: process_accept_req txn 2 either invalid or removed from Q
04-02 14:47:11.990 E/smcinvoke( 1732): process_accept_req: process_accept_req txn 5 either invalid or removed from Q
04-02 14:47:11.990 E/smcinvoke( 1755): process_accept_req: process_accept_req txn 3 either invalid or removed from Q
04-02 14:47:11.991 E/smcinvoke( 1638): process_accept_req: process_accept_req txn 2 either invalid or removed from Q
04-02 14:47:11.991 E/smcinvoke( 1733): process_accept_req: process_accept_req txn 7 either invalid or removed from Q
04-02 14:47:11.991 E/smcinvoke( 1734): process_accept_req: process_accept_req txn 6 either invalid or removed from Q
04-02 14:47:11.996 W/        ( 5192): done.
04-02 14:47:11.996 I/        ( 5192): Resume caused by IRQ 259, pm8xxx_rtc_alarm
04-02 14:47:11.996 E/ipa_pm_notify( 5192): 498 Entry
04-02 14:47:11.996 E/ipa_pm_notify( 5192): 510 Exit
04-02 14:47:11.996 I/adsp_sleepmon( 5192): PM_POST_SUSPEND
04-02 14:47:11.996 E/smcinvoke( 1736): process_accept_req: process_accept_req txn 5 either invalid or removed from Q
04-02 14:47:11.996 E/smcinvoke( 1739): process_accept_req: process_accept_req txn 7 either invalid or removed from Q
04-02 14:47:11.996 E/smcinvoke( 1753): process_accept_req: process_accept_req txn 4 either invalid or removed from Q
04-02 14:47:12.000 I/PM      ( 5192): suspend exit
04-02 14:47:12.003 I/adsp_sleepmon(  487): timer_event = 0,suspend_event = 1
04-02 14:47:12.045 E/simulated_ntc( 4625): proc_shell_write write invalid para
04-02 14:47:12.151 I/PM      ( 5192): suspend entry (s2idle)
04-02 14:47:12.155 I/Filesystems sync( 5192): 0.004 seconds
04-02 14:47:12.155 E/ipa_pm_notify( 5192): 498 Entry
04-02 14:47:12.155 E/ipa_pm_notify( 5192): 510 Exit
04-02 14:47:12.155 I/        ( 5192): Freezing user space processes ...
04-02 14:47:12.156 E/smcinvoke( 1637): process_accept_req: Server id :17 interrupted probaby due to suspend, pid:1637
04-02 14:47:12.156 E/smcinvoke( 1638): process_accept_req: Server id :17 interrupted probaby due to suspend, pid:1638
04-02 14:47:12.156 E/smcinvoke( 1639): process_accept_req: Server id :17 interrupted probaby due to suspend, pid:1639
04-02 14:47:12.156 E/smcinvoke( 1640): process_accept_req: Server id :17 interrupted probaby due to suspend, pid:1640
04-02 14:47:12.157 E/smcinvoke( 1709): process_accept_req: Server id :18 interrupted probaby due to suspend, pid:1709
04-02 14:47:12.157 E/smcinvoke( 1710): process_accept_req: Server id :18 interrupted probaby due to suspend, pid:1710
04-02 14:47:12.157 E/smcinvoke( 1711): process_accept_req: Server id :18 interrupted probaby due to suspend, pid:1711
04-02 14:47:12.157 E/smcinvoke( 1708): process_accept_req: Server id :18 interrupted probaby due to suspend, pid:1708
04-02 14:47:12.157 E/smcinvoke( 1731): process_accept_req: Server id :21 interrupted probaby due to suspend, pid:1731
04-02 14:47:12.157 E/smcinvoke( 1732): process_accept_req: Server id :21 interrupted probaby due to suspend, pid:1732
04-02 14:47:12.157 E/smcinvoke( 1736): process_accept_req: Server id :22 interrupted probaby due to suspend, pid:1736
04-02 14:47:12.157 E/smcinvoke( 1737): process_accept_req: Server id :22 interrupted probaby due to suspend, pid:1737
04-02 14:47:12.157 E/smcinvoke( 1733): process_accept_req: Server id :21 interrupted probaby due to suspend, pid:1733
04-02 14:47:12.157 E/smcinvoke( 1739): process_accept_req: Server id :22 interrupted probaby due to suspend, pid:1739
04-02 14:47:12.157 E/smcinvoke( 1738): process_accept_req: Server id :22 interrupted probaby due to suspend, pid:1738
04-02 14:47:12.157 E/smcinvoke( 1734): process_accept_req: Server id :21 interrupted probaby due to suspend, pid:1734
04-02 14:47:12.157 E/smcinvoke( 1753): process_accept_req: Server id :24 interrupted probaby due to suspend, pid:1753
04-02 14:47:12.157 E/smcinvoke( 1751): process_accept_req: Server id :24 interrupted probaby due to suspend, pid:1751
04-02 14:47:12.157 E/smcinvoke( 1755): process_accept_req: Server id :24 interrupted probaby due to suspend, pid:1755
04-02 14:47:12.157 E/smcinvoke( 1754): process_accept_req: Server id :24 interrupted probaby due to suspend, pid:1754
04-02 14:47:12.157 E/smcinvoke( 8827): process_accept_req: Server id :29 interrupted probaby due to suspend, pid:8827
04-02 14:47:12.157 E/smcinvoke( 8828): process_accept_req: Server id :29 interrupted probaby due to suspend, pid:8828
04-02 14:47:12.157 E/smcinvoke( 8829): process_accept_req: Server id :29 interrupted probaby due to suspend, pid:8829
04-02 14:47:12.157 E/smcinvoke( 8830): process_accept_req: Server id :29 interrupted probaby due to suspend, pid:8830
04-02 14:47:12.165 I/PM      ( 5192): PM: Pending Wakeup Sources: IPA_CLIENT_APPS_LAN_CONS
04-02 14:47:12.165 E/        ( 5192): Freezing of tasks aborted after 0.010 seconds
04-02 14:47:12.165 I/        ( 5192): OOM killer enabled.
04-02 14:47:12.165 I/        ( 5192): Restarting tasks ...
04-02 14:47:12.166 E/smcinvoke( 1637): process_accept_req: process_accept_req txn 1 either invalid or removed from Q
04-02 14:47:12.166 E/smcinvoke( 1638): process_accept_req: process_accept_req txn 2 either invalid or removed from Q
04-02 14:47:12.166 E/smcinvoke( 1731): process_accept_req: process_accept_req txn 1 either invalid or removed from Q
04-02 14:47:12.166 E/smcinvoke( 1734): process_accept_req: process_accept_req txn 6 either invalid or removed from Q
04-02 14:47:12.166 E/smcinvoke( 1732): process_accept_req: process_accept_req txn 5 either invalid or removed from Q
04-02 14:47:12.166 E/smcinvoke( 1736): process_accept_req: process_accept_req txn 5 either invalid or removed from Q
04-02 14:47:12.166 E/smcinvoke( 1738): process_accept_req: process_accept_req txn 6 either invalid or removed from Q
04-02 14:47:12.166 E/smcinvoke( 1733): process_accept_req: process_accept_req txn 7 either invalid or removed from Q
04-02 14:47:12.166 E/smcinvoke( 1753): process_accept_req: process_accept_req txn 4 either invalid or removed from Q
04-02 14:47:12.166 E/smcinvoke( 1751): process_accept_req: process_accept_req txn 5 either invalid or removed from Q
04-02 14:47:12.166 E/smcinvoke( 1739): process_accept_req: process_accept_req txn 7 either invalid or removed from Q
04-02 14:47:12.167 E/smcinvoke( 1755): process_accept_req: process_accept_req txn 3 either invalid or removed from Q
04-02 14:47:12.167 E/smcinvoke( 8827): process_accept_req: process_accept_req txn 2 either invalid or removed from Q
04-02 14:47:12.173 W/        ( 5192): done.
04-02 14:47:12.173 I/Abort   ( 5192): Pending Wakeup Sources: IPA_CLIENT_APPS_LAN_CONS
04-02 14:47:12.173 E/ipa_pm_notify( 5192): 498 Entry
04-02 14:47:12.173 E/ipa_pm_notify( 5192): 510 Exit
04-02 14:47:12.173 I/adsp_sleepmon( 5192): PM_POST_SUSPEND
04-02 14:47:12.173 I/PM      ( 5192): suspend exit
04-02 14:47:12.173 I/adsp_sleepmon(  487): timer_event = 0,suspend_event = 1
04-02 14:47:12.390 I/PM      ( 5192): suspend entry (s2idle)
04-02 14:47:12.395 I/Filesystems sync( 5192): 0.005 seconds
04-02 14:47:12.395 E/ipa_pm_notify( 5192): 498 Entry
04-02 14:47:12.395 E/ipa_pm_notify( 5192): 510 Exit
04-02 14:47:12.395 I/        ( 5192): Freezing user space processes ...
04-02 14:47:12.396 E/smcinvoke( 1637): process_accept_req: Server id :17 interrupted probaby due to suspend, pid:1637
04-02 14:47:12.396 E/smcinvoke( 1638): process_accept_req: Server id :17 interrupted probaby due to suspend, pid:1638
04-02 14:47:12.396 E/smcinvoke( 1639): process_accept_req: Server id :17 interrupted probaby due to suspend, pid:1639
04-02 14:47:12.396 E/smcinvoke( 1640): process_accept_req: Server id :17 interrupted probaby due to suspend, pid:1640
04-02 14:47:12.396 E/smcinvoke( 1709): process_accept_req: Server id :18 interrupted probaby due to suspend, pid:1709
04-02 14:47:12.396 E/smcinvoke( 1710): process_accept_req: Server id :18 interrupted probaby due to suspend, pid:1710
04-02 14:47:12.396 E/smcinvoke( 1711): process_accept_req: Server id :18 interrupted probaby due to suspend, pid:1711
04-02 14:47:12.396 E/smcinvoke( 1708): process_accept_req: Server id :18 interrupted probaby due to suspend, pid:1708
04-02 14:47:12.396 E/smcinvoke( 1732): process_accept_req: Server id :21 interrupted probaby due to suspend, pid:1732
04-02 14:47:12.396 E/smcinvoke( 1731): process_accept_req: Server id :21 interrupted probaby due to suspend, pid:1731
04-02 14:47:12.396 E/smcinvoke( 1733): process_accept_req: Server id :21 interrupted probaby due to suspend, pid:1733
04-02 14:47:12.396 E/smcinvoke( 1737): process_accept_req: Server id :22 interrupted probaby due to suspend, pid:1737
04-02 14:47:12.396 E/smcinvoke( 1739): process_accept_req: Server id :22 interrupted probaby due to suspend, pid:1739
04-02 14:47:12.396 E/smcinvoke( 1738): process_accept_req: Server id :22 interrupted probaby due to suspend, pid:1738
04-02 14:47:12.396 E/smcinvoke( 1755): process_accept_req: Server id :24 interrupted probaby due to suspend, pid:1755
04-02 14:47:12.396 E/smcinvoke( 1751): process_accept_req: Server id :24 interrupted probaby due to suspend, pid:1751
04-02 14:47:12.397 E/smcinvoke( 1754): process_accept_req: Server id :24 interrupted probaby due to suspend, pid:1754
04-02 14:47:12.397 E/smcinvoke( 1734): process_accept_req: Server id :21 interrupted probaby due to suspend, pid:1734
04-02 14:47:12.397 E/smcinvoke( 1736): process_accept_req: Server id :22 interrupted probaby due to suspend, pid:1736
04-02 14:47:12.397 E/smcinvoke( 1753): process_accept_req: Server id :24 interrupted probaby due to suspend, pid:1753
04-02 14:47:12.397 E/smcinvoke( 8828): process_accept_req: Server id :29 interrupted probaby due to suspend, pid:8828
04-02 14:47:12.397 E/smcinvoke( 8827): process_accept_req: Server id :29 interrupted probaby due to suspend, pid:8827
04-02 14:47:12.397 E/smcinvoke( 8829): process_accept_req: Server id :29 interrupted probaby due to suspend, pid:8829
04-02 14:47:12.397 E/smcinvoke( 8830): process_accept_req: Server id :29 interrupted probaby due to suspend, pid:8830
04-02 14:47:12.612 I/[kworke][0x1777d45b251][09:17:26.580632] qca6490( 8749): [8749:I:PMO] pmo_core_enable_wow_in_fw: drv wow is enabled
04-02 14:47:12.772 W/        ( 5192): (elapsed 0.377 seconds) done.
04-02 14:47:12.772 I/        ( 5192): OOM killer disabled.
04-02 14:47:12.772 I/        ( 5192): Freezing remaining freezable tasks ... (elapsed 0.006 seconds) done.
04-02 14:47:12.778 I/printk  ( 5192): Suspending console(s) (use no_console_suspend to debug)
04-02 14:47:12.797 I/[kworke][0x1777d7c1382][09:17:26.766248] qca6490( 6843): [6843:I:PMO] pmo_core_psoc_send_host_wakeup_ind_to_fw: Host wakeup indication sent to fw
04-02 14:47:12.812 I/[kworke][0x1777d804e10][09:17:26.780682] qca6490( 6843): [6843:I:HDD] hdd_suspend_wlan: WLAN being suspended by OS
04-02 14:47:12.812 I/[kworke][0x1777d80574b][09:17:26.780805] qca6490( 6843): [6843:I:PMO] pmo_core_is_wow_applicable: lpass enabled, enabling wow
04-02 14:47:12.813 I/[binder][0x1777d80bd13][09:17:26.782162] qca6490( 5192): [5192:I:HDD] __wlan_hdd_bus_suspend: starting bus suspend
04-02 14:47:12.813 I/[binder][0x1777d80c153][09:17:26.782219] qca6490( 5192): [5192:I:PMO] pmo_core_enable_wow_in_fw: drv wow is enabled
04-02 14:47:12.813 I/[binder][0x1777d80c1ef][09:17:26.782227] qca6490( 5192): [5192:I:PMO] pmo_core_enable_wow_in_fw: system suspend wow
04-02 14:47:12.832 I/[binder][0x1777d86443f][09:17:26.801031] qca6490( 5192): [5192:I:HDD] __wlan_hdd_bus_suspend: bus suspend succeeded
04-02 14:47:12.840 I/[haptic_hv][0279]aw8692x_wait_enter_standby( 5192): entered standby!
04-02 14:47:12.840 I/        ( 5192): aw20036_suspend vip 0 fact 0 always 0 (0)
04-02 14:47:12.840 I/        ( 5192): aw20036_suspend goto suspend
04-02 14:47:12.840 I/aw20036_hw_off( 5192): enter
04-02 14:47:12.847 I/sd 0    (15047): 0:0:5: [sdf] Synchronizing SCSI cache
04-02 14:47:12.847 I/sd 0    ( 6849): 0:0:3: [sdd] Synchronizing SCSI cache
04-02 14:47:12.847 I/sd 0    ( 6843): 0:0:4: [sde] Synchronizing SCSI cache
04-02 14:47:12.848 I/sd 0    (30915): 0:0:0: [sda] Synchronizing SCSI cache
04-02 14:47:12.866 I/suspend ns(    0): 60725514052439      suspend cycles:    1612719330976
04-02 14:47:12.866 I/resume cycles(    0): 1612902829005
04-02 14:47:12.866 W/[    C2] PM(    0): pm_system_irq_wakeup: 35 triggered ipa
04-02 14:47:12.867 I/PM      ( 5192): PM: Pending Wakeup Sources: [timerfd]
04-02 14:47:12.881 I/        ( 5192): aw20036_resume (1)
04-02 14:47:12.881 I/        ( 5192): aw20036_resume is suspend
04-02 14:47:12.890 I/[binder][0x17788874aad][09:17:36.416477] qca6490( 5192): [5192:I:HDD] wlan_hdd_bus_resume: starting bus resume
04-02 14:47:12.891 I/[binder][0x17788877318][09:17:36.417016] qca6490( 5192): [5192:I:PMO] pmo_core_psoc_send_host_wakeup_ind_to_fw: Host wakeup indication sent to fw
04-02 14:47:12.901 I/[    C5] [soft_i][0x177888a5802][09(    0): 17:36.426895] qca6490: [0:I:WMA] Non-WLAN triggered wakeup: UNSPECIFIED (-1)
04-02 14:47:12.901 I/[binder][0x177888a73fc][09:17:36.427268] qca6490( 5192): [5192:I:HDD] wlan_hdd_bus_resume: bus resume succeeded
04-02 14:47:12.901 I/[kworke][0x177888a7cdf][09:17:36.427386] qca6490(15039): [15039:I:HDD] hdd_resume_wlan: WLAN being resumed by OS
04-02 14:47:12.901 I/[kworke][0x177888a81eb][09:17:36.427453] qca6490(15039): [15039:I:HDD] hdd_disable_host_offloads: vdev is not connected
04-02 14:47:12.903 I/        ( 5192): OOM killer enabled.
04-02 14:47:12.903 I/        ( 5192): Restarting tasks ...
04-02 14:47:12.906 E/smcinvoke( 1637): process_accept_req: process_accept_req txn 1 either invalid or removed from Q
04-02 14:47:12.907 E/smcinvoke( 1731): process_accept_req: process_accept_req txn 1 either invalid or removed from Q
04-02 14:47:12.907 E/smcinvoke( 1738): process_accept_req: process_accept_req txn 6 either invalid or removed from Q
04-02 14:47:12.907 E/smcinvoke( 1751): process_accept_req: process_accept_req txn 5 either invalid or removed from Q
04-02 14:47:12.907 E/smcinvoke( 1753): process_accept_req: process_accept_req txn 4 either invalid or removed from Q
04-02 14:47:12.907 E/smcinvoke( 8827): process_accept_req: process_accept_req txn 2 either invalid or removed from Q
04-02 14:47:12.913 E/smcinvoke( 1638): process_accept_req: process_accept_req txn 2 either invalid or removed from Q
04-02 14:47:12.918 W/        ( 5192): done.
04-02 14:47:12.918 I/        ( 5192): Resume caused by IRQ 35, ipa
04-02 14:47:12.918 E/ipa_pm_notify( 5192): 498 Entry
04-02 14:47:12.918 E/ipa_pm_notify( 5192): 510 Exit
04-02 14:47:12.918 I/adsp_sleepmon( 5192): PM_POST_SUSPEND
04-02 14:47:12.918 I/adsp_sleepmon(  487): timer_event = 0,suspend_event = 1
04-02 14:47:12.918 E/smcinvoke( 1732): process_accept_req: process_accept_req txn 5 either invalid or removed from Q
04-02 14:47:12.918 E/smcinvoke( 1733): process_accept_req: process_accept_req txn 7 either invalid or removed from Q
04-02 14:47:12.918 E/smcinvoke( 1734): process_accept_req: process_accept_req txn 6 either invalid or removed from Q
04-02 14:47:12.918 E/smcinvoke( 1736): process_accept_req: process_accept_req txn 5 either invalid or removed from Q
04-02 14:47:12.918 E/smcinvoke( 1739): process_accept_req: process_accept_req txn 7 either invalid or removed from Q
04-02 14:47:12.918 E/smcinvoke( 1755): process_accept_req: process_accept_req txn 3 either invalid or removed from Q
04-02 14:47:12.920 I/PM      ( 5192): suspend exit
04-02 14:47:13.010 W/audit   ( 3182): audit_lost=10149 audit_rate_limit=5 audit_backlog_limit=64
04-02 14:47:13.010 E/audit   ( 3182): rate limit exceeded
04-02 14:47:13.076 I/PM      ( 5192): suspend entry (s2idle)
04-02 14:47:13.080 I/Filesystems sync( 5192): 0.003 seconds
04-02 14:47:13.080 E/ipa_pm_notify( 5192): 498 Entry
04-02 14:47:13.080 E/ipa_pm_notify( 5192): 510 Exit
04-02 14:47:13.080 I/        ( 5192): Freezing user space processes ...
04-02 14:47:13.082 E/smcinvoke( 1637): process_accept_req: Server id :17 interrupted probaby due to suspend, pid:1637
04-02 14:47:13.082 E/smcinvoke( 1638): process_accept_req: Server id :17 interrupted probaby due to suspend, pid:1638
04-02 14:47:13.082 E/smcinvoke( 1639): process_accept_req: Server id :17 interrupted probaby due to suspend, pid:1639
04-02 14:47:13.082 E/smcinvoke( 1640): process_accept_req: Server id :17 interrupted probaby due to suspend, pid:1640
04-02 14:47:13.082 E/smcinvoke( 1708): process_accept_req: Server id :18 interrupted probaby due to suspend, pid:1708
04-02 14:47:13.082 E/smcinvoke( 1709): process_accept_req: Server id :18 interrupted probaby due to suspend, pid:1709
04-02 14:47:13.082 E/smcinvoke( 1710): process_accept_req: Server id :18 interrupted probaby due to suspend, pid:1710
04-02 14:47:13.082 E/smcinvoke( 1711): process_accept_req: Server id :18 interrupted probaby due to suspend, pid:1711
04-02 14:47:13.082 E/smcinvoke( 1732): process_accept_req: Server id :21 interrupted probaby due to suspend, pid:1732
04-02 14:47:13.082 E/smcinvoke( 1733): process_accept_req: Server id :21 interrupted probaby due to suspend, pid:1733
04-02 14:47:13.082 E/smcinvoke( 1731): process_accept_req: Server id :21 interrupted probaby due to suspend, pid:1731
04-02 14:47:13.082 E/smcinvoke( 1734): process_accept_req: Server id :21 interrupted probaby due to suspend, pid:1734
04-02 14:47:13.082 E/smcinvoke( 1737): process_accept_req: Server id :22 interrupted probaby due to suspend, pid:1737
04-02 14:47:13.082 E/smcinvoke( 1736): process_accept_req: Server id :22 interrupted probaby due to suspend, pid:1736
04-02 14:47:13.082 E/smcinvoke( 1738): process_accept_req: Server id :22 interrupted probaby due to suspend, pid:1738
04-02 14:47:13.082 E/smcinvoke( 1739): process_accept_req: Server id :22 interrupted probaby due to suspend, pid:1739
04-02 14:47:13.082 E/smcinvoke( 1751): process_accept_req: Server id :24 interrupted probaby due to suspend, pid:1751
04-02 14:47:13.082 E/smcinvoke( 1755): process_accept_req: Server id :24 interrupted probaby due to suspend, pid:1755
04-02 14:47:13.082 E/smcinvoke( 1753): process_accept_req: Server id :24 interrupted probaby due to suspend, pid:1753
04-02 14:47:13.082 E/smcinvoke( 1754): process_accept_req: Server id :24 interrupted probaby due to suspend, pid:1754
04-02 14:47:13.082 E/smcinvoke( 8827): process_accept_req: Server id :29 interrupted probaby due to suspend, pid:8827
04-02 14:47:13.082 E/smcinvoke( 8828): process_accept_req: Server id :29 interrupted probaby due to suspend, pid:8828
04-02 14:47:13.082 E/smcinvoke( 8830): process_accept_req: Server id :29 interrupted probaby due to suspend, pid:8830
04-02 14:47:13.082 E/smcinvoke( 8829): process_accept_req: Server id :29 interrupted probaby due to suspend, pid:8829
04-02 14:47:13.383 W/        ( 5192): (elapsed 0.302 seconds) done.
04-02 14:47:13.383 I/        ( 5192): OOM killer disabled.
04-02 14:47:13.383 I/        ( 5192): Freezing remaining freezable tasks ... (elapsed 0.006 seconds) done.
04-02 14:47:13.389 I/printk  ( 5192): Suspending console(s) (use no_console_suspend to debug)
04-02 14:47:13.394 I/[kworke][0x177891af311][09:17:36.920482] qca6490(15033): [15033:I:HDD] hdd_suspend_wlan: WLAN being suspended by OS
04-02 14:47:13.394 I/[kworke][0x177891afa10][09:17:36.920575] qca6490(15033): [15033:I:PMO] pmo_core_is_wow_applicable: lpass enabled, enabling wow
04-02 14:47:13.397 E/        (    0): [    C3] qcom,gpr 3000000.remoteproc-adsp:glink-edge.adsp_apps.-1.-1: gpr_callback: Acquire wakelock in case of module event with timeout 200
04-02 14:47:13.398 I/PM      ( 5192): PM: Pending Wakeup Sources: audio-gpr
04-02 14:47:13.398 E/PM      ( 5192): Some devices failed to suspend, or early wake event detected
04-02 14:47:13.398 I/[kworke][0x177891c21f5][09:17:36.924521] qca6490(15033): [15033:I:HDD] hdd_resume_wlan: WLAN being resumed by OS
04-02 14:47:13.398 I/[kworke][0x177891c24ce][09:17:36.924558] qca6490(15033): [15033:I:HDD] hdd_disable_host_offloads: vdev is not connected
04-02 14:47:13.402 I/        ( 5192): OOM killer enabled.
04-02 14:47:13.402 I/        ( 5192): Restarting tasks ...
04-02 14:47:13.424 E/smcinvoke( 1638): process_accept_req: process_accept_req txn 2 either invalid or removed from Q
04-02 14:47:13.424 E/smcinvoke( 1637): process_accept_req: process_accept_req txn 1 either invalid or removed from Q
04-02 14:47:13.424 E/smcinvoke( 1732): process_accept_req: process_accept_req txn 5 either invalid or removed from Q
04-02 14:47:13.424 E/smcinvoke( 1733): process_accept_req: process_accept_req txn 7 either invalid or removed from Q
04-02 14:47:13.424 E/smcinvoke( 1734): process_accept_req: process_accept_req txn 6 either invalid or removed from Q
04-02 14:47:13.424 E/smcinvoke( 1736): process_accept_req: process_accept_req txn 5 either invalid or removed from Q
04-02 14:47:13.424 E/smcinvoke( 1739): process_accept_req: process_accept_req txn 7 either invalid or removed from Q
04-02 14:47:13.424 E/smcinvoke( 1755): process_accept_req: process_accept_req txn 3 either invalid or removed from Q
04-02 14:47:13.424 E/smcinvoke( 1731): process_accept_req: process_accept_req txn 1 either invalid or removed from Q
04-02 14:47:13.424 E/smcinvoke( 1738): process_accept_req: process_accept_req txn 6 either invalid or removed from Q
04-02 14:47:13.424 E/smcinvoke( 1751): process_accept_req: process_accept_req txn 5 either invalid or removed from Q
04-02 14:47:13.424 E/smcinvoke( 1753): process_accept_req: process_accept_req txn 4 either invalid or removed from Q
04-02 14:47:13.424 E/smcinvoke( 8827): process_accept_req: process_accept_req txn 2 either invalid or removed from Q
04-02 14:47:13.425 W/        ( 5192): done.
04-02 14:47:13.425 I/Abort   ( 5192): Pending Wakeup Sources: audio-gpr
04-02 14:47:13.425 E/ipa_pm_notify( 5192): 498 Entry
04-02 14:47:13.425 E/ipa_pm_notify( 5192): 510 Exit
04-02 14:47:13.425 I/adsp_sleepmon( 5192): PM_POST_SUSPEND
04-02 14:47:13.426 I/PM      ( 5192): suspend exit
04-02 14:47:13.426 I/adsp_sleepmon(  487): timer_event = 0,suspend_event = 1
04-02 14:47:13.436 W/servicemanager(  592): Isolated app with UID 99000 requested 'audio', but the service is not allowed for isolated apps.
04-02 14:47:13.436 W/servicemanager(  592): Isolated app with UID 99000 requested 'audio', but the service is not allowed for isolated apps.
04-02 14:47:13.463 I/adsp_sleepmon(15176): Audio: num_sessions=2,num_lpi_sessions=1,timer_pending=0
04-02 14:47:14.023 I/[kworke][0x17789d33fba][09:17:37.549558] qca6490(26151): [26151:I:PMO] pmo_core_enable_wow_in_fw: drv wow is enabled
04-02 14:47:14.049 I/[kworke][0x17789dad19d][09:17:37.575396] qca6490(26151): [26151:I:HIF] hif_try_complete_tasks: waiting for tasklets 1 grp tasklets 0 work 0
04-02 14:47:14.458 I/adsp_sleepmon( 1900): Audio: num_sessions=1,num_lpi_sessions=1,timer_pending=1
04-02 14:47:14.474 I/adsp_sleepmon( 1900): Audio: num_sessions=0,num_lpi_sessions=0,timer_pending=1
04-02 14:47:14.510 I/PM      ( 5192): suspend entry (s2idle)
04-02 14:47:14.516 I/Filesystems sync( 5192): 0.005 seconds
04-02 14:47:14.516 E/ipa_pm_notify( 5192): 498 Entry
04-02 14:47:14.516 E/ipa_pm_notify( 5192): 510 Exit
04-02 14:47:14.516 I/        ( 5192): Freezing user space processes ...
04-02 14:47:14.518 E/smcinvoke( 1638): process_accept_req: Server id :17 interrupted probaby due to suspend, pid:1638
04-02 14:47:14.518 E/smcinvoke( 1640): process_accept_req: Server id :17 interrupted probaby due to suspend, pid:1640
04-02 14:47:14.518 E/smcinvoke( 1708): process_accept_req: Server id :18 interrupted probaby due to suspend, pid:1708
04-02 14:47:14.518 E/smcinvoke( 1710): process_accept_req: Server id :18 interrupted probaby due to suspend, pid:1710
04-02 14:47:14.519 E/smcinvoke( 1732): process_accept_req: Server id :21 interrupted probaby due to suspend, pid:1732
04-02 14:47:14.519 E/smcinvoke( 1637): process_accept_req: Server id :17 interrupted probaby due to suspend, pid:1637
04-02 14:47:14.519 E/smcinvoke( 1733): process_accept_req: Server id :21 interrupted probaby due to suspend, pid:1733
04-02 14:47:14.519 E/smcinvoke( 1639): process_accept_req: Server id :17 interrupted probaby due to suspend, pid:1639
04-02 14:47:14.519 E/smcinvoke( 1738): process_accept_req: Server id :22 interrupted probaby due to suspend, pid:1738
04-02 14:47:14.519 E/smcinvoke( 1734): process_accept_req: Server id :21 interrupted probaby due to suspend, pid:1734
04-02 14:47:14.519 E/smcinvoke( 1736): process_accept_req: Server id :22 interrupted probaby due to suspend, pid:1736
04-02 14:47:14.519 E/smcinvoke( 1709): process_accept_req: Server id :18 interrupted probaby due to suspend, pid:1709
04-02 14:47:14.519 E/smcinvoke( 1739): process_accept_req: Server id :22 interrupted probaby due to suspend, pid:1739
04-02 14:47:14.519 E/smcinvoke( 1711): process_accept_req: Server id :18 interrupted probaby due to suspend, pid:1711
04-02 14:47:14.519 E/smcinvoke( 1754): process_accept_req: Server id :24 interrupted probaby due to suspend, pid:1754
04-02 14:47:14.519 E/smcinvoke( 1755): process_accept_req: Server id :24 interrupted probaby due to suspend, pid:1755
04-02 14:47:14.519 E/smcinvoke( 1731): process_accept_req: Server id :21 interrupted probaby due to suspend, pid:1731
04-02 14:47:14.519 E/smcinvoke( 1737): process_accept_req: Server id :22 interrupted probaby due to suspend, pid:1737
04-02 14:47:14.519 E/smcinvoke( 1751): process_accept_req: Server id :24 interrupted probaby due to suspend, pid:1751
04-02 14:47:14.519 E/smcinvoke( 1753): process_accept_req: Server id :24 interrupted probaby due to suspend, pid:1753
04-02 14:47:14.519 E/smcinvoke( 8828): process_accept_req: Server id :29 interrupted probaby due to suspend, pid:8828
04-02 14:47:14.519 E/smcinvoke( 8829): process_accept_req: Server id :29 interrupted probaby due to suspend, pid:8829
04-02 14:47:14.519 E/smcinvoke( 8827): process_accept_req: Server id :29 interrupted probaby due to suspend, pid:8827
04-02 14:47:14.520 E/smcinvoke( 8830): process_accept_req: Server id :29 interrupted probaby due to suspend, pid:8830
04-02 14:47:14.540 W/        ( 5192): (elapsed 0.024 seconds) done.
04-02 14:47:14.540 I/        ( 5192): OOM killer disabled.
04-02 14:47:14.540 I/        ( 5192): Freezing remaining freezable tasks ... (elapsed 0.006 seconds) done.
04-02 14:47:14.547 I/printk  ( 5192): Suspending console(s) (use no_console_suspend to debug)
04-02 14:47:14.553 I/PM      ( 5192): PM: Last active Wakeup Source: va_swr_ctrl
04-02 14:47:14.562 I/[kworke][0x1778a70ff04][09:17:38.088001] qca6490(15033): [15033:I:PMO] pmo_core_psoc_send_host_wakeup_ind_to_fw: Host wakeup indication sent to fw
04-02 14:47:14.575 I/[kworke][0x1778a74d2b6][09:17:38.101064] qca6490(15033): [15033:I:HDD] hdd_suspend_wlan: WLAN being suspended by OS
04-02 14:47:14.575 I/[kworke][0x1778a74d7a9][09:17:38.101130] qca6490(15033): [15033:I:PMO] pmo_core_is_wow_applicable: lpass enabled, enabling wow
04-02 14:47:14.575 E/PM      ( 5192): Some devices failed to suspend, or early wake event detected
04-02 14:47:14.575 I/[kworke][0x1778a74efaa][09:17:38.101450] qca6490(15033): [15033:I:HDD] hdd_resume_wlan: WLAN being resumed by OS
04-02 14:47:14.575 I/[kworke][0x1778a74f21a][09:17:38.101482] qca6490(15033): [15033:I:HDD] hdd_disable_host_offloads: vdev is not connected
04-02 14:47:14.579 I/        ( 5192): OOM killer enabled.
04-02 14:47:14.579 I/        ( 5192): Restarting tasks ...
04-02 14:47:14.594 E/smcinvoke( 1637): process_accept_req: process_accept_req txn 1 either invalid or removed from Q
04-02 14:47:14.602 E/smcinvoke( 1731): process_accept_req: process_accept_req txn 1 either invalid or removed from Q
04-02 14:47:14.602 E/smcinvoke( 1738): process_accept_req: process_accept_req txn 6 either invalid or removed from Q
04-02 14:47:14.602 E/smcinvoke( 1751): process_accept_req: process_accept_req txn 5 either invalid or removed from Q
04-02 14:47:14.602 E/smcinvoke( 1753): process_accept_req: process_accept_req txn 4 either invalid or removed from Q
04-02 14:47:14.602 E/smcinvoke( 8827): process_accept_req: process_accept_req txn 2 either invalid or removed from Q
04-02 14:47:14.603 W/        ( 5192): done.
04-02 14:47:14.603 E/smcinvoke( 1638): process_accept_req: process_accept_req txn 2 either invalid or removed from Q
04-02 14:47:14.603 I/Abort   ( 5192): Last active Wakeup Source: va_swr_ctrl
04-02 14:47:14.603 E/smcinvoke( 1732): process_accept_req: process_accept_req txn 5 either invalid or removed from Q
04-02 14:47:14.603 E/ipa_pm_notify( 5192): 498 Entry
04-02 14:47:14.603 E/ipa_pm_notify( 5192): 510 Exit
04-02 14:47:14.603 E/smcinvoke( 1734): process_accept_req: process_accept_req txn 6 either invalid or removed from Q
04-02 14:47:14.603 I/adsp_sleepmon( 5192): PM_POST_SUSPEND
04-02 14:47:14.603 E/smcinvoke( 1733): process_accept_req: process_accept_req txn 7 either invalid or removed from Q
04-02 14:47:14.603 E/smcinvoke( 1739): process_accept_req: process_accept_req txn 7 either invalid or removed from Q
04-02 14:47:14.603 E/smcinvoke( 1736): process_accept_req: process_accept_req txn 5 either invalid or removed from Q
04-02 14:47:14.603 I/PM      ( 5192): suspend exit
04-02 14:47:14.603 I/adsp_sleepmon(  487): timer_event = 0,suspend_event = 1
04-02 14:47:14.603 E/smcinvoke( 1755): process_accept_req: process_accept_req txn 3 either invalid or removed from Q
04-02 14:47:14.666 I/adsp_sleepmon( 1901): Audio: num_sessions=1,num_lpi_sessions=1,timer_pending=1
04-02 14:47:15.011 I/PM      ( 5192): suspend entry (s2idle)
04-02 14:47:15.021 I/Filesystems sync( 5192): 0.010 seconds
04-02 14:47:15.022 E/ipa_pm_notify( 5192): 498 Entry
04-02 14:47:15.022 E/ipa_pm_notify( 5192): 510 Exit
04-02 14:47:15.022 I/        ( 5192): Freezing user space processes ...
04-02 14:47:15.026 E/smcinvoke( 1638): process_accept_req: Server id :17 interrupted probaby due to suspend, pid:1638
04-02 14:47:15.026 E/smcinvoke( 1639): process_accept_req: Server id :17 interrupted probaby due to suspend, pid:1639
04-02 14:47:15.026 E/smcinvoke( 1640): process_accept_req: Server id :17 interrupted probaby due to suspend, pid:1640
04-02 14:47:15.026 E/smcinvoke( 1708): process_accept_req: Server id :18 interrupted probaby due to suspend, pid:1708
04-02 14:47:15.026 E/smcinvoke( 1709): process_accept_req: Server id :18 interrupted probaby due to suspend, pid:1709
04-02 14:47:15.026 E/smcinvoke( 1710): process_accept_req: Server id :18 interrupted probaby due to suspend, pid:1710
04-02 14:47:15.026 E/smcinvoke( 1711): process_accept_req: Server id :18 interrupted probaby due to suspend, pid:1711
04-02 14:47:15.026 E/smcinvoke( 1731): process_accept_req: Server id :21 interrupted probaby due to suspend, pid:1731
04-02 14:47:15.026 E/smcinvoke( 1732): process_accept_req: Server id :21 interrupted probaby due to suspend, pid:1732
04-02 14:47:15.026 E/smcinvoke( 1733): process_accept_req: Server id :21 interrupted probaby due to suspend, pid:1733
04-02 14:47:15.026 E/smcinvoke( 1734): process_accept_req: Server id :21 interrupted probaby due to suspend, pid:1734
04-02 14:47:15.026 E/smcinvoke( 1736): process_accept_req: Server id :22 interrupted probaby due to suspend, pid:1736
04-02 14:47:15.026 E/smcinvoke( 1737): process_accept_req: Server id :22 interrupted probaby due to suspend, pid:1737
04-02 14:47:15.026 E/smcinvoke( 1739): process_accept_req: Server id :22 interrupted probaby due to suspend, pid:1739
04-02 14:47:15.027 E/smcinvoke( 1738): process_accept_req: Server id :22 interrupted probaby due to suspend, pid:1738
04-02 14:47:15.027 E/smcinvoke( 1751): process_accept_req: Server id :24 interrupted probaby due to suspend, pid:1751
